stm32f4xx_it.c:79:6:NMI_Handler	4	static
stm32f4xx_it.c:92:6:HardFault_Handler	4	static
stm32f4xx_it.c:109:6:MemManage_Handler	4	static
stm32f4xx_it.c:124:6:BusFault_Handler	4	static
stm32f4xx_it.c:139:6:UsageFault_Handler	4	static
stm32f4xx_it.c:154:6:SVC_Handler	4	static
stm32f4xx_it.c:167:6:DebugMon_Handler	4	static
stm32f4xx_it.c:180:6:PendSV_Handler	4	static
stm32f4xx_it.c:193:6:SysTick_Handler	8	static
stm32f4xx_it.c:214:6:TIM2_IRQHandler	8	static
stm32f4xx_it.c:228:6:USART2_IRQHandler	8	static
stm32f4xx_it.c:242:6:UART4_IRQHandler	8	static
stm32f4xx_it.c:256:6:UART5_IRQHandler	8	static
stm32f4xx_it.c:270:6:TIM6_DAC_IRQHandler	8	static
stm32f4xx_it.c:284:6:TIM7_IRQHandler	8	static
