Archive member included to satisfy reference by file (symbol)

c:/st/stm32cubeide_1.5.0/stm32cubeide/plugins/com.st.stm32cube.ide.mcu.externaltools.gnu-tools-for-stm32.9-2020-q2-update.win32_1.5.0.202011040924/tools/bin/../lib/gcc/arm-none-eabi/9.3.1/../../../../arm-none-eabi/lib/thumb/v7e-m+fp/hard\libc_nano.a(lib_a-errno.o)
                              Core/Src/retarget.o (__errno)
c:/st/stm32cubeide_1.5.0/stm32cubeide/plugins/com.st.stm32cube.ide.mcu.externaltools.gnu-tools-for-stm32.9-2020-q2-update.win32_1.5.0.202011040924/tools/bin/../lib/gcc/arm-none-eabi/9.3.1/../../../../arm-none-eabi/lib/thumb/v7e-m+fp/hard\libc_nano.a(lib_a-exit.o)
                              c:/st/stm32cubeide_1.5.0/stm32cubeide/plugins/com.st.stm32cube.ide.mcu.externaltools.gnu-tools-for-stm32.9-2020-q2-update.win32_1.5.0.202011040924/tools/bin/../lib/gcc/arm-none-eabi/9.3.1/../../../../arm-none-eabi/lib/thumb/v7e-m+fp/hard/crt0.o (exit)
c:/st/stm32cubeide_1.5.0/stm32cubeide/plugins/com.st.stm32cube.ide.mcu.externaltools.gnu-tools-for-stm32.9-2020-q2-update.win32_1.5.0.202011040924/tools/bin/../lib/gcc/arm-none-eabi/9.3.1/../../../../arm-none-eabi/lib/thumb/v7e-m+fp/hard\libc_nano.a(lib_a-impure.o)
                              c:/st/stm32cubeide_1.5.0/stm32cubeide/plugins/com.st.stm32cube.ide.mcu.externaltools.gnu-tools-for-stm32.9-2020-q2-update.win32_1.5.0.202011040924/tools/bin/../lib/gcc/arm-none-eabi/9.3.1/../../../../arm-none-eabi/lib/thumb/v7e-m+fp/hard\libc_nano.a(lib_a-exit.o) (_global_impure_ptr)
c:/st/stm32cubeide_1.5.0/stm32cubeide/plugins/com.st.stm32cube.ide.mcu.externaltools.gnu-tools-for-stm32.9-2020-q2-update.win32_1.5.0.202011040924/tools/bin/../lib/gcc/arm-none-eabi/9.3.1/../../../../arm-none-eabi/lib/thumb/v7e-m+fp/hard\libc_nano.a(lib_a-init.o)
                              c:/st/stm32cubeide_1.5.0/stm32cubeide/plugins/com.st.stm32cube.ide.mcu.externaltools.gnu-tools-for-stm32.9-2020-q2-update.win32_1.5.0.202011040924/tools/bin/../lib/gcc/arm-none-eabi/9.3.1/../../../../arm-none-eabi/lib/thumb/v7e-m+fp/hard/crt0.o (__libc_init_array)
c:/st/stm32cubeide_1.5.0/stm32cubeide/plugins/com.st.stm32cube.ide.mcu.externaltools.gnu-tools-for-stm32.9-2020-q2-update.win32_1.5.0.202011040924/tools/bin/../lib/gcc/arm-none-eabi/9.3.1/../../../../arm-none-eabi/lib/thumb/v7e-m+fp/hard\libc_nano.a(lib_a-memcpy-stub.o)
                              Drivers/VL53L0X_API/core/src/vl53l0x_api_calibration.o (memcpy)
c:/st/stm32cubeide_1.5.0/stm32cubeide/plugins/com.st.stm32cube.ide.mcu.externaltools.gnu-tools-for-stm32.9-2020-q2-update.win32_1.5.0.202011040924/tools/bin/../lib/gcc/arm-none-eabi/9.3.1/../../../../arm-none-eabi/lib/thumb/v7e-m+fp/hard\libc_nano.a(lib_a-memset.o)
                              c:/st/stm32cubeide_1.5.0/stm32cubeide/plugins/com.st.stm32cube.ide.mcu.externaltools.gnu-tools-for-stm32.9-2020-q2-update.win32_1.5.0.202011040924/tools/bin/../lib/gcc/arm-none-eabi/9.3.1/../../../../arm-none-eabi/lib/thumb/v7e-m+fp/hard/crt0.o (memset)
c:/st/stm32cubeide_1.5.0/stm32cubeide/plugins/com.st.stm32cube.ide.mcu.externaltools.gnu-tools-for-stm32.9-2020-q2-update.win32_1.5.0.202011040924/tools/bin/../lib/gcc/arm-none-eabi/9.3.1/../../../../arm-none-eabi/lib/thumb/v7e-m+fp/hard\libc_nano.a(lib_a-nano-vfprintf_float.o)
                              (_printf_float)
c:/st/stm32cubeide_1.5.0/stm32cubeide/plugins/com.st.stm32cube.ide.mcu.externaltools.gnu-tools-for-stm32.9-2020-q2-update.win32_1.5.0.202011040924/tools/bin/../lib/gcc/arm-none-eabi/9.3.1/../../../../arm-none-eabi/lib/thumb/v7e-m+fp/hard\libc_nano.a(lib_a-nano-vfprintf_i.o)
                              c:/st/stm32cubeide_1.5.0/stm32cubeide/plugins/com.st.stm32cube.ide.mcu.externaltools.gnu-tools-for-stm32.9-2020-q2-update.win32_1.5.0.202011040924/tools/bin/../lib/gcc/arm-none-eabi/9.3.1/../../../../arm-none-eabi/lib/thumb/v7e-m+fp/hard\libc_nano.a(lib_a-nano-vfprintf_float.o) (_printf_common)
c:/st/stm32cubeide_1.5.0/stm32cubeide/plugins/com.st.stm32cube.ide.mcu.externaltools.gnu-tools-for-stm32.9-2020-q2-update.win32_1.5.0.202011040924/tools/bin/../lib/gcc/arm-none-eabi/9.3.1/../../../../arm-none-eabi/lib/thumb/v7e-m+fp/hard\libc_nano.a(lib_a-printf.o)
                              Core/Src/lib_vl53l0x.o (printf)
c:/st/stm32cubeide_1.5.0/stm32cubeide/plugins/com.st.stm32cube.ide.mcu.externaltools.gnu-tools-for-stm32.9-2020-q2-update.win32_1.5.0.202011040924/tools/bin/../lib/gcc/arm-none-eabi/9.3.1/../../../../arm-none-eabi/lib/thumb/v7e-m+fp/hard\libc_nano.a(lib_a-puts.o)
                              Core/Src/main.o (puts)
c:/st/stm32cubeide_1.5.0/stm32cubeide/plugins/com.st.stm32cube.ide.mcu.externaltools.gnu-tools-for-stm32.9-2020-q2-update.win32_1.5.0.202011040924/tools/bin/../lib/gcc/arm-none-eabi/9.3.1/../../../../arm-none-eabi/lib/thumb/v7e-m+fp/hard\libc_nano.a(lib_a-setvbuf.o)
                              Core/Src/retarget.o (setvbuf)
[...]
Memory Configuration

Name             Origin             Length             Attributes
CCMRAM           0x0000000010000000 0x0000000000001000 xrw
RAM              0x0000000020000000 0x0000000000003000 xrw
FLASH            0x0000000008000000 0x0000000000010000 xr
*default*        0x0000000000000000 0xffffffffffffffff

Linker script and memory map

LOAD c:/st/stm32cubeide_1.5.0/stm32cubeide/plugins/com.st.stm32cube.ide.mcu.externaltools.gnu-tools-for-stm32.9-2020-q2-update.win32_1.5.0.202011040924/tools/bin/../lib/gcc/arm-none-eabi/9.3.1/thumb/v7e-m+fp/hard/crti.o
LOAD c:/st/stm32cubeide_1.5.0/stm32cubeide/plugins/com.st.stm32cube.ide.mcu.externaltools.gnu-tools-for-stm32.9-2020-q2-update.win32_1.5.0.202011040924/tools/bin/../lib/gcc/arm-none-eabi/9.3.1/thumb/v7e-m+fp/hard/crtbegin.o
LOAD c:/st/stm32cubeide_1.5.0/stm32cubeide/plugins/com.st.stm32cube.ide.mcu.externaltools.gnu-tools-for-stm32.9-2020-q2-update.win32_1.5.0.202011040924/tools/bin/../lib/gcc/arm-none-eabi/9.3.1/../../../../arm-none-eabi/lib/thumb/v7e-m+fp/hard/crt0.o
LOAD Core/Src/gpio.o
LOAD Core/Src/i2c.o
LOAD Core/Src/lib_vl53l0x.o
LOAD Core/Src/main.o
LOAD Core/Src/retarget.o
LOAD Core/Src/stm32f3xx_hal_msp.o
LOAD Core/Src/stm32f3xx_it.o
LOAD Core/Src/sysmem.o
LOAD Core/Src/system_stm32f3xx.o
LOAD Core/Src/usart.o
LOAD Core/Startup/startup_stm32f303k8tx.o
LOAD Drivers/AX-12/servoAX12.o
LOAD Drivers/STM32F3xx_HAL_Driver/Src/stm32f3xx_hal.o
LOAD Drivers/STM32F3xx_HAL_Driver/Src/stm32f3xx_hal_cortex.o
LOAD Drivers/STM32F3xx_HAL_Driver/Src/stm32f3xx_hal_dma.o
LOAD Drivers/STM32F3xx_HAL_Driver/Src/stm32f3xx_hal_exti.o
LOAD Drivers/STM32F3xx_HAL_Driver/Src/stm32f3xx_hal_flash.o
LOAD Drivers/STM32F3xx_HAL_Driver/Src/stm32f3xx_hal_flash_ex.o
LOAD Drivers/STM32F3xx_HAL_Driver/Src/stm32f3xx_hal_gpio.o
LOAD Drivers/STM32F3xx_HAL_Driver/Src/stm32f3xx_hal_i2c.o
LOAD Drivers/STM32F3xx_HAL_Driver/Src/stm32f3xx_hal_i2c_ex.o
LOAD Drivers/STM32F3xx_HAL_Driver/Src/stm32f3xx_hal_pwr.o
LOAD Drivers/STM32F3xx_HAL_Driver/Src/stm32f3xx_hal_pwr_ex.o
LOAD Drivers/STM32F3xx_HAL_Driver/Src/stm32f3xx_hal_rcc.o
LOAD Drivers/STM32F3xx_HAL_Driver/Src/stm32f3xx_hal_rcc_ex.o
LOAD Drivers/STM32F3xx_HAL_Driver/Src/stm32f3xx_hal_tim.o
LOAD Drivers/STM32F3xx_HAL_Driver/Src/stm32f3xx_hal_tim_ex.o
LOAD Drivers/STM32F3xx_HAL_Driver/Src/stm32f3xx_hal_uart.o
LOAD Drivers/STM32F3xx_HAL_Driver/Src/stm32f3xx_hal_uart_ex.o
LOAD Drivers/VL53L0X_API/core/src/vl53l0x_api.o
LOAD Drivers/VL53L0X_API/core/src/vl53l0x_api_calibration.o
LOAD Drivers/VL53L0X_API/core/src/vl53l0x_api_core.o
LOAD Drivers/VL53L0X_API/core/src/vl53l0x_api_ranging.o
LOAD Drivers/VL53L0X_API/core/src/vl53l0x_api_strings.o
LOAD Drivers/VL53L0X_API/platform/src/vl53l0x_platform.o
START GROUP
LOAD c:/st/stm32cubeide_1.5.0/stm32cubeide/plugins/com.st.stm32cube.ide.mcu.externaltools.gnu-tools-for-stm32.9-2020-q2-update.win32_1.5.0.202011040924/tools/bin/../lib/gcc/arm-none-eabi/9.3.1/../../../../arm-none-eabi/lib/thumb/v7e-m+fp/hard\libc_nano.a
LOAD c:/st/stm32cubeide_1.5.0/stm32cubeide/plugins/com.st.stm32cube.ide.mcu.externaltools.gnu-tools-for-stm32.9-2020-q2-update.win32_1.5.0.202011040924/tools/bin/../lib/gcc/arm-none-eabi/9.3.1/../../../../arm-none-eabi/lib/thumb/v7e-m+fp/hard\libm.a
END GROUP
START GROUP
LOAD c:/st/stm32cubeide_1.5.0/stm32cubeide/plugins/com.st.stm32cube.ide.mcu.externaltools.gnu-tools-for-stm32.9-2020-q2-update.win32_1.5.0.202011040924/tools/bin/../lib/gcc/arm-none-eabi/9.3.1/thumb/v7e-m+fp/hard\libgcc.a
LOAD c:/st/stm32cubeide_1.5.0/stm32cubeide/plugins/com.st.stm32cube.ide.mcu.externaltools.gnu-tools-for-stm32.9-2020-q2-update.win32_1.5.0.202011040924/tools/bin/../lib/gcc/arm-none-eabi/9.3.1/../../../../arm-none-eabi/lib/thumb/v7e-m+fp/hard\libc_nano.a
END GROUP
START GROUP
LOAD c:/st/stm32cubeide_1.5.0/stm32cubeide/plugins/com.st.stm32cube.ide.mcu.externaltools.gnu-tools-for-stm32.9-2020-q2-update.win32_1.5.0.202011040924/tools/bin/../lib/gcc/arm-none-eabi/9.3.1/thumb/v7e-m+fp/hard\libgcc.a
LOAD c:/st/stm32cubeide_1.5.0/stm32cubeide/plugins/com.st.stm32cube.ide.mcu.externaltools.gnu-tools-for-stm32.9-2020-q2-update.win32_1.5.0.202011040924/tools/bin/../lib/gcc/arm-none-eabi/9.3.1/../../../../arm-none-eabi/lib/thumb/v7e-m+fp/hard\libc_nano.a
LOAD c:/st/stm32cubeide_1.5.0/stm32cubeide/plugins/com.st.stm32cube.ide.mcu.externaltools.gnu-tools-for-stm32.9-2020-q2-update.win32_1.5.0.202011040924/tools/bin/../lib/gcc/arm-none-eabi/9.3.1/../../../../arm-none-eabi/lib/thumb/v7e-m+fp/hard\libnosys.a
END GROUP
START GROUP
LOAD c:/st/stm32cubeide_1.5.0/stm32cubeide/plugins/com.st.stm32cube.ide.mcu.externaltools.gnu-tools-for-stm32.9-2020-q2-update.win32_1.5.0.202011040924/tools/bin/../lib/gcc/arm-none-eabi/9.3.1/thumb/v7e-m+fp/hard\libgcc.a
LOAD c:/st/stm32cubeide_1.5.0/stm32cubeide/plugins/com.st.stm32cube.ide.mcu.externaltools.gnu-tools-for-stm32.9-2020-q2-update.win32_1.5.0.202011040924/tools/bin/../lib/gcc/arm-none-eabi/9.3.1/../../../../arm-none-eabi/lib/thumb/v7e-m+fp/hard\libc_nano.a
LOAD c:/st/stm32cubeide_1.5.0/stm32cubeide/plugins/com.st.stm32cube.ide.mcu.externaltools.gnu-tools-for-stm32.9-2020-q2-update.win32_1.5.0.202011040924/tools/bin/../lib/gcc/arm-none-eabi/9.3.1/../../../../arm-none-eabi/lib/thumb/v7e-m+fp/hard\libnosys.a
END GROUP
LOAD c:/st/stm32cubeide_1.5.0/stm32cubeide/plugins/com.st.stm32cube.ide.mcu.externaltools.gnu-tools-for-stm32.9-2020-q2-update.win32_1.5.0.202011040924/tools/bin/../lib/gcc/arm-none-eabi/9.3.1/thumb/v7e-m+fp/hard/crtend.o
LOAD c:/st/stm32cubeide_1.5.0/stm32cubeide/plugins/com.st.stm32cube.ide.mcu.externaltools.gnu-tools-for-stm32.9-2020-q2-update.win32_1.5.0.202011040924/tools/bin/../lib/gcc/arm-none-eabi/9.3.1/thumb/v7e-m+fp/hard/crtn.o
                0x0000000020003000                _estack = (ORIGIN (RAM) + LENGTH (RAM))
                0x0000000000000200                _Min_Heap_Size = 0x200
                0x0000000000000400                _Min_Stack_Size = 0x400

.isr_vector     0x0000000008000000      0x188
                0x0000000008000000                . = ALIGN (0x4)
 *(.isr_vector)
 .isr_vector    0x0000000008000000      0x188 Core/Startup/startup_stm32f303k8tx.o
                0x0000000008000000                g_pfnVectors
                0x0000000008000188                . = ALIGN (0x4)

.text           0x0000000008000190     0xc7cc
                0x0000000008000190                . = ALIGN (0x4)
 *(.text)
 .text          0x0000000008000190       0x40 c:/st/stm32cubeide_1.5.0/stm32cubeide/plugins/com.st.stm32cube.ide.mcu.externaltools.gnu-tools-for-stm32.9-2020-q2-update.win32_1.5.0.202011040924/tools/bin/../lib/gcc/arm-none-eabi/9.3.1/thumb/v7e-m+fp/hard/crtbegin.o
 .text          0x00000000080001d0       0x10 c:/st/stm32cubeide_1.5.0/stm32cubeide/plugins/com.st.stm32cube.ide.mcu.externaltools.gnu-tools-for-stm32.9-2020-q2-update.win32_1.5.0.202011040924/tools/bin/../lib/gcc/arm-none-eabi/9.3.1/../../../../arm-none-eabi/lib/thumb/v7e-m+fp/hard\libc_nano.a(lib_a-strlen.o)
                0x00000000080001d0                strlen
 .text          0x00000000080001e0       0xa0 c:/st/stm32cubeide_1.5.0/stm32cubeide/plugins/com.st.stm32cube.ide.mcu.externaltools.gnu-tools-for-stm32.9-2020-q2-update.win32_1.5.0.202011040924/tools/bin/../lib/gcc/arm-none-eabi/9.3.1/../../../../arm-none-eabi/lib/thumb/v7e-m+fp/hard\libc_nano.a(lib_a-memchr.o)
                0x00000000080001e0                memchr
 .text          0x0000000008000280      0x378 c:/st/stm32cubeide_1.5.0/stm32cubeide/plugins/com.st.stm32cube.ide.mcu.externaltools.gnu-tools-for-stm32.9-2020-q2-update.win32_1.5.0.202011040924/tools/bin/../lib/gcc/arm-none-eabi/9.3.1/thumb/v7e-m+fp/hard\libgcc.a(_arm_addsubdf3.o)
                0x0000000008000280                __aeabi_drsub
                0x0000000008000288                __aeabi_dsub
                0x0000000008000288                __subdf3
                0x000000000800028c                __aeabi_dadd
                0x000000000800028c                __adddf3
                0x0000000008000504                __floatunsidf
                0x0000000008000504                __aeabi_ui2d
                0x0000000008000524                __floatsidf
                0x0000000008000524                __aeabi_i2d
                0x0000000008000548                __aeabi_f2d
                0x0000000008000548                __extendsfdf2
                0x000000000800058c                __floatundidf
                0x000000000800058c                __aeabi_ul2d
                0x000000000800059c                __floatdidf
                0x000000000800059c                __aeabi_l2d
 .text          0x00000000080005f8      0x424 c:/st/stm32cubeide_1.5.0/stm32cubeide/plugins/com.st.stm32cube.ide.mcu.externaltools.gnu-tools-for-stm32.9-2020-q2-update.win32_1.5.0.202011040924/tools/bin/../lib/gcc/arm-none-eabi/9.3.1/thumb/v7e-m+fp/hard\libgcc.a(_arm_muldivdf3.o)
                0x00000000080005f8                __aeabi_dmul
                0x00000000080005f8                __muldf3
                0x000000000800084c                __divdf3
                0x000000000800084c                __aeabi_ddiv
 .text          0x0000000008000a1c      0x110 c:/st/stm32cubeide_1.5.0/stm32cubeide/plugins/com.st.stm32cube.ide.mcu.externaltools.gnu-tools-for-stm32.9-2020-q2-update.win32_1.5.0.202011040924/tools/bin/../lib/gcc/arm-none-eabi/9.3.1/thumb/v7e-m+fp/hard\libgcc.a(_arm_cmpdf2.o)
                0x0000000008000a1c                __gtdf2
                0x0000000008000a1c                __gedf2
                0x0000000008000a24                __ltdf2
                0x0000000008000a24                __ledf2
                0x0000000008000a2c                __nedf2
                0x0000000008000a2c                __eqdf2
                0x0000000008000a2c                __cmpdf2
                0x0000000008000aa8                __aeabi_cdrcmple
                0x0000000008000ab8                __aeabi_cdcmpeq
                0x0000000008000ab8                __aeabi_cdcmple
                0x0000000008000ac8                __aeabi_dcmpeq
                0x0000000008000adc                __aeabi_dcmplt
                0x0000000008000af0                __aeabi_dcmple
                0x0000000008000b04                __aeabi_dcmpge
                0x0000000008000b18                __aeabi_dcmpgt
 .text          0x0000000008000b2c       0x2c c:/st/stm32cubeide_1.5.0/stm32cubeide/plugins/com.st.stm32cube.ide.mcu.externaltools.gnu-tools-for-stm32.9-2020-q2-update.win32_1.5.0.202011040924/tools/bin/../lib/gcc/arm-none-eabi/9.3.1/thumb/v7e-m+fp/hard\libgcc.a(_arm_unorddf2.o)
                0x0000000008000b2c                __unorddf2
                0x0000000008000b2c                __aeabi_dcmpun
 .text          0x0000000008000b58       0x50 c:/st/stm32cubeide_1.5.0/stm32cubeide/plugins/com.st.stm32cube.ide.mcu.externaltools.gnu-tools-for-stm32.9-2020-q2-update.win32_1.5.0.202011040924/tools/bin/../lib/gcc/arm-none-eabi/9.3.1/thumb/v7e-m+fp/hard\libgcc.a(_arm_fixdfsi.o)
                0x0000000008000b58                __aeabi_d2iz
                0x0000000008000b58                __fixdfsi
 .text          0x0000000008000ba8       0x40 c:/st/stm32cubeide_1.5.0/stm32cubeide/plugins/com.st.stm32cube.ide.mcu.externaltools.gnu-tools-for-stm32.9-2020-q2-update.win32_1.5.0.202011040924/tools/bin/../lib/gcc/arm-none-eabi/9.3.1/thumb/v7e-m+fp/hard\libgcc.a(_arm_fixunsdfsi.o)
                0x0000000008000ba8                __aeabi_d2uiz
                0x0000000008000ba8                __fixunsdfsi
 *(.text*)
 .text.MX_GPIO_Init
                0x0000000008000be8       0xec Core/Src/gpio.o
                0x0000000008000be8                MX_GPIO_Init
 .text.MX_I2C1_Init
                0x0000000008000cd4       0x7c Core/Src/i2c.o
                0x0000000008000cd4                MX_I2C1_Init
 .text.HAL_I2C_MspInit
                0x0000000008000d50       0x88 Core/Src/i2c.o
                0x0000000008000d50                HAL_I2C_MspInit
 .text.vl_xshut_init
                0x0000000008000dd8       0x40 Core/Src/lib_vl53l0x.o
                0x0000000008000dd8                vl_xshut_init
 .text.vl_sensors_init
                0x0000000008000e18       0xbe Core/Src/lib_vl53l0x.o
                0x0000000008000e18                vl_sensors_init
 .text.vl_clear_it_mask
                0x0000000008000ed6       0x1a Core/Src/lib_vl53l0x.o
                0x0000000008000ed6                vl_clear_it_mask
 .text.vl_perform_ranging
                0x0000000008000ef0       0x1a Core/Src/lib_vl53l0x.o
                0x0000000008000ef0                vl_perform_ranging
 .text.vl_perform_ranging_it
                0x0000000008000f0a       0x1a Core/Src/lib_vl53l0x.o
                0x0000000008000f0a                vl_perform_ranging_it
 .text.vl53l0x_Init
                0x0000000008000f24       0x5e Core/Src/lib_vl53l0x.o
                0x0000000008000f24                vl53l0x_Init
 *fill*         0x0000000008000f82        0x2 
 .text.vl53l0x_PerformMeasurement
                0x0000000008000f84       0x44 Core/Src/lib_vl53l0x.o
                0x0000000008000f84                vl53l0x_PerformMeasurement
 .text.vl53l0x_PerformRangingMeasurement
                0x0000000008000fc8       0x1e Core/Src/lib_vl53l0x.o
                0x0000000008000fc8                vl53l0x_PerformRangingMeasurement
 .text.vl53l0x_SetDeviceAddress
                0x0000000008000fe6       0x28 Core/Src/lib_vl53l0x.o
                0x0000000008000fe6                vl53l0x_SetDeviceAddress
 .text.vl53l0x_PerformRangingMeasurement_IT
                0x000000000800100e       0x36 Core/Src/lib_vl53l0x.o
                0x000000000800100e                vl53l0x_PerformRangingMeasurement_IT
 .text.vl53l0x_Device_Initialization
                0x0000000008001044       0x5c Core/Src/lib_vl53l0x.o
                0x0000000008001044                vl53l0x_Device_Initialization
 .text.vl53l0x_Calibration_Data_Load
                0x00000000080010a0       0x32 Core/Src/lib_vl53l0x.o
                0x00000000080010a0                vl53l0x_Calibration_Data_Load
 .text.vl53l0x_System_Settings
                0x00000000080010d2       0x20 Core/Src/lib_vl53l0x.o
                0x00000000080010d2                vl53l0x_System_Settings
 .text.vl53l0x_Range_Profiles
                0x00000000080010f2       0x7c Core/Src/lib_vl53l0x.o
                0x00000000080010f2                vl53l0x_Range_Profiles
 *fill*         0x000000000800116e        0x2 
 .text.main     0x0000000008001170       0xbc Core/Src/main.o
                0x0000000008001170                main
 .text.SystemClock_Config
                0x000000000800122c       0xa8 Core/Src/main.o
                0x000000000800122c                SystemClock_Config
 .text.LIDAR_Main
                0x00000000080012d4      0x10c Core/Src/main.o
                0x00000000080012d4                LIDAR_Main
 .text.LIDAR_SendDatas
                0x00000000080013e0       0x40 Core/Src/main.o
                0x00000000080013e0                LIDAR_SendDatas
 .text.Error_Handler
                0x0000000008001420        0xa Core/Src/main.o
                0x0000000008001420                Error_Handler
 *fill*         0x000000000800142a        0x2 
 .text.RetargetInit
                0x000000000800142c       0x30 Core/Src/retarget.o
                0x000000000800142c                RetargetInit
 .text._isatty  0x000000000800145c       0x2c Core/Src/retarget.o
                0x000000000800145c                _isatty
 .text._write   0x0000000008001488       0x58 Core/Src/retarget.o
                0x0000000008001488                _write
 .text._close   0x00000000080014e0       0x2e Core/Src/retarget.o
                0x00000000080014e0                _close
 .text._lseek   0x000000000800150e       0x22 Core/Src/retarget.o
                0x000000000800150e                _lseek
 .text._read    0x0000000008001530       0x50 Core/Src/retarget.o
                0x0000000008001530                _read
 .text._fstat   0x0000000008001580       0x36 Core/Src/retarget.o
                0x0000000008001580                _fstat
 *fill*         0x00000000080015b6        0x2 
 .text.HAL_MspInit
                0x00000000080015b8       0x48 Core/Src/stm32f3xx_hal_msp.o
                0x00000000080015b8                HAL_MspInit
 .text.NMI_Handler
                0x0000000008001600        0x6 Core/Src/stm32f3xx_it.o
                0x0000000008001600                NMI_Handler
 .text.HardFault_Handler
                0x0000000008001606        0x6 Core/Src/stm32f3xx_it.o
                0x0000000008001606                HardFault_Handler
 .text.MemManage_Handler
                0x000000000800160c        0x6 Core/Src/stm32f3xx_it.o
                0x000000000800160c                MemManage_Handler
 .text.BusFault_Handler
                0x0000000008001612        0x6 Core/Src/stm32f3xx_it.o
                0x0000000008001612                BusFault_Handler
 .text.UsageFault_Handler
                0x0000000008001618        0x6 Core/Src/stm32f3xx_it.o
                0x0000000008001618                UsageFault_Handler
 .text.SVC_Handler
                0x000000000800161e        0xe Core/Src/stm32f3xx_it.o
                0x000000000800161e                SVC_Handler
 .text.DebugMon_Handler
                0x000000000800162c        0xe Core/Src/stm32f3xx_it.o
                0x000000000800162c                DebugMon_Handler
 .text.PendSV_Handler
                0x000000000800163a        0xe Core/Src/stm32f3xx_it.o
                0x000000000800163a                PendSV_Handler
 .text.SysTick_Handler
                0x0000000008001648        0xc Core/Src/stm32f3xx_it.o
                0x0000000008001648                SysTick_Handler
 .text.EXTI3_IRQHandler
                0x0000000008001654       0x2c Core/Src/stm32f3xx_it.o
                0x0000000008001654                EXTI3_IRQHandler
 .text.EXTI15_10_IRQHandler
                0x0000000008001680       0x2c Core/Src/stm32f3xx_it.o
                0x0000000008001680                EXTI15_10_IRQHandler
 .text._sbrk    0x00000000080016ac       0x6c Core/Src/sysmem.o
                0x00000000080016ac                _sbrk
 .text.SystemInit
                0x0000000008001718       0x24 Core/Src/system_stm32f3xx.o
                0x0000000008001718                SystemInit
 .text.MX_USART1_UART_Init
                0x000000000800173c       0x60 Core/Src/usart.o
                0x000000000800173c                MX_USART1_UART_Init
 .text.MX_USART2_UART_Init
                0x000000000800179c       0x60 Core/Src/usart.o
                0x000000000800179c                MX_USART2_UART_Init
 .text.HAL_UART_MspInit
                0x00000000080017fc      0x10c Core/Src/usart.o
                0x00000000080017fc                HAL_UART_MspInit
 .text.Reset_Handler
                0x0000000008001908       0x50 Core/Startup/startup_stm32f303k8tx.o
                0x0000000008001908                Reset_Handler
 .text.Default_Handler
                0x0000000008001958        0x2 Core/Startup/startup_stm32f303k8tx.o
                0x0000000008001958                RTC_Alarm_IRQHandler
                0x0000000008001958                TIM1_CC_IRQHandler
                0x0000000008001958                PVD_IRQHandler
                0x0000000008001958                TAMP_STAMP_IRQHandler
                0x0000000008001958                EXTI0_IRQHandler
                0x0000000008001958                FPU_IRQHandler
                0x0000000008001958                CAN_TX_IRQHandler
                0x0000000008001958                TIM1_UP_TIM16_IRQHandler
                0x0000000008001958                ADC1_2_IRQHandler
                0x0000000008001958                SPI1_IRQHandler
                0x0000000008001958                CAN_SCE_IRQHandler
                0x0000000008001958                DMA1_Channel4_IRQHandler
                0x0000000008001958                USART3_IRQHandler
                0x0000000008001958                DMA1_Channel7_IRQHandler
                0x0000000008001958                TIM7_DAC2_IRQHandler
                0x0000000008001958                CAN_RX1_IRQHandler
                0x0000000008001958                I2C1_EV_IRQHandler
                0x0000000008001958                DMA1_Channel6_IRQHandler
                0x0000000008001958                TIM3_IRQHandler
                0x0000000008001958                RCC_IRQHandler
                0x0000000008001958                DMA1_Channel1_IRQHandler
                0x0000000008001958                Default_Handler
                0x0000000008001958                COMP2_IRQHandler
                0x0000000008001958                TIM6_DAC1_IRQHandler
                0x0000000008001958                EXTI9_5_IRQHandler
                0x0000000008001958                RTC_WKUP_IRQHandler
                0x0000000008001958                DMA1_Channel5_IRQHandler
                0x0000000008001958                EXTI4_IRQHandler
                0x0000000008001958                TIM1_TRG_COM_TIM17_IRQHandler
                0x0000000008001958                DMA1_Channel3_IRQHandler
                0x0000000008001958                WWDG_IRQHandler
                0x0000000008001958                TIM2_IRQHandler
                0x0000000008001958                EXTI1_IRQHandler
                0x0000000008001958                COMP4_6_IRQHandler
                0x0000000008001958                USART2_IRQHandler
                0x0000000008001958                DMA1_Channel2_IRQHandler
                0x0000000008001958                FLASH_IRQHandler
                0x0000000008001958                USART1_IRQHandler
                0x0000000008001958                CAN_RX0_IRQHandler
                0x0000000008001958                I2C1_ER_IRQHandler
                0x0000000008001958                EXTI2_TSC_IRQHandler
                0x0000000008001958                TIM1_BRK_TIM15_IRQHandler
 .text.AX12_Init
                0x000000000800195a       0x34 Drivers/AX-12/servoAX12.o
                0x000000000800195a                AX12_Init
 *fill*         0x000000000800198e        0x2 
 .text.AX12_setRangeAngle
                0x0000000008001990       0x78 Drivers/AX-12/servoAX12.o
                0x0000000008001990                AX12_setRangeAngle
 .text.AX12_setMaxTorque
                0x0000000008001a08       0x58 Drivers/AX-12/servoAX12.o
                0x0000000008001a08                AX12_setMaxTorque
 .text.AX12_TorqueE_D
                0x0000000008001a60       0x20 Drivers/AX-12/servoAX12.o
                0x0000000008001a60                AX12_TorqueE_D
 .text.AX12_setPosition
                0x0000000008001a80       0x58 Drivers/AX-12/servoAX12.o
                0x0000000008001a80                AX12_setPosition
 .text.AX12_setMovingSpeed
                0x0000000008001ad8       0x58 Drivers/AX-12/servoAX12.o
                0x0000000008001ad8                AX12_setMovingSpeed
 .text.AX12_sendData
                0x0000000008001b30      0x1b0 Drivers/AX-12/servoAX12.o
                0x0000000008001b30                AX12_sendData
 .text.AX12_calculChecksum
                0x0000000008001ce0       0x64 Drivers/AX-12/servoAX12.o
                0x0000000008001ce0                AX12_calculChecksum
 .text.AX12_sendTram1Byte
                0x0000000008001d44       0x2c Drivers/AX-12/servoAX12.o
                0x0000000008001d44                AX12_sendTram1Byte
 .text.AX12_sendTram2Byte
                0x0000000008001d70       0x3c Drivers/AX-12/servoAX12.o
                0x0000000008001d70                AX12_sendTram2Byte
 .text.HAL_Init
                0x0000000008001dac       0x2c Drivers/STM32F3xx_HAL_Driver/Src/stm32f3xx_hal.o
                0x0000000008001dac                HAL_Init
 .text.HAL_InitTick
                0x0000000008001dd8       0x60 Drivers/STM32F3xx_HAL_Driver/Src/stm32f3xx_hal.o
                0x0000000008001dd8                HAL_InitTick
 .text.HAL_IncTick
                0x0000000008001e38       0x28 Drivers/STM32F3xx_HAL_Driver/Src/stm32f3xx_hal.o
                0x0000000008001e38                HAL_IncTick
 .text.HAL_GetTick
                0x0000000008001e60       0x18 Drivers/STM32F3xx_HAL_Driver/Src/stm32f3xx_hal.o
                0x0000000008001e60                HAL_GetTick
 .text.HAL_Delay
                0x0000000008001e78       0x48 Drivers/STM32F3xx_HAL_Driver/Src/stm32f3xx_hal.o
                0x0000000008001e78                HAL_Delay
 .text.__NVIC_SetPriorityGrouping
                0x0000000008001ec0       0x48 Drivers/STM32F3xx_HAL_Driver/Src/stm32f3xx_hal_cortex.o
 .text.__NVIC_GetPriorityGrouping
                0x0000000008001f08       0x1c Drivers/STM32F3xx_HAL_Driver/Src/stm32f3xx_hal_cortex.o
 .text.__NVIC_EnableIRQ
                0x0000000008001f24       0x3c Drivers/STM32F3xx_HAL_Driver/Src/stm32f3xx_hal_cortex.o
 .text.__NVIC_SetPriority
                0x0000000008001f60       0x54 Drivers/STM32F3xx_HAL_Driver/Src/stm32f3xx_hal_cortex.o
 .text.NVIC_EncodePriority
                0x0000000008001fb4       0x66 Drivers/STM32F3xx_HAL_Driver/Src/stm32f3xx_hal_cortex.o
 *fill*         0x000000000800201a        0x2 
 .text.SysTick_Config
                0x000000000800201c       0x44 Drivers/STM32F3xx_HAL_Driver/Src/stm32f3xx_hal_cortex.o
 .text.HAL_NVIC_SetPriorityGrouping
                0x0000000008002060       0x16 Drivers/STM32F3xx_HAL_Driver/Src/stm32f3xx_hal_cortex.o
                0x0000000008002060                HAL_NVIC_SetPriorityGrouping
 .text.HAL_NVIC_SetPriority
                0x0000000008002076       0x38 Drivers/STM32F3xx_HAL_Driver/Src/stm32f3xx_hal_cortex.o
                0x0000000008002076                HAL_NVIC_SetPriority
 .text.HAL_NVIC_EnableIRQ
                0x00000000080020ae       0x1c Drivers/STM32F3xx_HAL_Driver/Src/stm32f3xx_hal_cortex.o
                0x00000000080020ae                HAL_NVIC_EnableIRQ
 .text.HAL_SYSTICK_Config
                0x00000000080020ca       0x18 Drivers/STM32F3xx_HAL_Driver/Src/stm32f3xx_hal_cortex.o
                0x00000000080020ca                HAL_SYSTICK_Config
 *fill*         0x00000000080020e2        0x2 
 .text.HAL_GPIO_Init
                0x00000000080020e4      0x2e4 Drivers/STM32F3xx_HAL_Driver/Src/stm32f3xx_hal_gpio.o
                0x00000000080020e4                HAL_GPIO_Init
 .text.HAL_GPIO_WritePin
                0x00000000080023c8       0x30 Drivers/STM32F3xx_HAL_Driver/Src/stm32f3xx_hal_gpio.o
                0x00000000080023c8                HAL_GPIO_WritePin
 .text.HAL_GPIO_EXTI_IRQHandler
                0x00000000080023f8       0x30 Drivers/STM32F3xx_HAL_Driver/Src/stm32f3xx_hal_gpio.o
                0x00000000080023f8                HAL_GPIO_EXTI_IRQHandler
 .text.HAL_GPIO_EXTI_Callback
                0x0000000008002428       0x16 Drivers/STM32F3xx_HAL_Driver/Src/stm32f3xx_hal_gpio.o
                0x0000000008002428                HAL_GPIO_EXTI_Callback
 .text.HAL_I2C_Init
                0x000000000800243e      0x11e Drivers/STM32F3xx_HAL_Driver/Src/stm32f3xx_hal_i2c.o
                0x000000000800243e                HAL_I2C_Init
 .text.HAL_I2C_Master_Transmit
                0x000000000800255c      0x1e8 Drivers/STM32F3xx_HAL_Driver/Src/stm32f3xx_hal_i2c.o
                0x000000000800255c                HAL_I2C_Master_Transmit
 .text.HAL_I2C_Master_Receive
                0x0000000008002744      0x1ec Drivers/STM32F3xx_HAL_Driver/Src/stm32f3xx_hal_i2c.o
                0x0000000008002744                HAL_I2C_Master_Receive
 .text.I2C_Flush_TXDR
                0x0000000008002930       0x48 Drivers/STM32F3xx_HAL_Driver/Src/stm32f3xx_hal_i2c.o
 .text.I2C_WaitOnFlagUntilTimeout
                0x0000000008002978       0x80 Drivers/STM32F3xx_HAL_Driver/Src/stm32f3xx_hal_i2c.o
 .text.I2C_WaitOnTXISFlagUntilTimeout
                0x00000000080029f8       0x80 Drivers/STM32F3xx_HAL_Driver/Src/stm32f3xx_hal_i2c.o
 .text.I2C_WaitOnSTOPFlagUntilTimeout
                0x0000000008002a78       0x78 Drivers/STM32F3xx_HAL_Driver/Src/stm32f3xx_hal_i2c.o
 .text.I2C_WaitOnRXNEFlagUntilTimeout
                0x0000000008002af0       0xd8 Drivers/STM32F3xx_HAL_Driver/Src/stm32f3xx_hal_i2c.o
 .text.I2C_IsAcknowledgeFailed
                0x0000000008002bc8       0xcc Drivers/STM32F3xx_HAL_Driver/Src/stm32f3xx_hal_i2c.o
 .text.I2C_TransferConfig
                0x0000000008002c94       0x5c Drivers/STM32F3xx_HAL_Driver/Src/stm32f3xx_hal_i2c.o
 .text.HAL_I2CEx_ConfigAnalogFilter
                0x0000000008002cf0       0x96 Drivers/STM32F3xx_HAL_Driver/Src/stm32f3xx_hal_i2c_ex.o
                0x0000000008002cf0                HAL_I2CEx_ConfigAnalogFilter
 .text.HAL_I2CEx_ConfigDigitalFilter
                0x0000000008002d86       0x98 Drivers/STM32F3xx_HAL_Driver/Src/stm32f3xx_hal_i2c_ex.o
                0x0000000008002d86                HAL_I2CEx_ConfigDigitalFilter
 *fill*         0x0000000008002e1e        0x2 
 .text.HAL_RCC_OscConfig
                0x0000000008002e20      0xe10 Drivers/STM32F3xx_HAL_Driver/Src/stm32f3xx_hal_rcc.o
                0x0000000008002e20                HAL_RCC_OscConfig
 .text.HAL_RCC_ClockConfig
                0x0000000008003c30      0x2f8 Drivers/STM32F3xx_HAL_Driver/Src/stm32f3xx_hal_rcc.o
                0x0000000008003c30                HAL_RCC_ClockConfig
 .text.HAL_RCC_GetSysClockFreq
                0x0000000008003f28       0xd4 Drivers/STM32F3xx_HAL_Driver/Src/stm32f3xx_hal_rcc.o
                0x0000000008003f28                HAL_RCC_GetSysClockFreq
 .text.HAL_RCC_GetHCLKFreq
                0x0000000008003ffc       0x18 Drivers/STM32F3xx_HAL_Driver/Src/stm32f3xx_hal_rcc.o
                0x0000000008003ffc                HAL_RCC_GetHCLKFreq
 .text.HAL_RCC_GetPCLK1Freq
                0x0000000008004014       0x44 Drivers/STM32F3xx_HAL_Driver/Src/stm32f3xx_hal_rcc.o
                0x0000000008004014                HAL_RCC_GetPCLK1Freq
 .text.HAL_RCC_GetPCLK2Freq
                0x0000000008004058       0x44 Drivers/STM32F3xx_HAL_Driver/Src/stm32f3xx_hal_rcc.o
                0x0000000008004058                HAL_RCC_GetPCLK2Freq
 .text.HAL_RCCEx_PeriphCLKConfig
                0x000000000800409c      0x24c Drivers/STM32F3xx_HAL_Driver/Src/stm32f3xx_hal_rcc_ex.o
                0x000000000800409c                HAL_RCCEx_PeriphCLKConfig
 .text.HAL_UART_Init
                0x00000000080042e8       0x9c Drivers/STM32F3xx_HAL_Driver/Src/stm32f3xx_hal_uart.o
                0x00000000080042e8                HAL_UART_Init
 .text.HAL_HalfDuplex_Init
                0x0000000008004384       0xac Drivers/STM32F3xx_HAL_Driver/Src/stm32f3xx_hal_uart.o
                0x0000000008004384                HAL_HalfDuplex_Init
 .text.HAL_UART_Transmit
                0x0000000008004430      0x128 Drivers/STM32F3xx_HAL_Driver/Src/stm32f3xx_hal_uart.o
                0x0000000008004430                HAL_UART_Transmit
 .text.HAL_UART_Receive
                0x0000000008004558      0x1a2 Drivers/STM32F3xx_HAL_Driver/Src/stm32f3xx_hal_uart.o
                0x0000000008004558                HAL_UART_Receive
 *fill*         0x00000000080046fa        0x2 
 .text.UART_SetConfig
                0x00000000080046fc      0x26c Drivers/STM32F3xx_HAL_Driver/Src/stm32f3xx_hal_uart.o
                0x00000000080046fc                UART_SetConfig
 .text.UART_AdvFeatureConfig
                0x0000000008004968      0x144 Drivers/STM32F3xx_HAL_Driver/Src/stm32f3xx_hal_uart.o
                0x0000000008004968                UART_AdvFeatureConfig
 .text.UART_CheckIdleState
                0x0000000008004aac       0x92 Drivers/STM32F3xx_HAL_Driver/Src/stm32f3xx_hal_uart.o
                0x0000000008004aac                UART_CheckIdleState
 .text.UART_WaitOnFlagUntilTimeout
                0x0000000008004b3e       0xf8 Drivers/STM32F3xx_HAL_Driver/Src/stm32f3xx_hal_uart.o
                0x0000000008004b3e                UART_WaitOnFlagUntilTimeout
 .text.VL53L0X_GetOffsetCalibrationDataMicroMeter
                0x0000000008004c36       0x26 Drivers/VL53L0X_API/core/src/vl53l0x_api.o
                0x0000000008004c36                VL53L0X_GetOffsetCalibrationDataMicroMeter
 .text.VL53L0X_SetDeviceAddress
                0x0000000008004c5c       0x30 Drivers/VL53L0X_API/core/src/vl53l0x_api.o
                0x0000000008004c5c                VL53L0X_SetDeviceAddress
 .text.VL53L0X_DataInit
                0x0000000008004c8c      0x2c8 Drivers/VL53L0X_API/core/src/vl53l0x_api.o
                0x0000000008004c8c                VL53L0X_DataInit
 .text.VL53L0X_StaticInit
                0x0000000008004f54      0x304 Drivers/VL53L0X_API/core/src/vl53l0x_api.o
                0x0000000008004f54                VL53L0X_StaticInit
 .text.VL53L0X_GetDeviceParameters
                0x0000000008005258      0x120 Drivers/VL53L0X_API/core/src/vl53l0x_api.o
                0x0000000008005258                VL53L0X_GetDeviceParameters
 .text.VL53L0X_SetDeviceMode
                0x0000000008005378       0x58 Drivers/VL53L0X_API/core/src/vl53l0x_api.o
                0x0000000008005378                VL53L0X_SetDeviceMode
 .text.VL53L0X_GetDeviceMode
                0x00000000080053d0       0x26 Drivers/VL53L0X_API/core/src/vl53l0x_api.o
                0x00000000080053d0                VL53L0X_GetDeviceMode
 .text.VL53L0X_GetFractionEnable
                0x00000000080053f6       0x3e Drivers/VL53L0X_API/core/src/vl53l0x_api.o
                0x00000000080053f6                VL53L0X_GetFractionEnable
 .text.VL53L0X_SetMeasurementTimingBudgetMicroSeconds
                0x0000000008005434       0x26 Drivers/VL53L0X_API/core/src/vl53l0x_api.o
                0x0000000008005434                VL53L0X_SetMeasurementTimingBudgetMicroSeconds
 .text.VL53L0X_GetMeasurementTimingBudgetMicroSeconds
                0x000000000800545a       0x26 Drivers/VL53L0X_API/core/src/vl53l0x_api.o
                0x000000000800545a                VL53L0X_GetMeasurementTimingBudgetMicroSeconds
 .text.VL53L0X_SetVcselPulsePeriod
                0x0000000008005480       0x30 Drivers/VL53L0X_API/core/src/vl53l0x_api.o
                0x0000000008005480                VL53L0X_SetVcselPulsePeriod
 .text.VL53L0X_GetVcselPulsePeriod
                0x00000000080054b0       0x2e Drivers/VL53L0X_API/core/src/vl53l0x_api.o
                0x00000000080054b0                VL53L0X_GetVcselPulsePeriod
 *fill*         0x00000000080054de        0x2 
 .text.VL53L0X_SetSequenceStepEnable
                0x00000000080054e0      0x144 Drivers/VL53L0X_API/core/src/vl53l0x_api.o
                0x00000000080054e0                VL53L0X_SetSequenceStepEnable
 .text.sequence_step_enabled
                0x0000000008005624       0xa4 Drivers/VL53L0X_API/core/src/vl53l0x_api.o
                0x0000000008005624                sequence_step_enabled
 .text.VL53L0X_GetSequenceStepEnables
                0x00000000080056c8       0xb0 Drivers/VL53L0X_API/core/src/vl53l0x_api.o
                0x00000000080056c8                VL53L0X_GetSequenceStepEnables
 .text.VL53L0X_GetInterMeasurementPeriodMilliSeconds
                0x0000000008005778       0x68 Drivers/VL53L0X_API/core/src/vl53l0x_api.o
                0x0000000008005778                VL53L0X_GetInterMeasurementPeriodMilliSeconds
 .text.VL53L0X_GetXTalkCompensationEnable
                0x00000000080057e0       0x2a Drivers/VL53L0X_API/core/src/vl53l0x_api.o
                0x00000000080057e0                VL53L0X_GetXTalkCompensationEnable
 .text.VL53L0X_GetXTalkCompensationRateMegaCps
                0x000000000800580a       0x66 Drivers/VL53L0X_API/core/src/vl53l0x_api.o
                0x000000000800580a                VL53L0X_GetXTalkCompensationRateMegaCps
 .text.VL53L0X_SetLimitCheckEnable
                0x0000000008005870      0x118 Drivers/VL53L0X_API/core/src/vl53l0x_api.o
                0x0000000008005870                VL53L0X_SetLimitCheckEnable
 .text.VL53L0X_GetLimitCheckEnable
                0x0000000008005988       0x46 Drivers/VL53L0X_API/core/src/vl53l0x_api.o
                0x0000000008005988                VL53L0X_GetLimitCheckEnable
 *fill*         0x00000000080059ce        0x2 
 .text.VL53L0X_SetLimitCheckValue
                0x00000000080059d0       0xc4 Drivers/VL53L0X_API/core/src/vl53l0x_api.o
                0x00000000080059d0                VL53L0X_SetLimitCheckValue
 .text.VL53L0X_GetLimitCheckValue
                0x0000000008005a94      0x11c Drivers/VL53L0X_API/core/src/vl53l0x_api.o
                0x0000000008005a94                VL53L0X_GetLimitCheckValue
 .text.VL53L0X_GetWrapAroundCheckEnable
                0x0000000008005bb0       0x64 Drivers/VL53L0X_API/core/src/vl53l0x_api.o
                0x0000000008005bb0                VL53L0X_GetWrapAroundCheckEnable
 .text.VL53L0X_PerformSingleMeasurement
                0x0000000008005c14       0x68 Drivers/VL53L0X_API/core/src/vl53l0x_api.o
                0x0000000008005c14                VL53L0X_PerformSingleMeasurement
 .text.VL53L0X_PerformRefCalibration
                0x0000000008005c7c       0x2c Drivers/VL53L0X_API/core/src/vl53l0x_api.o
                0x0000000008005c7c                VL53L0X_PerformRefCalibration
 .text.VL53L0X_CheckAndLoadInterruptSettings
                0x0000000008005ca8       0xcc Drivers/VL53L0X_API/core/src/vl53l0x_api.o
                0x0000000008005ca8                VL53L0X_CheckAndLoadInterruptSettings
 .text.VL53L0X_StartMeasurement
                0x0000000008005d74      0x184 Drivers/VL53L0X_API/core/src/vl53l0x_api.o
                0x0000000008005d74                VL53L0X_StartMeasurement
 .text.VL53L0X_GetMeasurementDataReady
                0x0000000008005ef8       0x80 Drivers/VL53L0X_API/core/src/vl53l0x_api.o
                0x0000000008005ef8                VL53L0X_GetMeasurementDataReady
 .text.VL53L0X_WaitDeviceReadyForNewMeasurement
                0x0000000008005f78       0x1e Drivers/VL53L0X_API/core/src/vl53l0x_api.o
                0x0000000008005f78                VL53L0X_WaitDeviceReadyForNewMeasurement
 *fill*         0x0000000008005f96        0x2 
 .text.VL53L0X_GetRangingMeasurementData
                0x0000000008005f98      0x248 Drivers/VL53L0X_API/core/src/vl53l0x_api.o
                0x0000000008005f98                VL53L0X_GetRangingMeasurementData
 .text.VL53L0X_PerformSingleRangingMeasurement
                0x00000000080061e0       0x60 Drivers/VL53L0X_API/core/src/vl53l0x_api.o
                0x00000000080061e0                VL53L0X_PerformSingleRangingMeasurement
 .text.VL53L0X_SetGpioConfig
                0x0000000008006240      0x248 Drivers/VL53L0X_API/core/src/vl53l0x_api.o
                0x0000000008006240                VL53L0X_SetGpioConfig
 .text.VL53L0X_GetInterruptThresholds
                0x0000000008006488       0x6c Drivers/VL53L0X_API/core/src/vl53l0x_api.o
                0x0000000008006488                VL53L0X_GetInterruptThresholds
 .text.VL53L0X_ClearInterruptMask
                0x00000000080064f4       0x80 Drivers/VL53L0X_API/core/src/vl53l0x_api.o
                0x00000000080064f4                VL53L0X_ClearInterruptMask
 .text.VL53L0X_GetInterruptMaskStatus
                0x0000000008006574       0x44 Drivers/VL53L0X_API/core/src/vl53l0x_api.o
                0x0000000008006574                VL53L0X_GetInterruptMaskStatus
 .text.VL53L0X_PerformRefSpadManagement
                0x00000000080065b8       0x2a Drivers/VL53L0X_API/core/src/vl53l0x_api.o
                0x00000000080065b8                VL53L0X_PerformRefSpadManagement
 .text.VL53L0X_get_offset_calibration_data_micro_meter
                0x00000000080065e2       0x7e Drivers/VL53L0X_API/core/src/vl53l0x_api_calibration.o
                0x00000000080065e2                VL53L0X_get_offset_calibration_data_micro_meter
 .text.get_next_good_spad
                0x0000000008006660       0xbc Drivers/VL53L0X_API/core/src/vl53l0x_api_calibration.o
                0x0000000008006660                get_next_good_spad
 .text.is_aperture
                0x000000000800671c       0x34 Drivers/VL53L0X_API/core/src/vl53l0x_api_calibration.o
                0x000000000800671c                is_aperture
 .text.enable_spad_bit
                0x0000000008006750       0x70 Drivers/VL53L0X_API/core/src/vl53l0x_api_calibration.o
                0x0000000008006750                enable_spad_bit
 .text.set_ref_spad_map
                0x00000000080067c0       0x26 Drivers/VL53L0X_API/core/src/vl53l0x_api_calibration.o
                0x00000000080067c0                set_ref_spad_map
 .text.get_ref_spad_map
                0x00000000080067e6       0x26 Drivers/VL53L0X_API/core/src/vl53l0x_api_calibration.o
                0x00000000080067e6                get_ref_spad_map
 .text.enable_ref_spads
                0x000000000800680c       0xf8 Drivers/VL53L0X_API/core/src/vl53l0x_api_calibration.o
                0x000000000800680c                enable_ref_spads
 .text.perform_ref_signal_measurement
                0x0000000008006904       0xd4 Drivers/VL53L0X_API/core/src/vl53l0x_api_calibration.o
                0x0000000008006904                perform_ref_signal_measurement
 .text.VL53L0X_perform_ref_spad_management
                0x00000000080069d8      0x418 Drivers/VL53L0X_API/core/src/vl53l0x_api_calibration.o
                0x00000000080069d8                VL53L0X_perform_ref_spad_management
 .text.VL53L0X_set_reference_spads
                0x0000000008006df0      0x14a Drivers/VL53L0X_API/core/src/vl53l0x_api_calibration.o
                0x0000000008006df0                VL53L0X_set_reference_spads
 .text.VL53L0X_perform_single_ref_calibration
                0x0000000008006f3a       0x76 Drivers/VL53L0X_API/core/src/vl53l0x_api_calibration.o
                0x0000000008006f3a                VL53L0X_perform_single_ref_calibration
 .text.VL53L0X_ref_calibration_io
                0x0000000008006fb0      0x132 Drivers/VL53L0X_API/core/src/vl53l0x_api_calibration.o
                0x0000000008006fb0                VL53L0X_ref_calibration_io
 .text.VL53L0X_perform_vhv_calibration
                0x00000000080070e2       0xce Drivers/VL53L0X_API/core/src/vl53l0x_api_calibration.o
                0x00000000080070e2                VL53L0X_perform_vhv_calibration
 .text.VL53L0X_perform_phase_calibration
                0x00000000080071b0       0xca Drivers/VL53L0X_API/core/src/vl53l0x_api_calibration.o
                0x00000000080071b0                VL53L0X_perform_phase_calibration
 .text.VL53L0X_perform_ref_calibration
                0x000000000800727a       0x7a Drivers/VL53L0X_API/core/src/vl53l0x_api_calibration.o
                0x000000000800727a                VL53L0X_perform_ref_calibration
 .text.VL53L0X_measurement_poll_for_completion
                0x00000000080072f4       0x60 Drivers/VL53L0X_API/core/src/vl53l0x_api_core.o
                0x00000000080072f4                VL53L0X_measurement_poll_for_completion
 .text.VL53L0X_decode_vcsel_period
                0x0000000008007354       0x26 Drivers/VL53L0X_API/core/src/vl53l0x_api_core.o
                0x0000000008007354                VL53L0X_decode_vcsel_period
 .text.VL53L0X_encode_vcsel_period
                0x000000000800737a       0x26 Drivers/VL53L0X_API/core/src/vl53l0x_api_core.o
                0x000000000800737a                VL53L0X_encode_vcsel_period
 .text.VL53L0X_isqrt
                0x00000000080073a0       0x68 Drivers/VL53L0X_API/core/src/vl53l0x_api_core.o
                0x00000000080073a0                VL53L0X_isqrt
 .text.VL53L0X_device_read_strobe
                0x0000000008007408       0x86 Drivers/VL53L0X_API/core/src/vl53l0x_api_core.o
                0x0000000008007408                VL53L0X_device_read_strobe
 .text.VL53L0X_get_info_from_device
                0x000000000800748e      0x99a Drivers/VL53L0X_API/core/src/vl53l0x_api_core.o
                0x000000000800748e                VL53L0X_get_info_from_device
 .text.VL53L0X_calc_macro_period_ps
                0x0000000008007e28       0x3c Drivers/VL53L0X_API/core/src/vl53l0x_api_core.o
                0x0000000008007e28                VL53L0X_calc_macro_period_ps
 .text.VL53L0X_encode_timeout
                0x0000000008007e64       0x58 Drivers/VL53L0X_API/core/src/vl53l0x_api_core.o
                0x0000000008007e64                VL53L0X_encode_timeout
 .text.VL53L0X_decode_timeout
                0x0000000008007ebc       0x2c Drivers/VL53L0X_API/core/src/vl53l0x_api_core.o
                0x0000000008007ebc                VL53L0X_decode_timeout
 .text.VL53L0X_calc_timeout_mclks
                0x0000000008007ee8       0x54 Drivers/VL53L0X_API/core/src/vl53l0x_api_core.o
                0x0000000008007ee8                VL53L0X_calc_timeout_mclks
 .text.VL53L0X_calc_timeout_us
                0x0000000008007f3c       0x54 Drivers/VL53L0X_API/core/src/vl53l0x_api_core.o
                0x0000000008007f3c                VL53L0X_calc_timeout_us
 .text.get_sequence_step_timeout
                0x0000000008007f90      0x1c2 Drivers/VL53L0X_API/core/src/vl53l0x_api_core.o
                0x0000000008007f90                get_sequence_step_timeout
 .text.set_sequence_step_timeout
                0x0000000008008152      0x1e4 Drivers/VL53L0X_API/core/src/vl53l0x_api_core.o
                0x0000000008008152                set_sequence_step_timeout
 .text.VL53L0X_set_vcsel_pulse_period
                0x0000000008008336      0x512 Drivers/VL53L0X_API/core/src/vl53l0x_api_core.o
                0x0000000008008336                VL53L0X_set_vcsel_pulse_period
 .text.VL53L0X_get_vcsel_pulse_period
                0x0000000008008848       0x6e Drivers/VL53L0X_API/core/src/vl53l0x_api_core.o
                0x0000000008008848                VL53L0X_get_vcsel_pulse_period
 .text.VL53L0X_set_measurement_timing_budget_micro_seconds
                0x00000000080088b6      0x1c0 Drivers/VL53L0X_API/core/src/vl53l0x_api_core.o
                0x00000000080088b6                VL53L0X_set_measurement_timing_budget_micro_seconds
 .text.VL53L0X_get_measurement_timing_budget_micro_seconds
                0x0000000008008a76      0x162 Drivers/VL53L0X_API/core/src/vl53l0x_api_core.o
                0x0000000008008a76                VL53L0X_get_measurement_timing_budget_micro_seconds
 .text.VL53L0X_load_tuning_settings
                0x0000000008008bd8      0x1c4 Drivers/VL53L0X_API/core/src/vl53l0x_api_core.o
                0x0000000008008bd8                VL53L0X_load_tuning_settings
 .text.VL53L0X_get_total_xtalk_rate
                0x0000000008008d9c       0x5e Drivers/VL53L0X_API/core/src/vl53l0x_api_core.o
                0x0000000008008d9c                VL53L0X_get_total_xtalk_rate
 .text.VL53L0X_get_total_signal_rate
                0x0000000008008dfa       0x4a Drivers/VL53L0X_API/core/src/vl53l0x_api_core.o
                0x0000000008008dfa                VL53L0X_get_total_signal_rate
 .text.VL53L0X_calc_dmax
                0x0000000008008e44      0x238 Drivers/VL53L0X_API/core/src/vl53l0x_api_core.o
                0x0000000008008e44                VL53L0X_calc_dmax
 .text.VL53L0X_calc_sigma_estimate
                0x000000000800907c      0x498 Drivers/VL53L0X_API/core/src/vl53l0x_api_core.o
                0x000000000800907c                VL53L0X_calc_sigma_estimate
 .text.VL53L0X_get_pal_range_status
                0x0000000008009514      0x3b6 Drivers/VL53L0X_API/core/src/vl53l0x_api_core.o
                0x0000000008009514                VL53L0X_get_pal_range_status
 .text._I2CWrite
                0x00000000080098ca       0x3e Drivers/VL53L0X_API/platform/src/vl53l0x_platform.o
                0x00000000080098ca                _I2CWrite
 .text._I2CRead
                0x0000000008009908       0x44 Drivers/VL53L0X_API/platform/src/vl53l0x_platform.o
                0x0000000008009908                _I2CRead
 .text.VL53L0X_WriteMulti
                0x000000000800994c       0x60 Drivers/VL53L0X_API/platform/src/vl53l0x_platform.o
                0x000000000800994c                VL53L0X_WriteMulti
 .text.VL53L0X_ReadMulti
                0x00000000080099ac       0x56 Drivers/VL53L0X_API/platform/src/vl53l0x_platform.o
                0x00000000080099ac                VL53L0X_ReadMulti
 *fill*         0x0000000008009a02        0x2 
 .text.VL53L0X_WrByte
                0x0000000008009a04       0x48 Drivers/VL53L0X_API/platform/src/vl53l0x_platform.o
                0x0000000008009a04                VL53L0X_WrByte
 .text.VL53L0X_WrWord
                0x0000000008009a4c       0x54 Drivers/VL53L0X_API/platform/src/vl53l0x_platform.o
                0x0000000008009a4c                VL53L0X_WrWord
 .text.VL53L0X_UpdateByte
                0x0000000008009aa0       0x68 Drivers/VL53L0X_API/platform/src/vl53l0x_platform.o
                0x0000000008009aa0                VL53L0X_UpdateByte
 .text.VL53L0X_RdByte
                0x0000000008009b08       0x54 Drivers/VL53L0X_API/platform/src/vl53l0x_platform.o
                0x0000000008009b08                VL53L0X_RdByte
 .text.VL53L0X_RdWord
                0x0000000008009b5c       0x70 Drivers/VL53L0X_API/platform/src/vl53l0x_platform.o
                0x0000000008009b5c                VL53L0X_RdWord
 .text.VL53L0X_RdDWord
                0x0000000008009bcc       0x78 Drivers/VL53L0X_API/platform/src/vl53l0x_platform.o
                0x0000000008009bcc                VL53L0X_RdDWord
 .text.VL53L0X_PollingDelay
                0x0000000008009c44       0x1e Drivers/VL53L0X_API/platform/src/vl53l0x_platform.o
                0x0000000008009c44                VL53L0X_PollingDelay
 *fill*         0x0000000008009c62        0x2 
 .text.__errno  0x0000000008009c64        0xc c:/st/stm32cubeide_1.5.0/stm32cubeide/plugins/com.st.stm32cube.ide.mcu.externaltools.gnu-tools-for-stm32.9-2020-q2-update.win32_1.5.0.202011040924/tools/bin/../lib/gcc/arm-none-eabi/9.3.1/../../../../arm-none-eabi/lib/thumb/v7e-m+fp/hard\libc_nano.a(lib_a-errno.o)
                0x0000000008009c64                __errno
 .text.__libc_init_array
                0x0000000008009c70       0x48 c:/st/stm32cubeide_1.5.0/stm32cubeide/plugins/com.st.stm32cube.ide.mcu.externaltools.gnu-tools-for-stm32.9-2020-q2-update.win32_1.5.0.202011040924/tools/bin/../lib/gcc/arm-none-eabi/9.3.1/../../../../arm-none-eabi/lib/thumb/v7e-m+fp/hard\libc_nano.a(lib_a-init.o)
                0x0000000008009c70                __libc_init_array
 .text.memcpy   0x0000000008009cb8       0x1c c:/st/stm32cubeide_1.5.0/stm32cubeide/plugins/com.st.stm32cube.ide.mcu.externaltools.gnu-tools-for-stm32.9-2020-q2-update.win32_1.5.0.202011040924/tools/bin/../lib/gcc/arm-none-eabi/9.3.1/../../../../arm-none-eabi/lib/thumb/v7e-m+fp/hard\libc_nano.a(lib_a-memcpy-stub.o)
                0x0000000008009cb8                memcpy
 .text.memset   0x0000000008009cd4       0x10 c:/st/stm32cubeide_1.5.0/stm32cubeide/plugins/com.st.stm32cube.ide.mcu.externaltools.gnu-tools-for-stm32.9-2020-q2-update.win32_1.5.0.202011040924/tools/bin/../lib/gcc/arm-none-eabi/9.3.1/../../../../arm-none-eabi/lib/thumb/v7e-m+fp/hard\libc_nano.a(lib_a-memset.o)
                0x0000000008009cd4                memset
 .text.__cvt    0x0000000008009ce4       0xc4 c:/st/stm32cubeide_1.5.0/stm32cubeide/plugins/com.st.stm32cube.ide.mcu.externaltools.gnu-tools-for-stm32.9-2020-q2-update.win32_1.5.0.202011040924/tools/bin/../lib/gcc/arm-none-eabi/9.3.1/../../../../arm-none-eabi/lib/thumb/v7e-m+fp/hard\libc_nano.a(lib_a-nano-vfprintf_float.o)
                0x0000000008009ce4                __cvt
 .text.__exponent
                0x0000000008009da8       0x7c c:/st/stm32cubeide_1.5.0/stm32cubeide/plugins/com.st.stm32cube.ide.mcu.externaltools.gnu-tools-for-stm32.9-2020-q2-update.win32_1.5.0.202011040924/tools/bin/../lib/gcc/arm-none-eabi/9.3.1/../../../../arm-none-eabi/lib/thumb/v7e-m+fp/hard\libc_nano.a(lib_a-nano-vfprintf_float.o)
                0x0000000008009da8                __exponent
 .text._printf_float
                0x0000000008009e24      0x46c c:/st/stm32cubeide_1.5.0/stm32cubeide/plugins/com.st.stm32cube.ide.mcu.externaltools.gnu-tools-for-stm32.9-2020-q2-update.win32_1.5.0.202011040924/tools/bin/../lib/gcc/arm-none-eabi/9.3.1/../../../../arm-none-eabi/lib/thumb/v7e-m+fp/hard\libc_nano.a(lib_a-nano-vfprintf_float.o)
                0x0000000008009e24                _printf_float
 .text._printf_common
                0x000000000800a290       0xda c:/st/stm32cubeide_1.5.0/stm32cubeide/plugins/com.st.stm32cube.ide.mcu.externaltools.gnu-tools-for-stm32.9-2020-q2-update.win32_1.5.0.202011040924/tools/bin/../lib/gcc/arm-none-eabi/9.3.1/../../../../arm-none-eabi/lib/thumb/v7e-m+fp/hard\libc_nano.a(lib_a-nano-vfprintf_i.o)
                0x000000000800a290                _printf_common
 *fill*         0x000000000800a36a        0x2 
 .text._printf_i
                0x000000000800a36c      0x24c c:/st/stm32cubeide_1.5.0/stm32cubeide/plugins/com.st.stm32cube.ide.mcu.externaltools.gnu-tools-for-stm32.9-2020-q2-update.win32_1.5.0.202011040924/tools/bin/../lib/gcc/arm-none-eabi/9.3.1/../../../../arm-none-eabi/lib/thumb/v7e-m+fp/hard\libc_nano.a(lib_a-nano-vfprintf_i.o)
                0x000000000800a36c                _printf_i
 .text.printf   0x000000000800a5b8       0x30 c:/st/stm32cubeide_1.5.0/stm32cubeide/plugins/com.st.stm32cube.ide.mcu.externaltools.gnu-tools-for-stm32.9-2020-q2-update.win32_1.5.0.202011040924/tools/bin/../lib/gcc/arm-none-eabi/9.3.1/../../../../arm-none-eabi/lib/thumb/v7e-m+fp/hard\libc_nano.a(lib_a-printf.o)
                0x000000000800a5b8                iprintf
                0x000000000800a5b8                printf
 .text._puts_r  0x000000000800a5e8       0xdc c:/st/stm32cubeide_1.5.0/stm32cubeide/plugins/com.st.stm32cube.ide.mcu.externaltools.gnu-tools-for-stm32.9-2020-q2-update.win32_1.5.0.202011040924/tools/bin/../lib/gcc/arm-none-eabi/9.3.1/../../../../arm-none-eabi/lib/thumb/v7e-m+fp/hard\libc_nano.a(lib_a-puts.o)
                0x000000000800a5e8                _puts_r
 .text.puts     0x000000000800a6c4       0x10 c:/st/stm32cubeide_1.5.0/stm32cubeide/plugins/com.st.stm32cube.ide.mcu.externaltools.gnu-tools-for-stm32.9-2020-q2-update.win32_1.5.0.202011040924/tools/bin/../lib/gcc/arm-none-eabi/9.3.1/../../../../arm-none-eabi/lib/thumb/v7e-m+fp/hard\libc_nano.a(lib_a-puts.o)
                0x000000000800a6c4                puts
 .text.setvbuf  0x000000000800a6d4      0x18c c:/st/stm32cubeide_1.5.0/stm32cubeide/plugins/com.st.stm32cube.ide.mcu.externaltools.gnu-tools-for-stm32.9-2020-q2-update.win32_1.5.0.202011040924/tools/bin/../lib/gcc/arm-none-eabi/9.3.1/../../../../arm-none-eabi/lib/thumb/v7e-m+fp/hard\libc_nano.a(lib_a-setvbuf.o)
                0x000000000800a6d4                setvbuf
 .text.strcpy   0x000000000800a860       0x10 c:/st/stm32cubeide_1.5.0/stm32cubeide/plugins/com.st.stm32cube.ide.mcu.externaltools.gnu-tools-for-stm32.9-2020-q2-update.win32_1.5.0.202011040924/tools/bin/../lib/gcc/arm-none-eabi/9.3.1/../../../../arm-none-eabi/lib/thumb/v7e-m+fp/hard\libc_nano.a(lib_a-strcpy.o)
                0x000000000800a860                strcpy
 .text.__swbuf_r
                0x000000000800a870       0xa4 c:/st/stm32cubeide_1.5.0/stm32cubeide/plugins/com.st.stm32cube.ide.mcu.externaltools.gnu-tools-for-stm32.9-2020-q2-update.win32_1.5.0.202011040924/tools/bin/../lib/gcc/arm-none-eabi/9.3.1/../../../../arm-none-eabi/lib/thumb/v7e-m+fp/hard\libc_nano.a(lib_a-wbuf.o)
                0x000000000800a870                __swbuf_r
 .text.__swsetup_r
                0x000000000800a914       0xdc c:/st/stm32cubeide_1.5.0/stm32cubeide/plugins/com.st.stm32cube.ide.mcu.externaltools.gnu-tools-for-stm32.9-2020-q2-update.win32_1.5.0.202011040924/tools/bin/../lib/gcc/arm-none-eabi/9.3.1/../../../../arm-none-eabi/lib/thumb/v7e-m+fp/hard\libc_nano.a(lib_a-wsetup.o)
                0x000000000800a914                __swsetup_r
 .text.quorem   0x000000000800a9f0      0x116 c:/st/stm32cubeide_1.5.0/stm32cubeide/plugins/com.st.stm32cube.ide.mcu.externaltools.gnu-tools-for-stm32.9-2020-q2-update.win32_1.5.0.202011040924/tools/bin/../lib/gcc/arm-none-eabi/9.3.1/../../../../arm-none-eabi/lib/thumb/v7e-m+fp/hard\libc_nano.a(lib_a-dtoa.o)
 *fill*         0x000000000800ab06        0x2 
 .text._dtoa_r  0x000000000800ab08      0xbd8 c:/st/stm32cubeide_1.5.0/stm32cubeide/plugins/com.st.stm32cube.ide.mcu.externaltools.gnu-tools-for-stm32.9-2020-q2-update.win32_1.5.0.202011040924/tools/bin/../lib/gcc/arm-none-eabi/9.3.1/../../../../arm-none-eabi/lib/thumb/v7e-m+fp/hard\libc_nano.a(lib_a-dtoa.o)
                0x000000000800ab08                _dtoa_r
 .text.__sflush_r
                0x000000000800b6e0      0x10c c:/st/stm32cubeide_1.5.0/stm32cubeide/plugins/com.st.stm32cube.ide.mcu.externaltools.gnu-tools-for-stm32.9-2020-q2-update.win32_1.5.0.202011040924/tools/bin/../lib/gcc/arm-none-eabi/9.3.1/../../../../arm-none-eabi/lib/thumb/v7e-m+fp/hard\libc_nano.a(lib_a-fflush.o)
                0x000000000800b6e0                __sflush_r
 .text._fflush_r
                0x000000000800b7ec       0x78 c:/st/stm32cubeide_1.5.0/stm32cubeide/plugins/com.st.stm32cube.ide.mcu.externaltools.gnu-tools-for-stm32.9-2020-q2-update.win32_1.5.0.202011040924/tools/bin/../lib/gcc/arm-none-eabi/9.3.1/../../../../arm-none-eabi/lib/thumb/v7e-m+fp/hard\libc_nano.a(lib_a-fflush.o)
                0x000000000800b7ec                _fflush_r
 .text.std      0x000000000800b864       0x48 c:/st/stm32cubeide_1.5.0/stm32cubeide/plugins/com.st.stm32cube.ide.mcu.externaltools.gnu-tools-for-stm32.9-2020-q2-update.win32_1.5.0.202011040924/tools/bin/../lib/gcc/arm-none-eabi/9.3.1/../../../../arm-none-eabi/lib/thumb/v7e-m+fp/hard\libc_nano.a(lib_a-findfp.o)
 .text._cleanup_r
                0x000000000800b8ac        0xc c:/st/stm32cubeide_1.5.0/stm32cubeide/plugins/com.st.stm32cube.ide.mcu.externaltools.gnu-tools-for-stm32.9-2020-q2-update.win32_1.5.0.202011040924/tools/bin/../lib/gcc/arm-none-eabi/9.3.1/../../../../arm-none-eabi/lib/thumb/v7e-m+fp/hard\libc_nano.a(lib_a-findfp.o)
                0x000000000800b8ac                _cleanup_r
 .text.__sfmoreglue
                0x000000000800b8b8       0x2c c:/st/stm32cubeide_1.5.0/stm32cubeide/plugins/com.st.stm32cube.ide.mcu.externaltools.gnu-tools-for-stm32.9-2020-q2-update.win32_1.5.0.202011040924/tools/bin/../lib/gcc/arm-none-eabi/9.3.1/../../../../arm-none-eabi/lib/thumb/v7e-m+fp/hard\libc_nano.a(lib_a-findfp.o)
                0x000000000800b8b8                __sfmoreglue
 .text.__sfp_lock_acquire
                0x000000000800b8e4        0xc c:/st/stm32cubeide_1.5.0/stm32cubeide/plugins/com.st.stm32cube.ide.mcu.externaltools.gnu-tools-for-stm32.9-2020-q2-update.win32_1.5.0.202011040924/tools/bin/../lib/gcc/arm-none-eabi/9.3.1/../../../../arm-none-eabi/lib/thumb/v7e-m+fp/hard\libc_nano.a(lib_a-findfp.o)
                0x000000000800b8e4                __sfp_lock_acquire
 .text.__sfp_lock_release
                0x000000000800b8f0        0xc c:/st/stm32cubeide_1.5.0/stm32cubeide/plugins/com.st.stm32cube.ide.mcu.externaltools.gnu-tools-for-stm32.9-2020-q2-update.win32_1.5.0.202011040924/tools/bin/../lib/gcc/arm-none-eabi/9.3.1/../../../../arm-none-eabi/lib/thumb/v7e-m+fp/hard\libc_nano.a(lib_a-findfp.o)
                0x000000000800b8f0                __sfp_lock_release
 .text.__sinit_lock_acquire
                0x000000000800b8fc        0xc c:/st/stm32cubeide_1.5.0/stm32cubeide/plugins/com.st.stm32cube.ide.mcu.externaltools.gnu-tools-for-stm32.9-2020-q2-update.win32_1.5.0.202011040924/tools/bin/../lib/gcc/arm-none-eabi/9.3.1/../../../../arm-none-eabi/lib/thumb/v7e-m+fp/hard\libc_nano.a(lib_a-findfp.o)
                0x000000000800b8fc                __sinit_lock_acquire
 .text.__sinit_lock_release
                0x000000000800b908        0xc c:/st/stm32cubeide_1.5.0/stm32cubeide/plugins/com.st.stm32cube.ide.mcu.externaltools.gnu-tools-for-stm32.9-2020-q2-update.win32_1.5.0.202011040924/tools/bin/../lib/gcc/arm-none-eabi/9.3.1/../../../../arm-none-eabi/lib/thumb/v7e-m+fp/hard\libc_nano.a(lib_a-findfp.o)
                0x000000000800b908                __sinit_lock_release
 .text.__sinit  0x000000000800b914       0x70 c:/st/stm32cubeide_1.5.0/stm32cubeide/plugins/com.st.stm32cube.ide.mcu.externaltools.gnu-tools-for-stm32.9-2020-q2-update.win32_1.5.0.202011040924/tools/bin/../lib/gcc/arm-none-eabi/9.3.1/../../../../arm-none-eabi/lib/thumb/v7e-m+fp/hard\libc_nano.a(lib_a-findfp.o)
                0x000000000800b914                __sinit
 .text.__sfp    0x000000000800b984       0x8c c:/st/stm32cubeide_1.5.0/stm32cubeide/plugins/com.st.stm32cube.ide.mcu.externaltools.gnu-tools-for-stm32.9-2020-q2-update.win32_1.5.0.202011040924/tools/bin/../lib/gcc/arm-none-eabi/9.3.1/../../../../arm-none-eabi/lib/thumb/v7e-m+fp/hard\libc_nano.a(lib_a-findfp.o)
                0x000000000800b984                __sfp
 .text._fwalk_reent
                0x000000000800ba10       0x3e c:/st/stm32cubeide_1.5.0/stm32cubeide/plugins/com.st.stm32cube.ide.mcu.externaltools.gnu-tools-for-stm32.9-2020-q2-update.win32_1.5.0.202011040924/tools/bin/../lib/gcc/arm-none-eabi/9.3.1/../../../../arm-none-eabi/lib/thumb/v7e-m+fp/hard\libc_nano.a(lib_a-fwalk.o)
                0x000000000800ba10                _fwalk_reent
 *fill*         0x000000000800ba4e        0x2 
 .text._localeconv_r
                0x000000000800ba50        0x8 c:/st/stm32cubeide_1.5.0/stm32cubeide/plugins/com.st.stm32cube.ide.mcu.externaltools.gnu-tools-for-stm32.9-2020-q2-update.win32_1.5.0.202011040924/tools/bin/../lib/gcc/arm-none-eabi/9.3.1/../../../../arm-none-eabi/lib/thumb/v7e-m+fp/hard\libc_nano.a(lib_a-localeconv.o)
                0x000000000800ba50                _localeconv_r
 .text.__retarget_lock_init_recursive
                0x000000000800ba58        0x2 c:/st/stm32cubeide_1.5.0/stm32cubeide/plugins/com.st.stm32cube.ide.mcu.externaltools.gnu-tools-for-stm32.9-2020-q2-update.win32_1.5.0.202011040924/tools/bin/../lib/gcc/arm-none-eabi/9.3.1/../../../../arm-none-eabi/lib/thumb/v7e-m+fp/hard\libc_nano.a(lib_a-lock.o)
                0x000000000800ba58                __retarget_lock_init_recursive
 .text.__retarget_lock_acquire_recursive
                0x000000000800ba5a        0x2 c:/st/stm32cubeide_1.5.0/stm32cubeide/plugins/com.st.stm32cube.ide.mcu.externaltools.gnu-tools-for-stm32.9-2020-q2-update.win32_1.5.0.202011040924/tools/bin/../lib/gcc/arm-none-eabi/9.3.1/../../../../arm-none-eabi/lib/thumb/v7e-m+fp/hard\libc_nano.a(lib_a-lock.o)
                0x000000000800ba5a                __retarget_lock_acquire_recursive
 .text.__retarget_lock_release_recursive
                0x000000000800ba5c        0x2 c:/st/stm32cubeide_1.5.0/stm32cubeide/plugins/com.st.stm32cube.ide.mcu.externaltools.gnu-tools-for-stm32.9-2020-q2-update.win32_1.5.0.202011040924/tools/bin/../lib/gcc/arm-none-eabi/9.3.1/../../../../arm-none-eabi/lib/thumb/v7e-m+fp/hard\libc_nano.a(lib_a-lock.o)
                0x000000000800ba5c                __retarget_lock_release_recursive
 .text.__swhatbuf_r
                0x000000000800ba5e       0x48 c:/st/stm32cubeide_1.5.0/stm32cubeide/plugins/com.st.stm32cube.ide.mcu.externaltools.gnu-tools-for-stm32.9-2020-q2-update.win32_1.5.0.202011040924/tools/bin/../lib/gcc/arm-none-eabi/9.3.1/../../../../arm-none-eabi/lib/thumb/v7e-m+fp/hard\libc_nano.a(lib_a-makebuf.o)
                0x000000000800ba5e                __swhatbuf_r
 *fill*         0x000000000800baa6        0x2 
 .text.__smakebuf_r
                0x000000000800baa8       0x80 c:/st/stm32cubeide_1.5.0/stm32cubeide/plugins/com.st.stm32cube.ide.mcu.externaltools.gnu-tools-for-stm32.9-2020-q2-update.win32_1.5.0.202011040924/tools/bin/../lib/gcc/arm-none-eabi/9.3.1/../../../../arm-none-eabi/lib/thumb/v7e-m+fp/hard\libc_nano.a(lib_a-makebuf.o)
                0x000000000800baa8                __smakebuf_r
 .text.malloc   0x000000000800bb28       0x10 c:/st/stm32cubeide_1.5.0/stm32cubeide/plugins/com.st.stm32cube.ide.mcu.externaltools.gnu-tools-for-stm32.9-2020-q2-update.win32_1.5.0.202011040924/tools/bin/../lib/gcc/arm-none-eabi/9.3.1/../../../../arm-none-eabi/lib/thumb/v7e-m+fp/hard\libc_nano.a(lib_a-malloc.o)
                0x000000000800bb28                malloc
 .text._Balloc  0x000000000800bb38       0x80 c:/st/stm32cubeide_1.5.0/stm32cubeide/plugins/com.st.stm32cube.ide.mcu.externaltools.gnu-tools-for-stm32.9-2020-q2-update.win32_1.5.0.202011040924/tools/bin/../lib/gcc/arm-none-eabi/9.3.1/../../../../arm-none-eabi/lib/thumb/v7e-m+fp/hard\libc_nano.a(lib_a-mprec.o)
                0x000000000800bb38                _Balloc
 .text._Bfree   0x000000000800bbb8       0x44 c:/st/stm32cubeide_1.5.0/stm32cubeide/plugins/com.st.stm32cube.ide.mcu.externaltools.gnu-tools-for-stm32.9-2020-q2-update.win32_1.5.0.202011040924/tools/bin/../lib/gcc/arm-none-eabi/9.3.1/../../../../arm-none-eabi/lib/thumb/v7e-m+fp/hard\libc_nano.a(lib_a-mprec.o)
                0x000000000800bbb8                _Bfree
 .text.__multadd
                0x000000000800bbfc       0x94 c:/st/stm32cubeide_1.5.0/stm32cubeide/plugins/com.st.stm32cube.ide.mcu.externaltools.gnu-tools-for-stm32.9-2020-q2-update.win32_1.5.0.202011040924/tools/bin/../lib/gcc/arm-none-eabi/9.3.1/../../../../arm-none-eabi/lib/thumb/v7e-m+fp/hard\libc_nano.a(lib_a-mprec.o)
                0x000000000800bbfc                __multadd
 .text.__hi0bits
                0x000000000800bc90       0x40 c:/st/stm32cubeide_1.5.0/stm32cubeide/plugins/com.st.stm32cube.ide.mcu.externaltools.gnu-tools-for-stm32.9-2020-q2-update.win32_1.5.0.202011040924/tools/bin/../lib/gcc/arm-none-eabi/9.3.1/../../../../arm-none-eabi/lib/thumb/v7e-m+fp/hard\libc_nano.a(lib_a-mprec.o)
                0x000000000800bc90                __hi0bits
 .text.__lo0bits
                0x000000000800bcd0       0x60 c:/st/stm32cubeide_1.5.0/stm32cubeide/plugins/com.st.stm32cube.ide.mcu.externaltools.gnu-tools-for-stm32.9-2020-q2-update.win32_1.5.0.202011040924/tools/bin/../lib/gcc/arm-none-eabi/9.3.1/../../../../arm-none-eabi/lib/thumb/v7e-m+fp/hard\libc_nano.a(lib_a-mprec.o)
                0x000000000800bcd0                __lo0bits
 .text.__i2b    0x000000000800bd30       0x2c c:/st/stm32cubeide_1.5.0/stm32cubeide/plugins/com.st.stm32cube.ide.mcu.externaltools.gnu-tools-for-stm32.9-2020-q2-update.win32_1.5.0.202011040924/tools/bin/../lib/gcc/arm-none-eabi/9.3.1/../../../../arm-none-eabi/lib/thumb/v7e-m+fp/hard\libc_nano.a(lib_a-mprec.o)
                0x000000000800bd30                __i2b
 .text.__multiply
                0x000000000800bd5c      0x14c c:/st/stm32cubeide_1.5.0/stm32cubeide/plugins/com.st.stm32cube.ide.mcu.externaltools.gnu-tools-for-stm32.9-2020-q2-update.win32_1.5.0.202011040924/tools/bin/../lib/gcc/arm-none-eabi/9.3.1/../../../../arm-none-eabi/lib/thumb/v7e-m+fp/hard\libc_nano.a(lib_a-mprec.o)
                0x000000000800bd5c                __multiply
 .text.__pow5mult
                0x000000000800bea8       0xb4 c:/st/stm32cubeide_1.5.0/stm32cubeide/plugins/com.st.stm32cube.ide.mcu.externaltools.gnu-tools-for-stm32.9-2020-q2-update.win32_1.5.0.202011040924/tools/bin/../lib/gcc/arm-none-eabi/9.3.1/../../../../arm-none-eabi/lib/thumb/v7e-m+fp/hard\libc_nano.a(lib_a-mprec.o)
                0x000000000800bea8                __pow5mult
 .text.__lshift
                0x000000000800bf5c       0xd8 c:/st/stm32cubeide_1.5.0/stm32cubeide/plugins/com.st.stm32cube.ide.mcu.externaltools.gnu-tools-for-stm32.9-2020-q2-update.win32_1.5.0.202011040924/tools/bin/../lib/gcc/arm-none-eabi/9.3.1/../../../../arm-none-eabi/lib/thumb/v7e-m+fp/hard\libc_nano.a(lib_a-mprec.o)
                0x000000000800bf5c                __lshift
 .text.__mcmp   0x000000000800c034       0x38 c:/st/stm32cubeide_1.5.0/stm32cubeide/plugins/com.st.stm32cube.ide.mcu.externaltools.gnu-tools-for-stm32.9-2020-q2-update.win32_1.5.0.202011040924/tools/bin/../lib/gcc/arm-none-eabi/9.3.1/../../../../arm-none-eabi/lib/thumb/v7e-m+fp/hard\libc_nano.a(lib_a-mprec.o)
                0x000000000800c034                __mcmp
 .text.__mdiff  0x000000000800c06c      0x110 c:/st/stm32cubeide_1.5.0/stm32cubeide/plugins/com.st.stm32cube.ide.mcu.externaltools.gnu-tools-for-stm32.9-2020-q2-update.win32_1.5.0.202011040924/tools/bin/../lib/gcc/arm-none-eabi/9.3.1/../../../../arm-none-eabi/lib/thumb/v7e-m+fp/hard\libc_nano.a(lib_a-mprec.o)
                0x000000000800c06c                __mdiff
 .text.__d2b    0x000000000800c17c       0xb8 c:/st/stm32cubeide_1.5.0/stm32cubeide/plugins/com.st.stm32cube.ide.mcu.externaltools.gnu-tools-for-stm32.9-2020-q2-update.win32_1.5.0.202011040924/tools/bin/../lib/gcc/arm-none-eabi/9.3.1/../../../../arm-none-eabi/lib/thumb/v7e-m+fp/hard\libc_nano.a(lib_a-mprec.o)
                0x000000000800c17c                __d2b
 .text._calloc_r
                0x000000000800c234       0x1e c:/st/stm32cubeide_1.5.0/stm32cubeide/plugins/com.st.stm32cube.ide.mcu.externaltools.gnu-tools-for-stm32.9-2020-q2-update.win32_1.5.0.202011040924/tools/bin/../lib/gcc/arm-none-eabi/9.3.1/../../../../arm-none-eabi/lib/thumb/v7e-m+fp/hard\libc_nano.a(lib_a-nano-callocr.o)
                0x000000000800c234                _calloc_r
 *fill*         0x000000000800c252        0x2 
 .text._free_r  0x000000000800c254       0xa0 c:/st/stm32cubeide_1.5.0/stm32cubeide/plugins/com.st.stm32cube.ide.mcu.externaltools.gnu-tools-for-stm32.9-2020-q2-update.win32_1.5.0.202011040924/tools/bin/../lib/gcc/arm-none-eabi/9.3.1/../../../../arm-none-eabi/lib/thumb/v7e-m+fp/hard\libc_nano.a(lib_a-nano-freer.o)
                0x000000000800c254                _free_r
 .text._malloc_r
                0x000000000800c2f4       0xb4 c:/st/stm32cubeide_1.5.0/stm32cubeide/plugins/com.st.stm32cube.ide.mcu.externaltools.gnu-tools-for-stm32.9-2020-q2-update.win32_1.5.0.202011040924/tools/bin/../lib/gcc/arm-none-eabi/9.3.1/../../../../arm-none-eabi/lib/thumb/v7e-m+fp/hard\libc_nano.a(lib_a-nano-mallocr.o)
                0x000000000800c2f4                _malloc_r
 .text.__sfputc_r
                0x000000000800c3a8       0x2e c:/st/stm32cubeide_1.5.0/stm32cubeide/plugins/com.st.stm32cube.ide.mcu.externaltools.gnu-tools-for-stm32.9-2020-q2-update.win32_1.5.0.202011040924/tools/bin/../lib/gcc/arm-none-eabi/9.3.1/../../../../arm-none-eabi/lib/thumb/v7e-m+fp/hard\libc_nano.a(lib_a-nano-vfprintf.o)
 .text.__sfputs_r
                0x000000000800c3d6       0x24 c:/st/stm32cubeide_1.5.0/stm32cubeide/plugins/com.st.stm32cube.ide.mcu.externaltools.gnu-tools-for-stm32.9-2020-q2-update.win32_1.5.0.202011040924/tools/bin/../lib/gcc/arm-none-eabi/9.3.1/../../../../arm-none-eabi/lib/thumb/v7e-m+fp/hard\libc_nano.a(lib_a-nano-vfprintf.o)
                0x000000000800c3d6                __sfputs_r
 *fill*         0x000000000800c3fa        0x2 
 .text._vfprintf_r
                0x000000000800c3fc      0x260 c:/st/stm32cubeide_1.5.0/stm32cubeide/plugins/com.st.stm32cube.ide.mcu.externaltools.gnu-tools-for-stm32.9-2020-q2-update.win32_1.5.0.202011040924/tools/bin/../lib/gcc/arm-none-eabi/9.3.1/../../../../arm-none-eabi/lib/thumb/v7e-m+fp/hard\libc_nano.a(lib_a-nano-vfprintf.o)
                0x000000000800c3fc                _vfprintf_r
                0x000000000800c3fc                _vfiprintf_r
 .text._sbrk_r  0x000000000800c65c       0x20 c:/st/stm32cubeide_1.5.0/stm32cubeide/plugins/com.st.stm32cube.ide.mcu.externaltools.gnu-tools-for-stm32.9-2020-q2-update.win32_1.5.0.202011040924/tools/bin/../lib/gcc/arm-none-eabi/9.3.1/../../../../arm-none-eabi/lib/thumb/v7e-m+fp/hard\libc_nano.a(lib_a-sbrkr.o)
                0x000000000800c65c                _sbrk_r
 .text.__sread  0x000000000800c67c       0x22 c:/st/stm32cubeide_1.5.0/stm32cubeide/plugins/com.st.stm32cube.ide.mcu.externaltools.gnu-tools-for-stm32.9-2020-q2-update.win32_1.5.0.202011040924/tools/bin/../lib/gcc/arm-none-eabi/9.3.1/../../../../arm-none-eabi/lib/thumb/v7e-m+fp/hard\libc_nano.a(lib_a-stdio.o)
                0x000000000800c67c                __sread
 .text.__swrite
                0x000000000800c69e       0x38 c:/st/stm32cubeide_1.5.0/stm32cubeide/plugins/com.st.stm32cube.ide.mcu.externaltools.gnu-tools-for-stm32.9-2020-q2-update.win32_1.5.0.202011040924/tools/bin/../lib/gcc/arm-none-eabi/9.3.1/../../../../arm-none-eabi/lib/thumb/v7e-m+fp/hard\libc_nano.a(lib_a-stdio.o)
                0x000000000800c69e                __swrite
 .text.__sseek  0x000000000800c6d6       0x24 c:/st/stm32cubeide_1.5.0/stm32cubeide/plugins/com.st.stm32cube.ide.mcu.externaltools.gnu-tools-for-stm32.9-2020-q2-update.win32_1.5.0.202011040924/tools/bin/../lib/gcc/arm-none-eabi/9.3.1/../../../../arm-none-eabi/lib/thumb/v7e-m+fp/hard\libc_nano.a(lib_a-stdio.o)
                0x000000000800c6d6                __sseek
 .text.__sclose
                0x000000000800c6fa        0x8 c:/st/stm32cubeide_1.5.0/stm32cubeide/plugins/com.st.stm32cube.ide.mcu.externaltools.gnu-tools-for-stm32.9-2020-q2-update.win32_1.5.0.202011040924/tools/bin/../lib/gcc/arm-none-eabi/9.3.1/../../../../arm-none-eabi/lib/thumb/v7e-m+fp/hard\libc_nano.a(lib_a-stdio.o)
                0x000000000800c6fa                __sclose
 *fill*         0x000000000800c702        0x2 
 .text._write_r
                0x000000000800c704       0x24 c:/st/stm32cubeide_1.5.0/stm32cubeide/plugins/com.st.stm32cube.ide.mcu.externaltools.gnu-tools-for-stm32.9-2020-q2-update.win32_1.5.0.202011040924/tools/bin/../lib/gcc/arm-none-eabi/9.3.1/../../../../arm-none-eabi/lib/thumb/v7e-m+fp/hard\libc_nano.a(lib_a-writer.o)
                0x000000000800c704                _write_r
 .text.__assert_func
                0x000000000800c728       0x3c c:/st/stm32cubeide_1.5.0/stm32cubeide/plugins/com.st.stm32cube.ide.mcu.externaltools.gnu-tools-for-stm32.9-2020-q2-update.win32_1.5.0.202011040924/tools/bin/../lib/gcc/arm-none-eabi/9.3.1/../../../../arm-none-eabi/lib/thumb/v7e-m+fp/hard\libc_nano.a(lib_a-assert.o)
                0x000000000800c728                __assert_func
 .text._close_r
                0x000000000800c764       0x20 c:/st/stm32cubeide_1.5.0/stm32cubeide/plugins/com.st.stm32cube.ide.mcu.externaltools.gnu-tools-for-stm32.9-2020-q2-update.win32_1.5.0.202011040924/tools/bin/../lib/gcc/arm-none-eabi/9.3.1/../../../../arm-none-eabi/lib/thumb/v7e-m+fp/hard\libc_nano.a(lib_a-closer.o)
                0x000000000800c764                _close_r
 .text.fprintf  0x000000000800c784       0x24 c:/st/stm32cubeide_1.5.0/stm32cubeide/plugins/com.st.stm32cube.ide.mcu.externaltools.gnu-tools-for-stm32.9-2020-q2-update.win32_1.5.0.202011040924/tools/bin/../lib/gcc/arm-none-eabi/9.3.1/../../../../arm-none-eabi/lib/thumb/v7e-m+fp/hard\libc_nano.a(lib_a-fprintf.o)
                0x000000000800c784                fiprintf
                0x000000000800c784                fprintf
 .text._fstat_r
                0x000000000800c7a8       0x24 c:/st/stm32cubeide_1.5.0/stm32cubeide/plugins/com.st.stm32cube.ide.mcu.externaltools.gnu-tools-for-stm32.9-2020-q2-update.win32_1.5.0.202011040924/tools/bin/../lib/gcc/arm-none-eabi/9.3.1/../../../../arm-none-eabi/lib/thumb/v7e-m+fp/hard\libc_nano.a(lib_a-fstatr.o)
                0x000000000800c7a8                _fstat_r
 .text._isatty_r
                0x000000000800c7cc       0x20 c:/st/stm32cubeide_1.5.0/stm32cubeide/plugins/com.st.stm32cube.ide.mcu.externaltools.gnu-tools-for-stm32.9-2020-q2-update.win32_1.5.0.202011040924/tools/bin/../lib/gcc/arm-none-eabi/9.3.1/../../../../arm-none-eabi/lib/thumb/v7e-m+fp/hard\libc_nano.a(lib_a-isattyr.o)
                0x000000000800c7cc                _isatty_r
 .text._lseek_r
                0x000000000800c7ec       0x24 c:/st/stm32cubeide_1.5.0/stm32cubeide/plugins/com.st.stm32cube.ide.mcu.externaltools.gnu-tools-for-stm32.9-2020-q2-update.win32_1.5.0.202011040924/tools/bin/../lib/gcc/arm-none-eabi/9.3.1/../../../../arm-none-eabi/lib/thumb/v7e-m+fp/hard\libc_nano.a(lib_a-lseekr.o)
                0x000000000800c7ec                _lseek_r
 .text.__ascii_mbtowc
                0x000000000800c810       0x24 c:/st/stm32cubeide_1.5.0/stm32cubeide/plugins/com.st.stm32cube.ide.mcu.externaltools.gnu-tools-for-stm32.9-2020-q2-update.win32_1.5.0.202011040924/tools/bin/../lib/gcc/arm-none-eabi/9.3.1/../../../../arm-none-eabi/lib/thumb/v7e-m+fp/hard\libc_nano.a(lib_a-mbtowc_r.o)
                0x000000000800c810                __ascii_mbtowc
 .text.__malloc_lock
                0x000000000800c834        0xc c:/st/stm32cubeide_1.5.0/stm32cubeide/plugins/com.st.stm32cube.ide.mcu.externaltools.gnu-tools-for-stm32.9-2020-q2-update.win32_1.5.0.202011040924/tools/bin/../lib/gcc/arm-none-eabi/9.3.1/../../../../arm-none-eabi/lib/thumb/v7e-m+fp/hard\libc_nano.a(lib_a-mlock.o)
                0x000000000800c834                __malloc_lock
 .text.__malloc_unlock
                0x000000000800c840        0xc c:/st/stm32cubeide_1.5.0/stm32cubeide/plugins/com.st.stm32cube.ide.mcu.externaltools.gnu-tools-for-stm32.9-2020-q2-update.win32_1.5.0.202011040924/tools/bin/../lib/gcc/arm-none-eabi/9.3.1/../../../../arm-none-eabi/lib/thumb/v7e-m+fp/hard\libc_nano.a(lib_a-mlock.o)
                0x000000000800c840                __malloc_unlock
 .text._read_r  0x000000000800c84c       0x24 c:/st/stm32cubeide_1.5.0/stm32cubeide/plugins/com.st.stm32cube.ide.mcu.externaltools.gnu-tools-for-stm32.9-2020-q2-update.win32_1.5.0.202011040924/tools/bin/../lib/gcc/arm-none-eabi/9.3.1/../../../../arm-none-eabi/lib/thumb/v7e-m+fp/hard\libc_nano.a(lib_a-readr.o)
                0x000000000800c84c                _read_r
 .text.__ascii_wctomb
                0x000000000800c870       0x1a c:/st/stm32cubeide_1.5.0/stm32cubeide/plugins/com.st.stm32cube.ide.mcu.externaltools.gnu-tools-for-stm32.9-2020-q2-update.win32_1.5.0.202011040924/tools/bin/../lib/gcc/arm-none-eabi/9.3.1/../../../../arm-none-eabi/lib/thumb/v7e-m+fp/hard\libc_nano.a(lib_a-wctomb_r.o)
                0x000000000800c870                __ascii_wctomb
 .text.abort    0x000000000800c88a        0xe c:/st/stm32cubeide_1.5.0/stm32cubeide/plugins/com.st.stm32cube.ide.mcu.externaltools.gnu-tools-for-stm32.9-2020-q2-update.win32_1.5.0.202011040924/tools/bin/../lib/gcc/arm-none-eabi/9.3.1/../../../../arm-none-eabi/lib/thumb/v7e-m+fp/hard\libc_nano.a(lib_a-abort.o)
                0x000000000800c88a                abort
 .text._raise_r
                0x000000000800c898       0x50 c:/st/stm32cubeide_1.5.0/stm32cubeide/plugins/com.st.stm32cube.ide.mcu.externaltools.gnu-tools-for-stm32.9-2020-q2-update.win32_1.5.0.202011040924/tools/bin/../lib/gcc/arm-none-eabi/9.3.1/../../../../arm-none-eabi/lib/thumb/v7e-m+fp/hard\libc_nano.a(lib_a-signal.o)
                0x000000000800c898                _raise_r
 .text.raise    0x000000000800c8e8       0x10 c:/st/stm32cubeide_1.5.0/stm32cubeide/plugins/com.st.stm32cube.ide.mcu.externaltools.gnu-tools-for-stm32.9-2020-q2-update.win32_1.5.0.202011040924/tools/bin/../lib/gcc/arm-none-eabi/9.3.1/../../../../arm-none-eabi/lib/thumb/v7e-m+fp/hard\libc_nano.a(lib_a-signal.o)
                0x000000000800c8e8                raise
 .text._kill_r  0x000000000800c8f8       0x24 c:/st/stm32cubeide_1.5.0/stm32cubeide/plugins/com.st.stm32cube.ide.mcu.externaltools.gnu-tools-for-stm32.9-2020-q2-update.win32_1.5.0.202011040924/tools/bin/../lib/gcc/arm-none-eabi/9.3.1/../../../../arm-none-eabi/lib/thumb/v7e-m+fp/hard\libc_nano.a(lib_a-signalr.o)
                0x000000000800c8f8                _kill_r
 .text._getpid_r
                0x000000000800c91c        0x4 c:/st/stm32cubeide_1.5.0/stm32cubeide/plugins/com.st.stm32cube.ide.mcu.externaltools.gnu-tools-for-stm32.9-2020-q2-update.win32_1.5.0.202011040924/tools/bin/../lib/gcc/arm-none-eabi/9.3.1/../../../../arm-none-eabi/lib/thumb/v7e-m+fp/hard\libc_nano.a(lib_a-signalr.o)
                0x000000000800c91c                _getpid_r
 .text._getpid  0x000000000800c920       0x10 c:/st/stm32cubeide_1.5.0/stm32cubeide/plugins/com.st.stm32cube.ide.mcu.externaltools.gnu-tools-for-stm32.9-2020-q2-update.win32_1.5.0.202011040924/tools/bin/../lib/gcc/arm-none-eabi/9.3.1/../../../../arm-none-eabi/lib/thumb/v7e-m+fp/hard\libnosys.a(getpid.o)
                0x000000000800c920                _getpid
 .text._kill    0x000000000800c930       0x10 c:/st/stm32cubeide_1.5.0/stm32cubeide/plugins/com.st.stm32cube.ide.mcu.externaltools.gnu-tools-for-stm32.9-2020-q2-update.win32_1.5.0.202011040924/tools/bin/../lib/gcc/arm-none-eabi/9.3.1/../../../../arm-none-eabi/lib/thumb/v7e-m+fp/hard\libnosys.a(kill.o)
                0x000000000800c930                _kill
 .text._exit    0x000000000800c940        0x2 c:/st/stm32cubeide_1.5.0/stm32cubeide/plugins/com.st.stm32cube.ide.mcu.externaltools.gnu-tools-for-stm32.9-2020-q2-update.win32_1.5.0.202011040924/tools/bin/../lib/gcc/arm-none-eabi/9.3.1/../../../../arm-none-eabi/lib/thumb/v7e-m+fp/hard\libnosys.a(_exit.o)
                0x000000000800c940                _exit
 *(.glue_7)
 .glue_7        0x000000000800c942        0x0 linker stubs
 *(.glue_7t)
 .glue_7t       0x000000000800c942        0x0 linker stubs
 *(.eh_frame)
 *fill*         0x000000000800c942        0x2 
 .eh_frame      0x000000000800c944        0x0 c:/st/stm32cubeide_1.5.0/stm32cubeide/plugins/com.st.stm32cube.ide.mcu.externaltools.gnu-tools-for-stm32.9-2020-q2-update.win32_1.5.0.202011040924/tools/bin/../lib/gcc/arm-none-eabi/9.3.1/thumb/v7e-m+fp/hard/crtbegin.o
 *(.init)
 .init          0x000000000800c944        0x4 c:/st/stm32cubeide_1.5.0/stm32cubeide/plugins/com.st.stm32cube.ide.mcu.externaltools.gnu-tools-for-stm32.9-2020-q2-update.win32_1.5.0.202011040924/tools/bin/../lib/gcc/arm-none-eabi/9.3.1/thumb/v7e-m+fp/hard/crti.o
                0x000000000800c944                _init
 .init          0x000000000800c948        0x8 c:/st/stm32cubeide_1.5.0/stm32cubeide/plugins/com.st.stm32cube.ide.mcu.externaltools.gnu-tools-for-stm32.9-2020-q2-update.win32_1.5.0.202011040924/tools/bin/../lib/gcc/arm-none-eabi/9.3.1/thumb/v7e-m+fp/hard/crtn.o
 *(.fini)
 .fini          0x000000000800c950        0x4 c:/st/stm32cubeide_1.5.0/stm32cubeide/plugins/com.st.stm32cube.ide.mcu.externaltools.gnu-tools-for-stm32.9-2020-q2-update.win32_1.5.0.202011040924/tools/bin/../lib/gcc/arm-none-eabi/9.3.1/thumb/v7e-m+fp/hard/crti.o
                0x000000000800c950                _fini
 .fini          0x000000000800c954        0x8 c:/st/stm32cubeide_1.5.0/stm32cubeide/plugins/com.st.stm32cube.ide.mcu.externaltools.gnu-tools-for-stm32.9-2020-q2-update.win32_1.5.0.202011040924/tools/bin/../lib/gcc/arm-none-eabi/9.3.1/thumb/v7e-m+fp/hard/crtn.o
                0x000000000800c95c                . = ALIGN (0x4)
                0x000000000800c95c                _etext = .

.vfp11_veneer   0x000000000800c95c        0x0
 .vfp11_veneer  0x000000000800c95c        0x0 linker stubs

.v4_bx          0x000000000800c95c        0x0
 .v4_bx         0x000000000800c95c        0x0 linker stubs

.iplt           0x000000000800c95c        0x0
 .iplt          0x000000000800c95c        0x0 c:/st/stm32cubeide_1.5.0/stm32cubeide/plugins/com.st.stm32cube.ide.mcu.externaltools.gnu-tools-for-stm32.9-2020-q2-update.win32_1.5.0.202011040924/tools/bin/../lib/gcc/arm-none-eabi/9.3.1/thumb/v7e-m+fp/hard/crtbegin.o

.rodata         0x000000000800c960      0x494
                0x000000000800c960                . = ALIGN (0x4)
 *(.rodata)
 .rodata        0x000000000800c960       0x5e Core/Src/lib_vl53l0x.o
 *fill*         0x000000000800c9be        0x2 
 .rodata        0x000000000800c9c0       0x16 Core/Src/main.o
 *(.rodata*)
 *fill*         0x000000000800c9d6        0x2 
 .rodata.AHBPrescTable
                0x000000000800c9d8       0x10 Core/Src/system_stm32f3xx.o
                0x000000000800c9d8                AHBPrescTable
 .rodata.APBPrescTable
                0x000000000800c9e8        0x8 Core/Src/system_stm32f3xx.o
                0x000000000800c9e8                APBPrescTable
 .rodata.aPLLMULFactorTable
                0x000000000800c9f0       0x10 Drivers/STM32F3xx_HAL_Driver/Src/stm32f3xx_hal_rcc.o
                0x000000000800c9f0                aPLLMULFactorTable
 .rodata.aPredivFactorTable
                0x000000000800ca00       0x10 Drivers/STM32F3xx_HAL_Driver/Src/stm32f3xx_hal_rcc.o
                0x000000000800ca00                aPredivFactorTable
 .rodata._global_impure_ptr
                0x000000000800ca10        0x4 c:/st/stm32cubeide_1.5.0/stm32cubeide/plugins/com.st.stm32cube.ide.mcu.externaltools.gnu-tools-for-stm32.9-2020-q2-update.win32_1.5.0.202011040924/tools/bin/../lib/gcc/arm-none-eabi/9.3.1/../../../../arm-none-eabi/lib/thumb/v7e-m+fp/hard\libc_nano.a(lib_a-impure.o)
                0x000000000800ca10                _global_impure_ptr
 .rodata._printf_float.str1.1
                0x000000000800ca14       0x12 c:/st/stm32cubeide_1.5.0/stm32cubeide/plugins/com.st.stm32cube.ide.mcu.externaltools.gnu-tools-for-stm32.9-2020-q2-update.win32_1.5.0.202011040924/tools/bin/../lib/gcc/arm-none-eabi/9.3.1/../../../../arm-none-eabi/lib/thumb/v7e-m+fp/hard\libc_nano.a(lib_a-nano-vfprintf_float.o)
 .rodata._printf_i.str1.1
                0x000000000800ca26       0x22 c:/st/stm32cubeide_1.5.0/stm32cubeide/plugins/com.st.stm32cube.ide.mcu.externaltools.gnu-tools-for-stm32.9-2020-q2-update.win32_1.5.0.202011040924/tools/bin/../lib/gcc/arm-none-eabi/9.3.1/../../../../arm-none-eabi/lib/thumb/v7e-m+fp/hard\libc_nano.a(lib_a-nano-vfprintf_i.o)
 .rodata._dtoa_r.str1.1
                0x000000000800ca48       0x94 c:/st/stm32cubeide_1.5.0/stm32cubeide/plugins/com.st.stm32cube.ide.mcu.externaltools.gnu-tools-for-stm32.9-2020-q2-update.win32_1.5.0.202011040924/tools/bin/../lib/gcc/arm-none-eabi/9.3.1/../../../../arm-none-eabi/lib/thumb/v7e-m+fp/hard\libc_nano.a(lib_a-dtoa.o)
                                         0x96 (size before relaxing)
 .rodata.__sf_fake_stderr
                0x000000000800cadc       0x20 c:/st/stm32cubeide_1.5.0/stm32cubeide/plugins/com.st.stm32cube.ide.mcu.externaltools.gnu-tools-for-stm32.9-2020-q2-update.win32_1.5.0.202011040924/tools/bin/../lib/gcc/arm-none-eabi/9.3.1/../../../../arm-none-eabi/lib/thumb/v7e-m+fp/hard\libc_nano.a(lib_a-findfp.o)
                0x000000000800cadc                __sf_fake_stderr
 .rodata.__sf_fake_stdin
                0x000000000800cafc       0x20 c:/st/stm32cubeide_1.5.0/stm32cubeide/plugins/com.st.stm32cube.ide.mcu.externaltools.gnu-tools-for-stm32.9-2020-q2-update.win32_1.5.0.202011040924/tools/bin/../lib/gcc/arm-none-eabi/9.3.1/../../../../arm-none-eabi/lib/thumb/v7e-m+fp/hard\libc_nano.a(lib_a-findfp.o)
                0x000000000800cafc                __sf_fake_stdin
 .rodata.__sf_fake_stdout
                0x000000000800cb1c       0x20 c:/st/stm32cubeide_1.5.0/stm32cubeide/plugins/com.st.stm32cube.ide.mcu.externaltools.gnu-tools-for-stm32.9-2020-q2-update.win32_1.5.0.202011040924/tools/bin/../lib/gcc/arm-none-eabi/9.3.1/../../../../arm-none-eabi/lib/thumb/v7e-m+fp/hard\libc_nano.a(lib_a-findfp.o)
                0x000000000800cb1c                __sf_fake_stdout
 .rodata._Balloc.str1.1
                0x000000000800cb3c       0x60 c:/st/stm32cubeide_1.5.0/stm32cubeide/plugins/com.st.stm32cube.ide.mcu.externaltools.gnu-tools-for-stm32.9-2020-q2-update.win32_1.5.0.202011040924/tools/bin/../lib/gcc/arm-none-eabi/9.3.1/../../../../arm-none-eabi/lib/thumb/v7e-m+fp/hard\libc_nano.a(lib_a-mprec.o)
                                         0x77 (size before relaxing)
 .rodata.__multadd.str1.1
                0x000000000800cb9c       0x11 c:/st/stm32cubeide_1.5.0/stm32cubeide/plugins/com.st.stm32cube.ide.mcu.externaltools.gnu-tools-for-stm32.9-2020-q2-update.win32_1.5.0.202011040924/tools/bin/../lib/gcc/arm-none-eabi/9.3.1/../../../../arm-none-eabi/lib/thumb/v7e-m+fp/hard\libc_nano.a(lib_a-mprec.o)
 *fill*         0x000000000800cb9c        0x4 
 .rodata.__mprec_bigtens
                0x000000000800cba0       0x28 c:/st/stm32cubeide_1.5.0/stm32cubeide/plugins/com.st.stm32cube.ide.mcu.externaltools.gnu-tools-for-stm32.9-2020-q2-update.win32_1.5.0.202011040924/tools/bin/../lib/gcc/arm-none-eabi/9.3.1/../../../../arm-none-eabi/lib/thumb/v7e-m+fp/hard\libc_nano.a(lib_a-mprec.o)
                0x000000000800cba0                __mprec_bigtens
 .rodata.__mprec_tens
                0x000000000800cbc8       0xc8 c:/st/stm32cubeide_1.5.0/stm32cubeide/plugins/com.st.stm32cube.ide.mcu.externaltools.gnu-tools-for-stm32.9-2020-q2-update.win32_1.5.0.202011040924/tools/bin/../lib/gcc/arm-none-eabi/9.3.1/../../../../arm-none-eabi/lib/thumb/v7e-m+fp/hard\libc_nano.a(lib_a-mprec.o)
                0x000000000800cbc8                __mprec_tens
 .rodata.p05.7513
                0x000000000800cc90        0xc c:/st/stm32cubeide_1.5.0/stm32cubeide/plugins/com.st.stm32cube.ide.mcu.externaltools.gnu-tools-for-stm32.9-2020-q2-update.win32_1.5.0.202011040924/tools/bin/../lib/gcc/arm-none-eabi/9.3.1/../../../../arm-none-eabi/lib/thumb/v7e-m+fp/hard\libc_nano.a(lib_a-mprec.o)
 .rodata._vfprintf_r.str1.1
                0x000000000800cc9c       0x11 c:/st/stm32cubeide_1.5.0/stm32cubeide/plugins/com.st.stm32cube.ide.mcu.externaltools.gnu-tools-for-stm32.9-2020-q2-update.win32_1.5.0.202011040924/tools/bin/../lib/gcc/arm-none-eabi/9.3.1/../../../../arm-none-eabi/lib/thumb/v7e-m+fp/hard\libc_nano.a(lib_a-nano-vfprintf.o)
 .rodata.__assert_func.str1.1
                0x000000000800ccad       0x3c c:/st/stm32cubeide_1.5.0/stm32cubeide/plugins/com.st.stm32cube.ide.mcu.externaltools.gnu-tools-for-stm32.9-2020-q2-update.win32_1.5.0.202011040924/tools/bin/../lib/gcc/arm-none-eabi/9.3.1/../../../../arm-none-eabi/lib/thumb/v7e-m+fp/hard\libc_nano.a(lib_a-assert.o)
                                         0x3d (size before relaxing)
 .rodata._setlocale_r.str1.1
                0x000000000800cce9        0x8 c:/st/stm32cubeide_1.5.0/stm32cubeide/plugins/com.st.stm32cube.ide.mcu.externaltools.gnu-tools-for-stm32.9-2020-q2-update.win32_1.5.0.202011040924/tools/bin/../lib/gcc/arm-none-eabi/9.3.1/../../../../arm-none-eabi/lib/thumb/v7e-m+fp/hard\libc_nano.a(lib_a-locale.o)
                                          0x9 (size before relaxing)
 .rodata.str1.1
                0x000000000800ccf1        0x2 c:/st/stm32cubeide_1.5.0/stm32cubeide/plugins/com.st.stm32cube.ide.mcu.externaltools.gnu-tools-for-stm32.9-2020-q2-update.win32_1.5.0.202011040924/tools/bin/../lib/gcc/arm-none-eabi/9.3.1/../../../../arm-none-eabi/lib/thumb/v7e-m+fp/hard\libc_nano.a(lib_a-locale.o)
 .rodata._ctype_
                0x000000000800ccf3      0x101 c:/st/stm32cubeide_1.5.0/stm32cubeide/plugins/com.st.stm32cube.ide.mcu.externaltools.gnu-tools-for-stm32.9-2020-q2-update.win32_1.5.0.202011040924/tools/bin/../lib/gcc/arm-none-eabi/9.3.1/../../../../arm-none-eabi/lib/thumb/v7e-m+fp/hard\libc_nano.a(lib_a-ctype_.o)
                0x000000000800ccf3                _ctype_
                0x000000000800cdf4                . = ALIGN (0x4)

.rel.dyn        0x000000000800cdf4        0x0
 .rel.iplt      0x000000000800cdf4        0x0 c:/st/stm32cubeide_1.5.0/stm32cubeide/plugins/com.st.stm32cube.ide.mcu.externaltools.gnu-tools-for-stm32.9-2020-q2-update.win32_1.5.0.202011040924/tools/bin/../lib/gcc/arm-none-eabi/9.3.1/thumb/v7e-m+fp/hard/crtbegin.o

.ARM.extab      0x000000000800cdf4        0x0
                0x000000000800cdf4                . = ALIGN (0x4)
 *(.ARM.extab* .gnu.linkonce.armextab.*)
                0x000000000800cdf4                . = ALIGN (0x4)

.ARM            0x000000000800cdf4        0x0
                0x000000000800cdf4                . = ALIGN (0x4)
                0x000000000800cdf4                __exidx_start = .
 *(.ARM.exidx*)
                0x000000000800cdf4                __exidx_end = .
                0x000000000800cdf4                . = ALIGN (0x4)

.preinit_array  0x000000000800cdf4        0x0
                0x000000000800cdf4                . = ALIGN (0x4)
                0x000000000800cdf4                PROVIDE (__preinit_array_start = .)
 *(.preinit_array*)
                0x000000000800cdf4                PROVIDE (__preinit_array_end = .)
                0x000000000800cdf4                . = ALIGN (0x4)

.init_array     0x000000000800cdf4        0x4
                0x000000000800cdf4                . = ALIGN (0x4)
                0x000000000800cdf4                PROVIDE (__init_array_start = .)
 *(SORT_BY_NAME(.init_array.*))
 *(.init_array*)
 .init_array    0x000000000800cdf4        0x4 c:/st/stm32cubeide_1.5.0/stm32cubeide/plugins/com.st.stm32cube.ide.mcu.externaltools.gnu-tools-for-stm32.9-2020-q2-update.win32_1.5.0.202011040924/tools/bin/../lib/gcc/arm-none-eabi/9.3.1/thumb/v7e-m+fp/hard/crtbegin.o
                0x000000000800cdf8                PROVIDE (__init_array_end = .)
                0x000000000800cdf8                . = ALIGN (0x4)

.fini_array     0x000000000800cdf8        0x4
                0x000000000800cdf8                . = ALIGN (0x4)
                [!provide]                        PROVIDE (__fini_array_start = .)
 *(SORT_BY_NAME(.fini_array.*))
 *(.fini_array*)
 .fini_array    0x000000000800cdf8        0x4 c:/st/stm32cubeide_1.5.0/stm32cubeide/plugins/com.st.stm32cube.ide.mcu.externaltools.gnu-tools-for-stm32.9-2020-q2-update.win32_1.5.0.202011040924/tools/bin/../lib/gcc/arm-none-eabi/9.3.1/thumb/v7e-m+fp/hard/crtbegin.o
                [!provide]                        PROVIDE (__fini_array_end = .)
                0x000000000800cdfc                . = ALIGN (0x4)
                0x000000000800cdfc                _sidata = LOADADDR (.data)

.data           0x0000000020000000      0x498 load address 0x000000000800cdfc
                0x0000000020000000                . = ALIGN (0x4)
                0x0000000020000000                _sdata = .
 *(.data)
 *(.data*)
 .data.SystemCoreClock
                0x0000000020000000        0x4 Core/Src/system_stm32f3xx.o
                0x0000000020000000                SystemCoreClock
 .data.uwTickPrio
                0x0000000020000004        0x4 Drivers/STM32F3xx_HAL_Driver/Src/stm32f3xx_hal.o
                0x0000000020000004                uwTickPrio
 .data.uwTickFreq
                0x0000000020000008        0x1 Drivers/STM32F3xx_HAL_Driver/Src/stm32f3xx_hal.o
                0x0000000020000008                uwTickFreq
 *fill*         0x0000000020000009        0x3 
 .data.DefaultTuningSettings
                0x000000002000000c       0xf3 Drivers/VL53L0X_API/core/src/vl53l0x_api.o
                0x000000002000000c                DefaultTuningSettings
 *fill*         0x00000000200000ff        0x1 
 .data.InterruptThresholdSettings
                0x0000000020000100      0x1b6 Drivers/VL53L0X_API/core/src/vl53l0x_api.o
                0x0000000020000100                InterruptThresholdSettings
 *fill*         0x00000000200002b6        0x2 
 .data.refArrayQuadrants