Archive member included to satisfy reference by file (symbol)

c:/st/stm32cubeide_1.5.0/stm32cubeide/plugins/com.st.stm32cube.ide.mcu.externaltools.gnu-tools-for-stm32.9-2020-q2-update.win32_1.5.0.202011040924/tools/bin/../lib/gcc/arm-none-eabi/9.3.1/../../../../arm-none-eabi/lib/thumb/v7e-m+fp/hard\libc_nano.a(lib_a-errno.o)
                              Core/Src/retarget.o (__errno)
c:/st/stm32cubeide_1.5.0/stm32cubeide/plugins/com.st.stm32cube.ide.mcu.externaltools.gnu-tools-for-stm32.9-2020-q2-update.win32_1.5.0.202011040924/tools/bin/../lib/gcc/arm-none-eabi/9.3.1/../../../../arm-none-eabi/lib/thumb/v7e-m+fp/hard\libc_nano.a(lib_a-exit.o)
                              c:/st/stm32cubeide_1.5.0/stm32cubeide/plugins/com.st.stm32cube.ide.mcu.externaltools.gnu-tools-for-stm32.9-2020-q2-update.win32_1.5.0.202011040924/tools/bin/../lib/gcc/arm-none-eabi/9.3.1/../../../../arm-none-eabi/lib/thumb/v7e-m+fp/hard/crt0.o (exit)
c:/st/stm32cubeide_1.5.0/stm32cubeide/plugins/com.st.stm32cube.ide.mcu.externaltools.gnu-tools-for-stm32.9-2020-q2-update.win32_1.5.0.202011040924/tools/bin/../lib/gcc/arm-none-eabi/9.3.1/../../../../arm-none-eabi/lib/thumb/v7e-m+fp/hard\libc_nano.a(lib_a-impure.o)
                              c:/st/stm32cubeide_1.5.0/stm32cubeide/plugins/com.st.stm32cube.ide.mcu.externaltools.gnu-tools-for-stm32.9-2020-q2-update.win32_1.5.0.202011040924/tools/bin/../lib/gcc/arm-none-eabi/9.3.1/../../../../arm-none-eabi/lib/thumb/v7e-m+fp/hard\libc_nano.a(lib_a-exit.o) (_global_impure_ptr)
c:/st/stm32cubeide_1.5.0/stm32cubeide/plugins/com.st.stm32cube.ide.mcu.externaltools.gnu-tools-for-stm32.9-2020-q2-update.win32_1.5.0.202011040924/tools/bin/../lib/gcc/arm-none-eabi/9.3.1/../../../../arm-none-eabi/lib/thumb/v7e-m+fp/hard\libc_nano.a(lib_a-init.o)
                              c:/st/stm32cubeide_1.5.0/stm32cubeide/plugins/com.st.stm32cube.ide.mcu.externaltools.gnu-tools-for-stm32.9-2020-q2-update.win32_1.5.0.202011040924/tools/bin/../lib/gcc/arm-none-eabi/9.3.1/../../../../arm-none-eabi/lib/thumb/v7e-m+fp/hard/crt0.o (__libc_init_array)
c:/st/stm32cubeide_1.5.0/stm32cubeide/plugins/com.st.stm32cube.ide.mcu.externaltools.gnu-tools-for-stm32.9-2020-q2-update.win32_1.5.0.202011040924/tools/bin/../lib/gcc/arm-none-eabi/9.3.1/../../../../arm-none-eabi/lib/thumb/v7e-m+fp/hard\libc_nano.a(lib_a-memcpy-stub.o)
                              Drivers/VL53L0X_API/core/src/vl53l0x_api_calibration.o (memcpy)
c:/st/stm32cubeide_1.5.0/stm32cubeide/plugins/com.st.stm32cube.ide.mcu.externaltools.gnu-tools-for-stm32.9-2020-q2-update.win32_1.5.0.202011040924/tools/bin/../lib/gcc/arm-none-eabi/9.3.1/../../../../arm-none-eabi/lib/thumb/v7e-m+fp/hard\libc_nano.a(lib_a-memset.o)
                              c:/st/stm32cubeide_1.5.0/stm32cubeide/plugins/com.st.stm32cube.ide.mcu.externaltools.gnu-tools-for-stm32.9-2020-q2-update.win32_1.5.0.202011040924/tools/bin/../lib/gcc/arm-none-eabi/9.3.1/../../../../arm-none-eabi/lib/thumb/v7e-m+fp/hard/crt0.o (memset)
c:/st/stm32cubeide_1.5.0/stm32cubeide/plugins/com.st.stm32cube.ide.mcu.externaltools.gnu-tools-for-stm32.9-2020-q2-update.win32_1.5.0.202011040924/tools/bin/../lib/gcc/arm-none-eabi/9.3.1/../../../../arm-none-eabi/lib/thumb/v7e-m+fp/hard\libc_nano.a(lib_a-nano-vfprintf_float.o)
                              (_printf_float)
c:/st/stm32cubeide_1.5.0/stm32cubeide/plugins/com.st.stm32cube.ide.mcu.externaltools.gnu-tools-for-stm32.9-2020-q2-update.win32_1.5.0.202011040924/tools/bin/../lib/gcc/arm-none-eabi/9.3.1/../../../../arm-none-eabi/lib/thumb/v7e-m+fp/hard\libc_nano.a(lib_a-nano-vfprintf_i.o)
                              c:/st/stm32cubeide_1.5.0/stm32cubeide/plugins/com.st.stm32cube.ide.mcu.externaltools.gnu-tools-for-stm32.9-2020-q2-update.win32_1.5.0.202011040924/tools/bin/../lib/gcc/arm-none-eabi/9.3.1/../../../../arm-none-eabi/lib/thumb/v7e-m+fp/hard\libc_nano.a(lib_a-nano-vfprintf_float.o) (_printf_common)
c:/st/stm32cubeide_1.5.0/stm32cubeide/plugins/com.st.stm32cube.ide.mcu.externaltools.gnu-tools-for-stm32.9-2020-q2-update.win32_1.5.0.202011040924/tools/bin/../lib/gcc/arm-none-eabi/9.3.1/../../../../arm-none-eabi/lib/thumb/v7e-m+fp/hard\libc_nano.a(lib_a-puts.o)
                              Core/Src/main.o (puts)
c:/st/stm32cubeide_1.5.0/stm32cubeide/plugins/com.st.stm32cube.ide.mcu.externaltools.gnu-tools-for-stm32.9-2020-q2-update.win32_1.5.0.202011040924/tools/bin/../lib/gcc/arm-none-eabi/9.3.1/../../../../arm-none-eabi/lib/thumb/v7e-m+fp/hard\libc_nano.a(lib_a-setvbuf.o)
                              Core/Src/retarget.o (setvbuf)
c:/st/stm32cubeide_1.5.0/stm32cubeide/plugins/com.st.stm32cube.ide.mcu.externaltools.gnu-tools-for-stm32.9-2020-q2-update.win32_1.5.0.202011040924/tools/bin/../lib/gcc/arm-none-eabi/9.3.1/../../../../arm-none-eabi/lib/thumb/v7e-m+fp/hard\libc_nano.a(lib_a-strcpy.o)
                              Drivers/VL53L0X_API/core/src/vl53l0x_api_core.o (strcpy)
[...]
Memory Configuration

Name             Origin             Length             Attributes
CCMRAM           0x0000000010000000 0x0000000000001000 xrw
RAM              0x0000000020000000 0x0000000000003000 xrw
FLASH            0x0000000008000000 0x0000000000010000 xr
*default*        0x0000000000000000 0xffffffffffffffff

Linker script and memory map

LOAD c:/st/stm32cubeide_1.5.0/stm32cubeide/plugins/com.st.stm32cube.ide.mcu.externaltools.gnu-tools-for-stm32.9-2020-q2-update.win32_1.5.0.202011040924/tools/bin/../lib/gcc/arm-none-eabi/9.3.1/thumb/v7e-m+fp/hard/crti.o
LOAD c:/st/stm32cubeide_1.5.0/stm32cubeide/plugins/com.st.stm32cube.ide.mcu.externaltools.gnu-tools-for-stm32.9-2020-q2-update.win32_1.5.0.202011040924/tools/bin/../lib/gcc/arm-none-eabi/9.3.1/thumb/v7e-m+fp/hard/crtbegin.o
LOAD c:/st/stm32cubeide_1.5.0/stm32cubeide/plugins/com.st.stm32cube.ide.mcu.externaltools.gnu-tools-for-stm32.9-2020-q2-update.win32_1.5.0.202011040924/tools/bin/../lib/gcc/arm-none-eabi/9.3.1/../../../../arm-none-eabi/lib/thumb/v7e-m+fp/hard/crt0.o
LOAD Core/Src/gpio.o
LOAD Core/Src/i2c.o
LOAD Core/Src/lib_vl53l0x.o
LOAD Core/Src/main.o
LOAD Core/Src/retarget.o
LOAD Core/Src/stm32f3xx_hal_msp.o
LOAD Core/Src/stm32f3xx_it.o
LOAD Core/Src/sysmem.o
LOAD Core/Src/system_stm32f3xx.o
LOAD Core/Src/usart.o
LOAD Core/Startup/startup_stm32f303k8tx.o
LOAD Drivers/AX-12/servoAX12.o
LOAD Drivers/STM32F3xx_HAL_Driver/Src/stm32f3xx_hal.o
LOAD Drivers/STM32F3xx_HAL_Driver/Src/stm32f3xx_hal_cortex.o
LOAD Drivers/STM32F3xx_HAL_Driver/Src/stm32f3xx_hal_dma.o
LOAD Drivers/STM32F3xx_HAL_Driver/Src/stm32f3xx_hal_exti.o
LOAD Drivers/STM32F3xx_HAL_Driver/Src/stm32f3xx_hal_flash.o
LOAD Drivers/STM32F3xx_HAL_Driver/Src/stm32f3xx_hal_flash_ex.o
LOAD Drivers/STM32F3xx_HAL_Driver/Src/stm32f3xx_hal_gpio.o
LOAD Drivers/STM32F3xx_HAL_Driver/Src/stm32f3xx_hal_i2c.o
LOAD Drivers/STM32F3xx_HAL_Driver/Src/stm32f3xx_hal_i2c_ex.o
LOAD Drivers/STM32F3xx_HAL_Driver/Src/stm32f3xx_hal_pwr.o
LOAD Drivers/STM32F3xx_HAL_Driver/Src/stm32f3xx_hal_pwr_ex.o
LOAD Drivers/STM32F3xx_HAL_Driver/Src/stm32f3xx_hal_rcc.o
LOAD Drivers/STM32F3xx_HAL_Driver/Src/stm32f3xx_hal_rcc_ex.o
LOAD Drivers/STM32F3xx_HAL_Driver/Src/stm32f3xx_hal_tim.o
LOAD Drivers/STM32F3xx_HAL_Driver/Src/stm32f3xx_hal_tim_ex.o
LOAD Drivers/STM32F3xx_HAL_Driver/Src/stm32f3xx_hal_uart.o
LOAD Drivers/STM32F3xx_HAL_Driver/Src/stm32f3xx_hal_uart_ex.o
LOAD Drivers/VL53L0X_API/core/src/vl53l0x_api.o
LOAD Drivers/VL53L0X_API/core/src/vl53l0x_api_calibration.o
LOAD Drivers/VL53L0X_API/core/src/vl53l0x_api_core.o
LOAD Drivers/VL53L0X_API/core/src/vl53l0x_api_ranging.o
LOAD Drivers/VL53L0X_API/core/src/vl53l0x_api_strings.o
LOAD Drivers/VL53L0X_API/platform/src/vl53l0x_platform.o
START GROUP
LOAD c:/st/stm32cubeide_1.5.0/stm32cubeide/plugins/com.st.stm32cube.ide.mcu.externaltools.gnu-tools-for-stm32.9-2020-q2-update.win32_1.5.0.202011040924/tools/bin/../lib/gcc/arm-none-eabi/9.3.1/../../../../arm-none-eabi/lib/thumb/v7e-m+fp/hard\libc_nano.a
LOAD c:/st/stm32cubeide_1.5.0/stm32cubeide/plugins/com.st.stm32cube.ide.mcu.externaltools.gnu-tools-for-stm32.9-2020-q2-update.win32_1.5.0.202011040924/tools/bin/../lib/gcc/arm-none-eabi/9.3.1/../../../../arm-none-eabi/lib/thumb/v7e-m+fp/hard\libm.a
END GROUP
START GROUP
LOAD c:/st/stm32cubeide_1.5.0/stm32cubeide/plugins/com.st.stm32cube.ide.mcu.externaltools.gnu-tools-for-stm32.9-2020-q2-update.win32_1.5.0.202011040924/tools/bin/../lib/gcc/arm-none-eabi/9.3.1/thumb/v7e-m+fp/hard\libgcc.a
LOAD c:/st/stm32cubeide_1.5.0/stm32cubeide/plugins/com.st.stm32cube.ide.mcu.externaltools.gnu-tools-for-stm32.9-2020-q2-update.win32_1.5.0.202011040924/tools/bin/../lib/gcc/arm-none-eabi/9.3.1/../../../../arm-none-eabi/lib/thumb/v7e-m+fp/hard\libc_nano.a
END GROUP
START GROUP
LOAD c:/st/stm32cubeide_1.5.0/stm32cubeide/plugins/com.st.stm32cube.ide.mcu.externaltools.gnu-tools-for-stm32.9-2020-q2-update.win32_1.5.0.202011040924/tools/bin/../lib/gcc/arm-none-eabi/9.3.1/thumb/v7e-m+fp/hard\libgcc.a
LOAD c:/st/stm32cubeide_1.5.0/stm32cubeide/plugins/com.st.stm32cube.ide.mcu.externaltools.gnu-tools-for-stm32.9-2020-q2-update.win32_1.5.0.202011040924/tools/bin/../lib/gcc/arm-none-eabi/9.3.1/../../../../arm-none-eabi/lib/thumb/v7e-m+fp/hard\libc_nano.a
LOAD c:/st/stm32cubeide_1.5.0/stm32cubeide/plugins/com.st.stm32cube.ide.mcu.externaltools.gnu-tools-for-stm32.9-2020-q2-update.win32_1.5.0.202011040924/tools/bin/../lib/gcc/arm-none-eabi/9.3.1/../../../../arm-none-eabi/lib/thumb/v7e-m+fp/hard\libnosys.a
END GROUP
START GROUP
LOAD c:/st/stm32cubeide_1.5.0/stm32cubeide/plugins/com.st.stm32cube.ide.mcu.externaltools.gnu-tools-for-stm32.9-2020-q2-update.win32_1.5.0.202011040924/tools/bin/../lib/gcc/arm-none-eabi/9.3.1/thumb/v7e-m+fp/hard\libgcc.a
LOAD c:/st/stm32cubeide_1.5.0/stm32cubeide/plugins/com.st.stm32cube.ide.mcu.externaltools.gnu-tools-for-stm32.9-2020-q2-update.win32_1.5.0.202011040924/tools/bin/../lib/gcc/arm-none-eabi/9.3.1/../../../../arm-none-eabi/lib/thumb/v7e-m+fp/hard\libc_nano.a
LOAD c:/st/stm32cubeide_1.5.0/stm32cubeide/plugins/com.st.stm32cube.ide.mcu.externaltools.gnu-tools-for-stm32.9-2020-q2-update.win32_1.5.0.202011040924/tools/bin/../lib/gcc/arm-none-eabi/9.3.1/../../../../arm-none-eabi/lib/thumb/v7e-m+fp/hard\libnosys.a
END GROUP
LOAD c:/st/stm32cubeide_1.5.0/stm32cubeide/plugins/com.st.stm32cube.ide.mcu.externaltools.gnu-tools-for-stm32.9-2020-q2-update.win32_1.5.0.202011040924/tools/bin/../lib/gcc/arm-none-eabi/9.3.1/thumb/v7e-m+fp/hard/crtend.o
LOAD c:/st/stm32cubeide_1.5.0/stm32cubeide/plugins/com.st.stm32cube.ide.mcu.externaltools.gnu-tools-for-stm32.9-2020-q2-update.win32_1.5.0.202011040924/tools/bin/../lib/gcc/arm-none-eabi/9.3.1/thumb/v7e-m+fp/hard/crtn.o
                0x0000000020003000                _estack = (ORIGIN (RAM) + LENGTH (RAM))
                0x0000000000000200                _Min_Heap_Size = 0x200
                0x0000000000000400                _Min_Stack_Size = 0x400

.isr_vector     0x0000000008000000      0x188
                0x0000000008000000                . = ALIGN (0x4)
 *(.isr_vector)
 .isr_vector    0x0000000008000000      0x188 Core/Startup/startup_stm32f303k8tx.o
                0x0000000008000000                g_pfnVectors
                0x0000000008000188                . = ALIGN (0x4)

.text           0x0000000008000190     0xc764
                0x0000000008000190                . = ALIGN (0x4)
 *(.text)
 .text          0x0000000008000190       0x40 c:/st/stm32cubeide_1.5.0/stm32cubeide/plugins/com.st.stm32cube.ide.mcu.externaltools.gnu-tools-for-stm32.9-2020-q2-update.win32_1.5.0.202011040924/tools/bin/../lib/gcc/arm-none-eabi/9.3.1/thumb/v7e-m+fp/hard/crtbegin.o
 .text          0x00000000080001d0       0x10 c:/st/stm32cubeide_1.5.0/stm32cubeide/plugins/com.st.stm32cube.ide.mcu.externaltools.gnu-tools-for-stm32.9-2020-q2-update.win32_1.5.0.202011040924/tools/bin/../lib/gcc/arm-none-eabi/9.3.1/../../../../arm-none-eabi/lib/thumb/v7e-m+fp/hard\libc_nano.a(lib_a-strlen.o)
                0x00000000080001d0                strlen
 .text          0x00000000080001e0       0xa0 c:/st/stm32cubeide_1.5.0/stm32cubeide/plugins/com.st.stm32cube.ide.mcu.externaltools.gnu-tools-for-stm32.9-2020-q2-update.win32_1.5.0.202011040924/tools/bin/../lib/gcc/arm-none-eabi/9.3.1/../../../../arm-none-eabi/lib/thumb/v7e-m+fp/hard\libc_nano.a(lib_a-memchr.o)
                0x00000000080001e0                memchr
 .text          0x0000000008000280      0x378 c:/st/stm32cubeide_1.5.0/stm32cubeide/plugins/com.st.stm32cube.ide.mcu.externaltools.gnu-tools-for-stm32.9-2020-q2-update.win32_1.5.0.202011040924/tools/bin/../lib/gcc/arm-none-eabi/9.3.1/thumb/v7e-m+fp/hard\libgcc.a(_arm_addsubdf3.o)
                0x0000000008000280                __aeabi_drsub
                0x0000000008000288                __aeabi_dsub
                0x0000000008000288                __subdf3
                0x000000000800028c                __aeabi_dadd
                0x000000000800028c                __adddf3
                0x0000000008000504                __floatunsidf
                0x0000000008000504                __aeabi_ui2d
                0x0000000008000524                __floatsidf
                0x0000000008000524                __aeabi_i2d
                0x0000000008000548                __aeabi_f2d
                0x0000000008000548                __extendsfdf2
                0x000000000800058c                __floatundidf
                0x000000000800058c                __aeabi_ul2d
                0x000000000800059c                __floatdidf
                0x000000000800059c                __aeabi_l2d
 .text          0x00000000080005f8      0x424 c:/st/stm32cubeide_1.5.0/stm32cubeide/plugins/com.st.stm32cube.ide.mcu.externaltools.gnu-tools-for-stm32.9-2020-q2-update.win32_1.5.0.202011040924/tools/bin/../lib/gcc/arm-none-eabi/9.3.1/thumb/v7e-m+fp/hard\libgcc.a(_arm_muldivdf3.o)
                0x00000000080005f8                __aeabi_dmul
                0x00000000080005f8                __muldf3
                0x000000000800084c                __divdf3
                0x000000000800084c                __aeabi_ddiv
 .text          0x0000000008000a1c      0x110 c:/st/stm32cubeide_1.5.0/stm32cubeide/plugins/com.st.stm32cube.ide.mcu.externaltools.gnu-tools-for-stm32.9-2020-q2-update.win32_1.5.0.202011040924/tools/bin/../lib/gcc/arm-none-eabi/9.3.1/thumb/v7e-m+fp/hard\libgcc.a(_arm_cmpdf2.o)
                0x0000000008000a1c                __gtdf2
                0x0000000008000a1c                __gedf2
                0x0000000008000a24                __ltdf2
                0x0000000008000a24                __ledf2
                0x0000000008000a2c                __nedf2
                0x0000000008000a2c                __eqdf2
                0x0000000008000a2c                __cmpdf2
                0x0000000008000aa8                __aeabi_cdrcmple
                0x0000000008000ab8                __aeabi_cdcmpeq
                0x0000000008000ab8                __aeabi_cdcmple
                0x0000000008000ac8                __aeabi_dcmpeq
                0x0000000008000adc                __aeabi_dcmplt
                0x0000000008000af0                __aeabi_dcmple
                0x0000000008000b04                __aeabi_dcmpge
                0x0000000008000b18                __aeabi_dcmpgt
 .text          0x0000000008000b2c       0x2c c:/st/stm32cubeide_1.5.0/stm32cubeide/plugins/com.st.stm32cube.ide.mcu.externaltools.gnu-tools-for-stm32.9-2020-q2-update.win32_1.5.0.202011040924/tools/bin/../lib/gcc/arm-none-eabi/9.3.1/thumb/v7e-m+fp/hard\libgcc.a(_arm_unorddf2.o)
                0x0000000008000b2c                __unorddf2
                0x0000000008000b2c                __aeabi_dcmpun
 .text          0x0000000008000b58       0x50 c:/st/stm32cubeide_1.5.0/stm32cubeide/plugins/com.st.stm32cube.ide.mcu.externaltools.gnu-tools-for-stm32.9-2020-q2-update.win32_1.5.0.202011040924/tools/bin/../lib/gcc/arm-none-eabi/9.3.1/thumb/v7e-m+fp/hard\libgcc.a(_arm_fixdfsi.o)
                0x0000000008000b58                __aeabi_d2iz
                0x0000000008000b58                __fixdfsi
 .text          0x0000000008000ba8       0x40 c:/st/stm32cubeide_1.5.0/stm32cubeide/plugins/com.st.stm32cube.ide.mcu.externaltools.gnu-tools-for-stm32.9-2020-q2-update.win32_1.5.0.202011040924/tools/bin/../lib/gcc/arm-none-eabi/9.3.1/thumb/v7e-m+fp/hard\libgcc.a(_arm_fixunsdfsi.o)
                0x0000000008000ba8                __aeabi_d2uiz
                0x0000000008000ba8                __fixunsdfsi
 *(.text*)
 .text.MX_GPIO_Init
                0x0000000008000be8       0xec Core/Src/gpio.o
                0x0000000008000be8                MX_GPIO_Init
 .text.MX_I2C1_Init
                0x0000000008000cd4       0x7c Core/Src/i2c.o
                0x0000000008000cd4                MX_I2C1_Init
 .text.HAL_I2C_MspInit
                0x0000000008000d50       0x88 Core/Src/i2c.o
                0x0000000008000d50                HAL_I2C_MspInit
 .text.vl_xshut_init
                0x0000000008000dd8       0x40 Core/Src/lib_vl53l0x.o
                0x0000000008000dd8                vl_xshut_init
 .text.vl_sensors_init
                0x0000000008000e18       0xbe Core/Src/lib_vl53l0x.o
                0x0000000008000e18                vl_sensors_init
 .text.vl_clear_it_mask
                0x0000000008000ed6       0x1a Core/Src/lib_vl53l0x.o
                0x0000000008000ed6                vl_clear_it_mask
 .text.vl_perform_ranging
                0x0000000008000ef0       0x1a Core/Src/lib_vl53l0x.o
                0x0000000008000ef0                vl_perform_ranging
 .text.vl_perform_ranging_it
                0x0000000008000f0a       0x1a Core/Src/lib_vl53l0x.o
                0x0000000008000f0a                vl_perform_ranging_it
 .text.vl53l0x_Init
                0x0000000008000f24       0x5e Core/Src/lib_vl53l0x.o
                0x0000000008000f24                vl53l0x_Init
 .text.vl53l0x_PerformMeasurement
                0x0000000008000f82       0x36 Core/Src/lib_vl53l0x.o
                0x0000000008000f82                vl53l0x_PerformMeasurement
 .text.vl53l0x_PerformRangingMeasurement
                0x0000000008000fb8       0x1e Core/Src/lib_vl53l0x.o
                0x0000000008000fb8                vl53l0x_PerformRangingMeasurement
 .text.vl53l0x_SetDeviceAddress
                0x0000000008000fd6       0x28 Core/Src/lib_vl53l0x.o
                0x0000000008000fd6                vl53l0x_SetDeviceAddress
 .text.vl53l0x_PerformRangingMeasurement_IT
                0x0000000008000ffe       0x36 Core/Src/lib_vl53l0x.o
                0x0000000008000ffe                vl53l0x_PerformRangingMeasurement_IT
 .text.vl53l0x_Device_Initialization
                0x0000000008001034       0x3e Core/Src/lib_vl53l0x.o
                0x0000000008001034                vl53l0x_Device_Initialization
 .text.vl53l0x_Calibration_Data_Load
                0x0000000008001072       0x32 Core/Src/lib_vl53l0x.o
                0x0000000008001072                vl53l0x_Calibration_Data_Load
 .text.vl53l0x_System_Settings
                0x00000000080010a4       0x20 Core/Src/lib_vl53l0x.o
                0x00000000080010a4                vl53l0x_System_Settings
 .text.vl53l0x_Range_Profiles
                0x00000000080010c4       0x7c Core/Src/lib_vl53l0x.o
                0x00000000080010c4                vl53l0x_Range_Profiles
 .text.main     0x0000000008001140       0xb4 Core/Src/main.o
                0x0000000008001140                main
 .text.SystemClock_Config
                0x00000000080011f4       0xa8 Core/Src/main.o
                0x00000000080011f4                SystemClock_Config
 .text.LIDAR_Main
                0x000000000800129c      0x10c Core/Src/main.o
                0x000000000800129c                LIDAR_Main
 .text.LIDAR_SendDatas
                0x00000000080013a8       0x40 Core/Src/main.o
                0x00000000080013a8                LIDAR_SendDatas
 .text.Error_Handler
                0x00000000080013e8        0xa Core/Src/main.o
                0x00000000080013e8                Error_Handler
 *fill*         0x00000000080013f2        0x2 
 .text.RetargetInit
                0x00000000080013f4       0x30 Core/Src/retarget.o
                0x00000000080013f4                RetargetInit
 .text._isatty  0x0000000008001424       0x2c Core/Src/retarget.o
                0x0000000008001424                _isatty
 .text._write   0x0000000008001450       0x58 Core/Src/retarget.o
                0x0000000008001450                _write
 .text._close   0x00000000080014a8       0x2e Core/Src/retarget.o
                0x00000000080014a8                _close
 .text._lseek   0x00000000080014d6       0x22 Core/Src/retarget.o
                0x00000000080014d6                _lseek
 .text._read    0x00000000080014f8       0x50 Core/Src/retarget.o
                0x00000000080014f8                _read
 .text._fstat   0x0000000008001548       0x36 Core/Src/retarget.o
                0x0000000008001548                _fstat
 *fill*         0x000000000800157e        0x2 
 .text.HAL_MspInit
                0x0000000008001580       0x48 Core/Src/stm32f3xx_hal_msp.o
                0x0000000008001580                HAL_MspInit
 .text.NMI_Handler
                0x00000000080015c8        0x6 Core/Src/stm32f3xx_it.o
                0x00000000080015c8                NMI_Handler
 .text.HardFault_Handler
                0x00000000080015ce        0x6 Core/Src/stm32f3xx_it.o
                0x00000000080015ce                HardFault_Handler
 .text.MemManage_Handler
                0x00000000080015d4        0x6 Core/Src/stm32f3xx_it.o
                0x00000000080015d4                MemManage_Handler
 .text.BusFault_Handler
                0x00000000080015da        0x6 Core/Src/stm32f3xx_it.o
                0x00000000080015da                BusFault_Handler
 .text.UsageFault_Handler
                0x00000000080015e0        0x6 Core/Src/stm32f3xx_it.o
                0x00000000080015e0                UsageFault_Handler
 .text.SVC_Handler
                0x00000000080015e6        0xe Core/Src/stm32f3xx_it.o
                0x00000000080015e6                SVC_Handler
 .text.DebugMon_Handler
                0x00000000080015f4        0xe Core/Src/stm32f3xx_it.o
                0x00000000080015f4                DebugMon_Handler
 .text.PendSV_Handler
                0x0000000008001602        0xe Core/Src/stm32f3xx_it.o
                0x0000000008001602                PendSV_Handler
 .text.SysTick_Handler
                0x0000000008001610        0xc Core/Src/stm32f3xx_it.o
                0x0000000008001610                SysTick_Handler
 .text.EXTI3_IRQHandler
                0x000000000800161c       0x2c Core/Src/stm32f3xx_it.o
                0x000000000800161c                EXTI3_IRQHandler
 .text.EXTI15_10_IRQHandler
                0x0000000008001648       0x2c Core/Src/stm32f3xx_it.o
                0x0000000008001648                EXTI15_10_IRQHandler
 .text._sbrk    0x0000000008001674       0x6c Core/Src/sysmem.o
                0x0000000008001674                _sbrk
 .text.SystemInit
                0x00000000080016e0       0x24 Core/Src/system_stm32f3xx.o
                0x00000000080016e0                SystemInit
 .text.MX_USART1_UART_Init
                0x0000000008001704       0x60 Core/Src/usart.o
                0x0000000008001704                MX_USART1_UART_Init
 .text.MX_USART2_UART_Init
                0x0000000008001764       0x60 Core/Src/usart.o
                0x0000000008001764                MX_USART2_UART_Init
 .text.HAL_UART_MspInit
                0x00000000080017c4      0x10c Core/Src/usart.o
                0x00000000080017c4                HAL_UART_MspInit
 .text.Reset_Handler
                0x00000000080018d0       0x50 Core/Startup/startup_stm32f303k8tx.o
                0x00000000080018d0                Reset_Handler
 .text.Default_Handler
                0x0000000008001920        0x2 Core/Startup/startup_stm32f303k8tx.o
                0x0000000008001920                RTC_Alarm_IRQHandler
                0x0000000008001920                TIM1_CC_IRQHandler
                0x0000000008001920                PVD_IRQHandler
                0x0000000008001920                TAMP_STAMP_IRQHandler
                0x0000000008001920                EXTI0_IRQHandler
                0x0000000008001920                FPU_IRQHandler
                0x0000000008001920                CAN_TX_IRQHandler
                0x0000000008001920                TIM1_UP_TIM16_IRQHandler
                0x0000000008001920                ADC1_2_IRQHandler
                0x0000000008001920                SPI1_IRQHandler
                0x0000000008001920                CAN_SCE_IRQHandler
                0x0000000008001920                DMA1_Channel4_IRQHandler
                0x0000000008001920                USART3_IRQHandler
                0x0000000008001920                DMA1_Channel7_IRQHandler
                0x0000000008001920                TIM7_DAC2_IRQHandler
                0x0000000008001920                CAN_RX1_IRQHandler
                0x0000000008001920                I2C1_EV_IRQHandler
                0x0000000008001920                DMA1_Channel6_IRQHandler
                0x0000000008001920                TIM3_IRQHandler
                0x0000000008001920                RCC_IRQHandler
                0x0000000008001920                DMA1_Channel1_IRQHandler
                0x0000000008001920                Default_Handler
                0x0000000008001920                COMP2_IRQHandler
                0x0000000008001920                TIM6_DAC1_IRQHandler
                0x0000000008001920                EXTI9_5_IRQHandler
                0x0000000008001920                RTC_WKUP_IRQHandler
                0x0000000008001920                DMA1_Channel5_IRQHandler
                0x0000000008001920                EXTI4_IRQHandler
                0x0000000008001920                TIM1_TRG_COM_TIM17_IRQHandler
                0x0000000008001920                DMA1_Channel3_IRQHandler
                0x0000000008001920                WWDG_IRQHandler
                0x0000000008001920                TIM2_IRQHandler
                0x0000000008001920                EXTI1_IRQHandler
                0x0000000008001920                COMP4_6_IRQHandler
                0x0000000008001920                USART2_IRQHandler
                0x0000000008001920                DMA1_Channel2_IRQHandler
                0x0000000008001920                FLASH_IRQHandler
                0x0000000008001920                USART1_IRQHandler
                0x0000000008001920                CAN_RX0_IRQHandler
                0x0000000008001920                I2C1_ER_IRQHandler
                0x0000000008001920                EXTI2_TSC_IRQHandler
                0x0000000008001920                TIM1_BRK_TIM15_IRQHandler
 .text.AX12_Init
                0x0000000008001922       0x34 Drivers/AX-12/servoAX12.o
                0x0000000008001922                AX12_Init
 *fill*         0x0000000008001956        0x2 
 .text.AX12_setRangeAngle
                0x0000000008001958       0x78 Drivers/AX-12/servoAX12.o
                0x0000000008001958                AX12_setRangeAngle
 .text.AX12_setMaxTorque
                0x00000000080019d0       0x58 Drivers/AX-12/servoAX12.o
                0x00000000080019d0                AX12_setMaxTorque
 .text.AX12_TorqueE_D
                0x0000000008001a28       0x20 Drivers/AX-12/servoAX12.o
                0x0000000008001a28                AX12_TorqueE_D
 .text.AX12_setPosition
                0x0000000008001a48       0x58 Drivers/AX-12/servoAX12.o
                0x0000000008001a48                AX12_setPosition
 .text.AX12_setMovingSpeed
                0x0000000008001aa0       0x58 Drivers/AX-12/servoAX12.o
                0x0000000008001aa0                AX12_setMovingSpeed
 .text.AX12_sendData
                0x0000000008001af8      0x1b0 Drivers/AX-12/servoAX12.o
                0x0000000008001af8                AX12_sendData
 .text.AX12_calculChecksum
                0x0000000008001ca8       0x64 Drivers/AX-12/servoAX12.o
                0x0000000008001ca8                AX12_calculChecksum
 .text.AX12_sendTram1Byte
                0x0000000008001d0c       0x2c Drivers/AX-12/servoAX12.o
                0x0000000008001d0c                AX12_sendTram1Byte
 .text.AX12_sendTram2Byte
                0x0000000008001d38       0x3c Drivers/AX-12/servoAX12.o
                0x0000000008001d38                AX12_sendTram2Byte
 .text.HAL_Init
                0x0000000008001d74       0x2c Drivers/STM32F3xx_HAL_Driver/Src/stm32f3xx_hal.o
                0x0000000008001d74                HAL_Init
 .text.HAL_InitTick
                0x0000000008001da0       0x60 Drivers/STM32F3xx_HAL_Driver/Src/stm32f3xx_hal.o
                0x0000000008001da0                HAL_InitTick
 .text.HAL_IncTick
                0x0000000008001e00       0x28 Drivers/STM32F3xx_HAL_Driver/Src/stm32f3xx_hal.o
                0x0000000008001e00                HAL_IncTick
 .text.HAL_GetTick
                0x0000000008001e28       0x18 Drivers/STM32F3xx_HAL_Driver/Src/stm32f3xx_hal.o
                0x0000000008001e28                HAL_GetTick
 .text.HAL_Delay
                0x0000000008001e40       0x48 Drivers/STM32F3xx_HAL_Driver/Src/stm32f3xx_hal.o
                0x0000000008001e40                HAL_Delay
 .text.__NVIC_SetPriorityGrouping
                0x0000000008001e88       0x48 Drivers/STM32F3xx_HAL_Driver/Src/stm32f3xx_hal_cortex.o
 .text.__NVIC_GetPriorityGrouping
                0x0000000008001ed0       0x1c Drivers/STM32F3xx_HAL_Driver/Src/stm32f3xx_hal_cortex.o
 .text.__NVIC_EnableIRQ
                0x0000000008001eec       0x3c Drivers/STM32F3xx_HAL_Driver/Src/stm32f3xx_hal_cortex.o
 .text.__NVIC_SetPriority
                0x0000000008001f28       0x54 Drivers/STM32F3xx_HAL_Driver/Src/stm32f3xx_hal_cortex.o
 .text.NVIC_EncodePriority
                0x0000000008001f7c       0x66 Drivers/STM32F3xx_HAL_Driver/Src/stm32f3xx_hal_cortex.o
 *fill*         0x0000000008001fe2        0x2 
 .text.SysTick_Config
                0x0000000008001fe4       0x44 Drivers/STM32F3xx_HAL_Driver/Src/stm32f3xx_hal_cortex.o
 .text.HAL_NVIC_SetPriorityGrouping
                0x0000000008002028       0x16 Drivers/STM32F3xx_HAL_Driver/Src/stm32f3xx_hal_cortex.o
                0x0000000008002028                HAL_NVIC_SetPriorityGrouping
 .text.HAL_NVIC_SetPriority
                0x000000000800203e       0x38 Drivers/STM32F3xx_HAL_Driver/Src/stm32f3xx_hal_cortex.o
                0x000000000800203e                HAL_NVIC_SetPriority
 .text.HAL_NVIC_EnableIRQ
                0x0000000008002076       0x1c Drivers/STM32F3xx_HAL_Driver/Src/stm32f3xx_hal_cortex.o
                0x0000000008002076                HAL_NVIC_EnableIRQ
 .text.HAL_SYSTICK_Config
                0x0000000008002092       0x18 Drivers/STM32F3xx_HAL_Driver/Src/stm32f3xx_hal_cortex.o
                0x0000000008002092                HAL_SYSTICK_Config
 *fill*         0x00000000080020aa        0x2 
 .text.HAL_GPIO_Init
                0x00000000080020ac      0x2e4 Drivers/STM32F3xx_HAL_Driver/Src/stm32f3xx_hal_gpio.o
                0x00000000080020ac                HAL_GPIO_Init
 .text.HAL_GPIO_WritePin
                0x0000000008002390       0x30 Drivers/STM32F3xx_HAL_Driver/Src/stm32f3xx_hal_gpio.o
                0x0000000008002390                HAL_GPIO_WritePin
 .text.HAL_GPIO_EXTI_IRQHandler
                0x00000000080023c0       0x30 Drivers/STM32F3xx_HAL_Driver/Src/stm32f3xx_hal_gpio.o
                0x00000000080023c0                HAL_GPIO_EXTI_IRQHandler
 .text.HAL_GPIO_EXTI_Callback
                0x00000000080023f0       0x16 Drivers/STM32F3xx_HAL_Driver/Src/stm32f3xx_hal_gpio.o
                0x00000000080023f0                HAL_GPIO_EXTI_Callback
 .text.HAL_I2C_Init
                0x0000000008002406      0x11e Drivers/STM32F3xx_HAL_Driver/Src/stm32f3xx_hal_i2c.o
                0x0000000008002406                HAL_I2C_Init
 .text.HAL_I2C_Master_Transmit
                0x0000000008002524      0x1e8 Drivers/STM32F3xx_HAL_Driver/Src/stm32f3xx_hal_i2c.o
                0x0000000008002524                HAL_I2C_Master_Transmit
 .text.HAL_I2C_Master_Receive
                0x000000000800270c      0x1ec Drivers/STM32F3xx_HAL_Driver/Src/stm32f3xx_hal_i2c.o
                0x000000000800270c                HAL_I2C_Master_Receive
 .text.I2C_Flush_TXDR
                0x00000000080028f8       0x48 Drivers/STM32F3xx_HAL_Driver/Src/stm32f3xx_hal_i2c.o
 .text.I2C_WaitOnFlagUntilTimeout
                0x0000000008002940       0x80 Drivers/STM32F3xx_HAL_Driver/Src/stm32f3xx_hal_i2c.o
 .text.I2C_WaitOnTXISFlagUntilTimeout
                0x00000000080029c0       0x80 Drivers/STM32F3xx_HAL_Driver/Src/stm32f3xx_hal_i2c.o
 .text.I2C_WaitOnSTOPFlagUntilTimeout
                0x0000000008002a40       0x78 Drivers/STM32F3xx_HAL_Driver/Src/stm32f3xx_hal_i2c.o
 .text.I2C_WaitOnRXNEFlagUntilTimeout
                0x0000000008002ab8       0xd8 Drivers/STM32F3xx_HAL_Driver/Src/stm32f3xx_hal_i2c.o
 .text.I2C_IsAcknowledgeFailed
                0x0000000008002b90       0xcc Drivers/STM32F3xx_HAL_Driver/Src/stm32f3xx_hal_i2c.o
 .text.I2C_TransferConfig
                0x0000000008002c5c       0x5c Drivers/STM32F3xx_HAL_Driver/Src/stm32f3xx_hal_i2c.o
 .text.HAL_I2CEx_ConfigAnalogFilter
                0x0000000008002cb8       0x96 Drivers/STM32F3xx_HAL_Driver/Src/stm32f3xx_hal_i2c_ex.o
                0x0000000008002cb8                HAL_I2CEx_ConfigAnalogFilter
 .text.HAL_I2CEx_ConfigDigitalFilter
                0x0000000008002d4e       0x98 Drivers/STM32F3xx_HAL_Driver/Src/stm32f3xx_hal_i2c_ex.o
                0x0000000008002d4e                HAL_I2CEx_ConfigDigitalFilter
 *fill*         0x0000000008002de6        0x2 
 .text.HAL_RCC_OscConfig
                0x0000000008002de8      0xe10 Drivers/STM32F3xx_HAL_Driver/Src/stm32f3xx_hal_rcc.o
                0x0000000008002de8                HAL_RCC_OscConfig
 .text.HAL_RCC_ClockConfig
                0x0000000008003bf8      0x2f8 Drivers/STM32F3xx_HAL_Driver/Src/stm32f3xx_hal_rcc.o
                0x0000000008003bf8                HAL_RCC_ClockConfig
 .text.HAL_RCC_GetSysClockFreq
                0x0000000008003ef0       0xd4 Drivers/STM32F3xx_HAL_Driver/Src/stm32f3xx_hal_rcc.o
                0x0000000008003ef0                HAL_RCC_GetSysClockFreq
 .text.HAL_RCC_GetHCLKFreq
                0x0000000008003fc4       0x18 Drivers/STM32F3xx_HAL_Driver/Src/stm32f3xx_hal_rcc.o
                0x0000000008003fc4                HAL_RCC_GetHCLKFreq
 .text.HAL_RCC_GetPCLK1Freq
                0x0000000008003fdc       0x44 Drivers/STM32F3xx_HAL_Driver/Src/stm32f3xx_hal_rcc.o
                0x0000000008003fdc                HAL_RCC_GetPCLK1Freq
 .text.HAL_RCC_GetPCLK2Freq
                0x0000000008004020       0x44 Drivers/STM32F3xx_HAL_Driver/Src/stm32f3xx_hal_rcc.o
                0x0000000008004020                HAL_RCC_GetPCLK2Freq
 .text.HAL_RCCEx_PeriphCLKConfig
                0x0000000008004064      0x24c Drivers/STM32F3xx_HAL_Driver/Src/stm32f3xx_hal_rcc_ex.o
                0x0000000008004064                HAL_RCCEx_PeriphCLKConfig
 .text.HAL_UART_Init
                0x00000000080042b0       0x9c Drivers/STM32F3xx_HAL_Driver/Src/stm32f3xx_hal_uart.o
                0x00000000080042b0                HAL_UART_Init
 .text.HAL_HalfDuplex_Init
                0x000000000800434c       0xac Drivers/STM32F3xx_HAL_Driver/Src/stm32f3xx_hal_uart.o
                0x000000000800434c                HAL_HalfDuplex_Init
 .text.HAL_UART_Transmit
                0x00000000080043f8      0x128 Drivers/STM32F3xx_HAL_Driver/Src/stm32f3xx_hal_uart.o
                0x00000000080043f8                HAL_UART_Transmit
 .text.HAL_UART_Receive
                0x0000000008004520      0x1a2 Drivers/STM32F3xx_HAL_Driver/Src/stm32f3xx_hal_uart.o
                0x0000000008004520                HAL_UART_Receive
 *fill*         0x00000000080046c2        0x2 
 .text.UART_SetConfig
                0x00000000080046c4      0x26c Drivers/STM32F3xx_HAL_Driver/Src/stm32f3xx_hal_uart.o
                0x00000000080046c4                UART_SetConfig
 .text.UART_AdvFeatureConfig
                0x0000000008004930      0x144 Drivers/STM32F3xx_HAL_Driver/Src/stm32f3xx_hal_uart.o
                0x0000000008004930                UART_AdvFeatureConfig
 .text.UART_CheckIdleState
                0x0000000008004a74       0x92 Drivers/STM32F3xx_HAL_Driver/Src/stm32f3xx_hal_uart.o
                0x0000000008004a74                UART_CheckIdleState
 .text.UART_WaitOnFlagUntilTimeout
                0x0000000008004b06       0xf8 Drivers/STM32F3xx_HAL_Driver/Src/stm32f3xx_hal_uart.o
                0x0000000008004b06                UART_WaitOnFlagUntilTimeout
 .text.VL53L0X_GetOffsetCalibrationDataMicroMeter
                0x0000000008004bfe       0x26 Drivers/VL53L0X_API/core/src/vl53l0x_api.o
                0x0000000008004bfe                VL53L0X_GetOffsetCalibrationDataMicroMeter
 .text.VL53L0X_SetDeviceAddress
                0x0000000008004c24       0x30 Drivers/VL53L0X_API/core/src/vl53l0x_api.o
                0x0000000008004c24                VL53L0X_SetDeviceAddress
 .text.VL53L0X_DataInit
                0x0000000008004c54      0x2c8 Drivers/VL53L0X_API/core/src/vl53l0x_api.o
                0x0000000008004c54                VL53L0X_DataInit
 .text.VL53L0X_StaticInit
                0x0000000008004f1c      0x304 Drivers/VL53L0X_API/core/src/vl53l0x_api.o
                0x0000000008004f1c                VL53L0X_StaticInit
 .text.VL53L0X_GetDeviceParameters
                0x0000000008005220      0x120 Drivers/VL53L0X_API/core/src/vl53l0x_api.o
                0x0000000008005220                VL53L0X_GetDeviceParameters
 .text.VL53L0X_SetDeviceMode
                0x0000000008005340       0x58 Drivers/VL53L0X_API/core/src/vl53l0x_api.o
                0x0000000008005340                VL53L0X_SetDeviceMode
 .text.VL53L0X_GetDeviceMode
                0x0000000008005398       0x26 Drivers/VL53L0X_API/core/src/vl53l0x_api.o
                0x0000000008005398                VL53L0X_GetDeviceMode
 .text.VL53L0X_GetFractionEnable
                0x00000000080053be       0x3e Drivers/VL53L0X_API/core/src/vl53l0x_api.o
                0x00000000080053be                VL53L0X_GetFractionEnable
 .text.VL53L0X_SetMeasurementTimingBudgetMicroSeconds
                0x00000000080053fc       0x26 Drivers/VL53L0X_API/core/src/vl53l0x_api.o
                0x00000000080053fc                VL53L0X_SetMeasurementTimingBudgetMicroSeconds
 .text.VL53L0X_GetMeasurementTimingBudgetMicroSeconds
                0x0000000008005422       0x26 Drivers/VL53L0X_API/core/src/vl53l0x_api.o
                0x0000000008005422                VL53L0X_GetMeasurementTimingBudgetMicroSeconds
 .text.VL53L0X_SetVcselPulsePeriod
                0x0000000008005448       0x30 Drivers/VL53L0X_API/core/src/vl53l0x_api.o
                0x0000000008005448                VL53L0X_SetVcselPulsePeriod
 .text.VL53L0X_GetVcselPulsePeriod
                0x0000000008005478       0x2e Drivers/VL53L0X_API/core/src/vl53l0x_api.o
                0x0000000008005478                VL53L0X_GetVcselPulsePeriod
 *fill*         0x00000000080054a6        0x2 
 .text.VL53L0X_SetSequenceStepEnable
                0x00000000080054a8      0x144 Drivers/VL53L0X_API/core/src/vl53l0x_api.o
                0x00000000080054a8                VL53L0X_SetSequenceStepEnable
 .text.sequence_step_enabled
                0x00000000080055ec       0xa4 Drivers/VL53L0X_API/core/src/vl53l0x_api.o
                0x00000000080055ec                sequence_step_enabled
 .text.VL53L0X_GetSequenceStepEnables
                0x0000000008005690       0xb0 Drivers/VL53L0X_API/core/src/vl53l0x_api.o
                0x0000000008005690                VL53L0X_GetSequenceStepEnables
 .text.VL53L0X_GetInterMeasurementPeriodMilliSeconds
                0x0000000008005740       0x68 Drivers/VL53L0X_API/core/src/vl53l0x_api.o
                0x0000000008005740                VL53L0X_GetInterMeasurementPeriodMilliSeconds
 .text.VL53L0X_GetXTalkCompensationEnable
                0x00000000080057a8       0x2a Drivers/VL53L0X_API/core/src/vl53l0x_api.o
                0x00000000080057a8                VL53L0X_GetXTalkCompensationEnable
 .text.VL53L0X_GetXTalkCompensationRateMegaCps
                0x00000000080057d2       0x66 Drivers/VL53L0X_API/core/src/vl53l0x_api.o
                0x00000000080057d2                VL53L0X_GetXTalkCompensationRateMegaCps
 .text.VL53L0X_SetLimitCheckEnable
                0x0000000008005838      0x118 Drivers/VL53L0X_API/core/src/vl53l0x_api.o
                0x0000000008005838                VL53L0X_SetLimitCheckEnable
 .text.VL53L0X_GetLimitCheckEnable
                0x0000000008005950       0x46 Drivers/VL53L0X_API/core/src/vl53l0x_api.o
                0x0000000008005950                VL53L0X_GetLimitCheckEnable
 *fill*         0x0000000008005996        0x2 
 .text.VL53L0X_SetLimitCheckValue
                0x0000000008005998       0xc4 Drivers/VL53L0X_API/core/src/vl53l0x_api.o
                0x0000000008005998                VL53L0X_SetLimitCheckValue
 .text.VL53L0X_GetLimitCheckValue
                0x0000000008005a5c      0x11c Drivers/VL53L0X_API/core/src/vl53l0x_api.o
                0x0000000008005a5c                VL53L0X_GetLimitCheckValue
 .text.VL53L0X_GetWrapAroundCheckEnable
                0x0000000008005b78       0x64 Drivers/VL53L0X_API/core/src/vl53l0x_api.o
                0x0000000008005b78                VL53L0X_GetWrapAroundCheckEnable
 .text.VL53L0X_PerformSingleMeasurement
                0x0000000008005bdc       0x68 Drivers/VL53L0X_API/core/src/vl53l0x_api.o
                0x0000000008005bdc                VL53L0X_PerformSingleMeasurement
 .text.VL53L0X_PerformRefCalibration
                0x0000000008005c44       0x2c Drivers/VL53L0X_API/core/src/vl53l0x_api.o
                0x0000000008005c44                VL53L0X_PerformRefCalibration
 .text.VL53L0X_CheckAndLoadInterruptSettings
                0x0000000008005c70       0xcc Drivers/VL53L0X_API/core/src/vl53l0x_api.o
                0x0000000008005c70                VL53L0X_CheckAndLoadInterruptSettings
 .text.VL53L0X_StartMeasurement
                0x0000000008005d3c      0x184 Drivers/VL53L0X_API/core/src/vl53l0x_api.o
                0x0000000008005d3c                VL53L0X_StartMeasurement
 .text.VL53L0X_GetMeasurementDataReady
                0x0000000008005ec0       0x80 Drivers/VL53L0X_API/core/src/vl53l0x_api.o
                0x0000000008005ec0                VL53L0X_GetMeasurementDataReady
 .text.VL53L0X_WaitDeviceReadyForNewMeasurement
                0x0000000008005f40       0x1e Drivers/VL53L0X_API/core/src/vl53l0x_api.o
                0x0000000008005f40                VL53L0X_WaitDeviceReadyForNewMeasurement
 *fill*         0x0000000008005f5e        0x2 
 .text.VL53L0X_GetRangingMeasurementData
                0x0000000008005f60      0x248 Drivers/VL53L0X_API/core/src/vl53l0x_api.o
                0x0000000008005f60                VL53L0X_GetRangingMeasurementData
 .text.VL53L0X_PerformSingleRangingMeasurement
                0x00000000080061a8       0x60 Drivers/VL53L0X_API/core/src/vl53l0x_api.o
                0x00000000080061a8                VL53L0X_PerformSingleRangingMeasurement
 .text.VL53L0X_SetGpioConfig
                0x0000000008006208      0x248 Drivers/VL53L0X_API/core/src/vl53l0x_api.o
                0x0000000008006208                VL53L0X_SetGpioConfig
 .text.VL53L0X_GetInterruptThresholds
                0x0000000008006450       0x6c Drivers/VL53L0X_API/core/src/vl53l0x_api.o
                0x0000000008006450                VL53L0X_GetInterruptThresholds
 .text.VL53L0X_ClearInterruptMask
                0x00000000080064bc       0x80 Drivers/VL53L0X_API/core/src/vl53l0x_api.o
                0x00000000080064bc                VL53L0X_ClearInterruptMask
 .text.VL53L0X_GetInterruptMaskStatus
                0x000000000800653c       0x44 Drivers/VL53L0X_API/core/src/vl53l0x_api.o
                0x000000000800653c                VL53L0X_GetInterruptMaskStatus
 .text.VL53L0X_PerformRefSpadManagement
                0x0000000008006580       0x2a Drivers/VL53L0X_API/core/src/vl53l0x_api.o
                0x0000000008006580                VL53L0X_PerformRefSpadManagement
 .text.VL53L0X_get_offset_calibration_data_micro_meter
                0x00000000080065aa       0x7e Drivers/VL53L0X_API/core/src/vl53l0x_api_calibration.o
                0x00000000080065aa                VL53L0X_get_offset_calibration_data_micro_meter
 .text.get_next_good_spad
                0x0000000008006628       0xbc Drivers/VL53L0X_API/core/src/vl53l0x_api_calibration.o
                0x0000000008006628                get_next_good_spad
 .text.is_aperture
                0x00000000080066e4       0x34 Drivers/VL53L0X_API/core/src/vl53l0x_api_calibration.o
                0x00000000080066e4                is_aperture
 .text.enable_spad_bit
                0x0000000008006718       0x70 Drivers/VL53L0X_API/core/src/vl53l0x_api_calibration.o
                0x0000000008006718                enable_spad_bit
 .text.set_ref_spad_map
                0x0000000008006788       0x26 Drivers/VL53L0X_API/core/src/vl53l0x_api_calibration.o
                0x0000000008006788                set_ref_spad_map
 .text.get_ref_spad_map
                0x00000000080067ae       0x26 Drivers/VL53L0X_API/core/src/vl53l0x_api_calibration.o
                0x00000000080067ae                get_ref_spad_map
 .text.enable_ref_spads
                0x00000000080067d4       0xf8 Drivers/VL53L0X_API/core/src/vl53l0x_api_calibration.o
                0x00000000080067d4                enable_ref_spads
 .text.perform_ref_signal_measurement
                0x00000000080068cc       0xd4 Drivers/VL53L0X_API/core/src/vl53l0x_api_calibration.o
                0x00000000080068cc                perform_ref_signal_measurement
 .text.VL53L0X_perform_ref_spad_management
                0x00000000080069a0      0x418 Drivers/VL53L0X_API/core/src/vl53l0x_api_calibration.o
                0x00000000080069a0                VL53L0X_perform_ref_spad_management
 .text.VL53L0X_set_reference_spads
                0x0000000008006db8      0x14a Drivers/VL53L0X_API/core/src/vl53l0x_api_calibration.o
                0x0000000008006db8                VL53L0X_set_reference_spads
 .text.VL53L0X_perform_single_ref_calibration
                0x0000000008006f02       0x76 Drivers/VL53L0X_API/core/src/vl53l0x_api_calibration.o
                0x0000000008006f02                VL53L0X_perform_single_ref_calibration
 .text.VL53L0X_ref_calibration_io
                0x0000000008006f78      0x132 Drivers/VL53L0X_API/core/src/vl53l0x_api_calibration.o
                0x0000000008006f78                VL53L0X_ref_calibration_io
 .text.VL53L0X_perform_vhv_calibration
                0x00000000080070aa       0xce Drivers/VL53L0X_API/core/src/vl53l0x_api_calibration.o
                0x00000000080070aa                VL53L0X_perform_vhv_calibration
 .text.VL53L0X_perform_phase_calibration
                0x0000000008007178       0xca Drivers/VL53L0X_API/core/src/vl53l0x_api_calibration.o
                0x0000000008007178                VL53L0X_perform_phase_calibration
 .text.VL53L0X_perform_ref_calibration
                0x0000000008007242       0x7a Drivers/VL53L0X_API/core/src/vl53l0x_api_calibration.o
                0x0000000008007242                VL53L0X_perform_ref_calibration
 .text.VL53L0X_measurement_poll_for_completion
                0x00000000080072bc       0x60 Drivers/VL53L0X_API/core/src/vl53l0x_api_core.o
                0x00000000080072bc                VL53L0X_measurement_poll_for_completion
 .text.VL53L0X_decode_vcsel_period
                0x000000000800731c       0x26 Drivers/VL53L0X_API/core/src/vl53l0x_api_core.o
                0x000000000800731c                VL53L0X_decode_vcsel_period
 .text.VL53L0X_encode_vcsel_period
                0x0000000008007342       0x26 Drivers/VL53L0X_API/core/src/vl53l0x_api_core.o
                0x0000000008007342                VL53L0X_encode_vcsel_period
 .text.VL53L0X_isqrt
                0x0000000008007368       0x68 Drivers/VL53L0X_API/core/src/vl53l0x_api_core.o
                0x0000000008007368                VL53L0X_isqrt
 .text.VL53L0X_device_read_strobe
                0x00000000080073d0       0x86 Drivers/VL53L0X_API/core/src/vl53l0x_api_core.o
                0x00000000080073d0                VL53L0X_device_read_strobe
 .text.VL53L0X_get_info_from_device
                0x0000000008007456      0x99a Drivers/VL53L0X_API/core/src/vl53l0x_api_core.o
                0x0000000008007456                VL53L0X_get_info_from_device
 .text.VL53L0X_calc_macro_period_ps
                0x0000000008007df0       0x3c Drivers/VL53L0X_API/core/src/vl53l0x_api_core.o
                0x0000000008007df0                VL53L0X_calc_macro_period_ps
 .text.VL53L0X_encode_timeout
                0x0000000008007e2c       0x58 Drivers/VL53L0X_API/core/src/vl53l0x_api_core.o
                0x0000000008007e2c                VL53L0X_encode_timeout
 .text.VL53L0X_decode_timeout
                0x0000000008007e84       0x2c Drivers/VL53L0X_API/core/src/vl53l0x_api_core.o
                0x0000000008007e84                VL53L0X_decode_timeout
 .text.VL53L0X_calc_timeout_mclks
                0x0000000008007eb0       0x54 Drivers/VL53L0X_API/core/src/vl53l0x_api_core.o
                0x0000000008007eb0                VL53L0X_calc_timeout_mclks
 .text.VL53L0X_calc_timeout_us
                0x0000000008007f04       0x54 Drivers/VL53L0X_API/core/src/vl53l0x_api_core.o
                0x0000000008007f04                VL53L0X_calc_timeout_us
 .text.get_sequence_step_timeout
                0x0000000008007f58      0x1c2 Drivers/VL53L0X_API/core/src/vl53l0x_api_core.o
                0x0000000008007f58                get_sequence_step_timeout
 .text.set_sequence_step_timeout
                0x000000000800811a      0x1e4 Drivers/VL53L0X_API/core/src/vl53l0x_api_core.o
                0x000000000800811a                set_sequence_step_timeout
 .text.VL53L0X_set_vcsel_pulse_period
                0x00000000080082fe      0x512 Drivers/VL53L0X_API/core/src/vl53l0x_api_core.o
                0x00000000080082fe                VL53L0X_set_vcsel_pulse_period
 .text.VL53L0X_get_vcsel_pulse_period
                0x0000000008008810       0x6e Drivers/VL53L0X_API/core/src/vl53l0x_api_core.o
                0x0000000008008810                VL53L0X_get_vcsel_pulse_period
 .text.VL53L0X_set_measurement_timing_budget_micro_seconds
                0x000000000800887e      0x1c0 Drivers/VL53L0X_API/core/src/vl53l0x_api_core.o
                0x000000000800887e                VL53L0X_set_measurement_timing_budget_micro_seconds
 .text.VL53L0X_get_measurement_timing_budget_micro_seconds
                0x0000000008008a3e      0x162 Drivers/VL53L0X_API/core/src/vl53l0x_api_core.o
                0x0000000008008a3e                VL53L0X_get_measurement_timing_budget_micro_seconds
 .text.VL53L0X_load_tuning_settings
                0x0000000008008ba0      0x1c4 Drivers/VL53L0X_API/core/src/vl53l0x_api_core.o
                0x0000000008008ba0                VL53L0X_load_tuning_settings
 .text.VL53L0X_get_total_xtalk_rate
                0x0000000008008d64       0x5e Drivers/VL53L0X_API/core/src/vl53l0x_api_core.o
                0x0000000008008d64                VL53L0X_get_total_xtalk_rate
 .text.VL53L0X_get_total_signal_rate
                0x0000000008008dc2       0x4a Drivers/VL53L0X_API/core/src/vl53l0x_api_core.o
                0x0000000008008dc2                VL53L0X_get_total_signal_rate
 .text.VL53L0X_calc_dmax
                0x0000000008008e0c      0x238 Drivers/VL53L0X_API/core/src/vl53l0x_api_core.o
                0x0000000008008e0c                VL53L0X_calc_dmax
 .text.VL53L0X_calc_sigma_estimate
                0x0000000008009044      0x498 Drivers/VL53L0X_API/core/src/vl53l0x_api_core.o
                0x0000000008009044                VL53L0X_calc_sigma_estimate
 .text.VL53L0X_get_pal_range_status
                0x00000000080094dc      0x3b6 Drivers/VL53L0X_API/core/src/vl53l0x_api_core.o
                0x00000000080094dc                VL53L0X_get_pal_range_status
 .text._I2CWrite
                0x0000000008009892       0x3e Drivers/VL53L0X_API/platform/src/vl53l0x_platform.o
                0x0000000008009892                _I2CWrite
 .text._I2CRead
                0x00000000080098d0       0x44 Drivers/VL53L0X_API/platform/src/vl53l0x_platform.o
                0x00000000080098d0                _I2CRead
 .text.VL53L0X_WriteMulti
                0x0000000008009914       0x60 Drivers/VL53L0X_API/platform/src/vl53l0x_platform.o
                0x0000000008009914                VL53L0X_WriteMulti
 .text.VL53L0X_ReadMulti
                0x0000000008009974       0x56 Drivers/VL53L0X_API/platform/src/vl53l0x_platform.o
                0x0000000008009974                VL53L0X_ReadMulti
 *fill*         0x00000000080099ca        0x2 
 .text.VL53L0X_WrByte
                0x00000000080099cc       0x48 Drivers/VL53L0X_API/platform/src/vl53l0x_platform.o
                0x00000000080099cc                VL53L0X_WrByte
 .text.VL53L0X_WrWord
                0x0000000008009a14       0x54 Drivers/VL53L0X_API/platform/src/vl53l0x_platform.o
                0x0000000008009a14                VL53L0X_WrWord
 .text.VL53L0X_UpdateByte
                0x0000000008009a68       0x68 Drivers/VL53L0X_API/platform/src/vl53l0x_platform.o
                0x0000000008009a68                VL53L0X_UpdateByte
 .text.VL53L0X_RdByte
                0x0000000008009ad0       0x54 Drivers/VL53L0X_API/platform/src/vl53l0x_platform.o
                0x0000000008009ad0                VL53L0X_RdByte
 .text.VL53L0X_RdWord
                0x0000000008009b24       0x70 Drivers/VL53L0X_API/platform/src/vl53l0x_platform.o
                0x0000000008009b24                VL53L0X_RdWord
 .text.VL53L0X_RdDWord
                0x0000000008009b94       0x78 Drivers/VL53L0X_API/platform/src/vl53l0x_platform.o
                0x0000000008009b94                VL53L0X_RdDWord
 .text.VL53L0X_PollingDelay
                0x0000000008009c0c       0x1e Drivers/VL53L0X_API/platform/src/vl53l0x_platform.o
                0x0000000008009c0c                VL53L0X_PollingDelay
 *fill*         0x0000000008009c2a        0x2 
 .text.__errno  0x0000000008009c2c        0xc c:/st/stm32cubeide_1.5.0/stm32cubeide/plugins/com.st.stm32cube.ide.mcu.externaltools.gnu-tools-for-stm32.9-2020-q2-update.win32_1.5.0.202011040924/tools/bin/../lib/gcc/arm-none-eabi/9.3.1/../../../../arm-none-eabi/lib/thumb/v7e-m+fp/hard\libc_nano.a(lib_a-errno.o)
                0x0000000008009c2c                __errno
 .text.__libc_init_array
                0x0000000008009c38       0x48 c:/st/stm32cubeide_1.5.0/stm32cubeide/plugins/com.st.stm32cube.ide.mcu.externaltools.gnu-tools-for-stm32.9-2020-q2-update.win32_1.5.0.202011040924/tools/bin/../lib/gcc/arm-none-eabi/9.3.1/../../../../arm-none-eabi/lib/thumb/v7e-m+fp/hard\libc_nano.a(lib_a-init.o)
                0x0000000008009c38                __libc_init_array
 .text.memcpy   0x0000000008009c80       0x1c c:/st/stm32cubeide_1.5.0/stm32cubeide/plugins/com.st.stm32cube.ide.mcu.externaltools.gnu-tools-for-stm32.9-2020-q2-update.win32_1.5.0.202011040924/tools/bin/../lib/gcc/arm-none-eabi/9.3.1/../../../../arm-none-eabi/lib/thumb/v7e-m+fp/hard\libc_nano.a(lib_a-memcpy-stub.o)
                0x0000000008009c80                memcpy
 .text.memset   0x0000000008009c9c       0x10 c:/st/stm32cubeide_1.5.0/stm32cubeide/plugins/com.st.stm32cube.ide.mcu.externaltools.gnu-tools-for-stm32.9-2020-q2-update.win32_1.5.0.202011040924/tools/bin/../lib/gcc/arm-none-eabi/9.3.1/../../../../arm-none-eabi/lib/thumb/v7e-m+fp/hard\libc_nano.a(lib_a-memset.o)
                0x0000000008009c9c                memset
 .text.__cvt    0x0000000008009cac       0xc4 c:/st/stm32cubeide_1.5.0/stm32cubeide/plugins/com.st.stm32cube.ide.mcu.externaltools.gnu-tools-for-stm32.9-2020-q2-update.win32_1.5.0.202011040924/tools/bin/../lib/gcc/arm-none-eabi/9.3.1/../../../../arm-none-eabi/lib/thumb/v7e-m+fp/hard\libc_nano.a(lib_a-nano-vfprintf_float.o)
                0x0000000008009cac                __cvt
 .text.__exponent
                0x0000000008009d70       0x7c c:/st/stm32cubeide_1.5.0/stm32cubeide/plugins/com.st.stm32cube.ide.mcu.externaltools.gnu-tools-for-stm32.9-2020-q2-update.win32_1.5.0.202011040924/tools/bin/../lib/gcc/arm-none-eabi/9.3.1/../../../../arm-none-eabi/lib/thumb/v7e-m+fp/hard\libc_nano.a(lib_a-nano-vfprintf_float.o)
                0x0000000008009d70                __exponent
 .text._printf_float
                0x0000000008009dec      0x46c c:/st/stm32cubeide_1.5.0/stm32cubeide/plugins/com.st.stm32cube.ide.mcu.externaltools.gnu-tools-for-stm32.9-2020-q2-update.win32_1.5.0.202011040924/tools/bin/../lib/gcc/arm-none-eabi/9.3.1/../../../../arm-none-eabi/lib/thumb/v7e-m+fp/hard\libc_nano.a(lib_a-nano-vfprintf_float.o)
                0x0000000008009dec                _printf_float
 .text._printf_common
                0x000000000800a258       0xda c:/st/stm32cubeide_1.5.0/stm32cubeide/plugins/com.st.stm32cube.ide.mcu.externaltools.gnu-tools-for-stm32.9-2020-q2-update.win32_1.5.0.202011040924/tools/bin/../lib/gcc/arm-none-eabi/9.3.1/../../../../arm-none-eabi/lib/thumb/v7e-m+fp/hard\libc_nano.a(lib_a-nano-vfprintf_i.o)
                0x000000000800a258                _printf_common
 *fill*         0x000000000800a332        0x2 
 .text._printf_i
                0x000000000800a334      0x24c c:/st/stm32cubeide_1.5.0/stm32cubeide/plugins/com.st.stm32cube.ide.mcu.externaltools.gnu-tools-for-stm32.9-2020-q2-update.win32_1.5.0.202011040924/tools/bin/../lib/gcc/arm-none-eabi/9.3.1/../../../../arm-none-eabi/lib/thumb/v7e-m+fp/hard\libc_nano.a(lib_a-nano-vfprintf_i.o)
                0x000000000800a334                _printf_i
 .text._puts_r  0x000000000800a580       0xdc c:/st/stm32cubeide_1.5.0/stm32cubeide/plugins/com.st.stm32cube.ide.mcu.externaltools.gnu-tools-for-stm32.9-2020-q2-update.win32_1.5.0.202011040924/tools/bin/../lib/gcc/arm-none-eabi/9.3.1/../../../../arm-none-eabi/lib/thumb/v7e-m+fp/hard\libc_nano.a(lib_a-puts.o)
                0x000000000800a580                _puts_r
 .text.puts     0x000000000800a65c       0x10 c:/st/stm32cubeide_1.5.0/stm32cubeide/plugins/com.st.stm32cube.ide.mcu.externaltools.gnu-tools-for-stm32.9-2020-q2-update.win32_1.5.0.202011040924/tools/bin/../lib/gcc/arm-none-eabi/9.3.1/../../../../arm-none-eabi/lib/thumb/v7e-m+fp/hard\libc_nano.a(lib_a-puts.o)
                0x000000000800a65c                puts
 .text.setvbuf  0x000000000800a66c      0x18c c:/st/stm32cubeide_1.5.0/stm32cubeide/plugins/com.st.stm32cube.ide.mcu.externaltools.gnu-tools-for-stm32.9-2020-q2-update.win32_1.5.0.202011040924/tools/bin/../lib/gcc/arm-none-eabi/9.3.1/../../../../arm-none-eabi/lib/thumb/v7e-m+fp/hard\libc_nano.a(lib_a-setvbuf.o)
                0x000000000800a66c                setvbuf
 .text.strcpy   0x000000000800a7f8       0x10 c:/st/stm32cubeide_1.5.0/stm32cubeide/plugins/com.st.stm32cube.ide.mcu.externaltools.gnu-tools-for-stm32.9-2020-q2-update.win32_1.5.0.202011040924/tools/bin/../lib/gcc/arm-none-eabi/9.3.1/../../../../arm-none-eabi/lib/thumb/v7e-m+fp/hard\libc_nano.a(lib_a-strcpy.o)
                0x000000000800a7f8                strcpy
 .text.__swbuf_r
                0x000000000800a808       0xa4 c:/st/stm32cubeide_1.5.0/stm32cubeide/plugins/com.st.stm32cube.ide.mcu.externaltools.gnu-tools-for-stm32.9-2020-q2-update.win32_1.5.0.202011040924/tools/bin/../lib/gcc/arm-none-eabi/9.3.1/../../../../arm-none-eabi/lib/thumb/v7e-m+fp/hard\libc_nano.a(lib_a-wbuf.o)
                0x000000000800a808                __swbuf_r
 .text.__swsetup_r
                0x000000000800a8ac       0xdc c:/st/stm32cubeide_1.5.0/stm32cubeide/plugins/com.st.stm32cube.ide.mcu.externaltools.gnu-tools-for-stm32.9-2020-q2-update.win32_1.5.0.202011040924/tools/bin/../lib/gcc/arm-none-eabi/9.3.1/../../../../arm-none-eabi/lib/thumb/v7e-m+fp/hard\libc_nano.a(lib_a-wsetup.o)
                0x000000000800a8ac                __swsetup_r
 .text.quorem   0x000000000800a988      0x116 c:/st/stm32cubeide_1.5.0/stm32cubeide/plugins/com.st.stm32cube.ide.mcu.externaltools.gnu-tools-for-stm32.9-2020-q2-update.win32_1.5.0.202011040924/tools/bin/../lib/gcc/arm-none-eabi/9.3.1/../../../../arm-none-eabi/lib/thumb/v7e-m+fp/hard\libc_nano.a(lib_a-dtoa.o)
 *fill*         0x000000000800aa9e        0x2 
 .text._dtoa_r  0x000000000800aaa0      0xbd8 c:/st/stm32cubeide_1.5.0/stm32cubeide/plugins/com.st.stm32cube.ide.mcu.externaltools.gnu-tools-for-stm32.9-2020-q2-update.win32_1.5.0.202011040924/tools/bin/../lib/gcc/arm-none-eabi/9.3.1/../../../../arm-none-eabi/lib/thumb/v7e-m+fp/hard\libc_nano.a(lib_a-dtoa.o)
                0x000000000800aaa0                _dtoa_r
 .text.__sflush_r
                0x000000000800b678      0x10c c:/st/stm32cubeide_1.5.0/stm32cubeide/plugins/com.st.stm32cube.ide.mcu.externaltools.gnu-tools-for-stm32.9-2020-q2-update.win32_1.5.0.202011040924/tools/bin/../lib/gcc/arm-none-eabi/9.3.1/../../../../arm-none-eabi/lib/thumb/v7e-m+fp/hard\libc_nano.a(lib_a-fflush.o)
                0x000000000800b678                __sflush_r
 .text._fflush_r
                0x000000000800b784       0x78 c:/st/stm32cubeide_1.5.0/stm32cubeide/plugins/com.st.stm32cube.ide.mcu.externaltools.gnu-tools-for-stm32.9-2020-q2-update.win32_1.5.0.202011040924/tools/bin/../lib/gcc/arm-none-eabi/9.3.1/../../../../arm-none-eabi/lib/thumb/v7e-m+fp/hard\libc_nano.a(lib_a-fflush.o)
                0x000000000800b784                _fflush_r
 .text.std      0x000000000800b7fc       0x48 c:/st/stm32cubeide_1.5.0/stm32cubeide/plugins/com.st.stm32cube.ide.mcu.externaltools.gnu-tools-for-stm32.9-2020-q2-update.win32_1.5.0.202011040924/tools/bin/../lib/gcc/arm-none-eabi/9.3.1/../../../../arm-none-eabi/lib/thumb/v7e-m+fp/hard\libc_nano.a(lib_a-findfp.o)
 .text._cleanup_r
                0x000000000800b844        0xc c:/st/stm32cubeide_1.5.0/stm32cubeide/plugins/com.st.stm32cube.ide.mcu.externaltools.gnu-tools-for-stm32.9-2020-q2-update.win32_1.5.0.202011040924/tools/bin/../lib/gcc/arm-none-eabi/9.3.1/../../../../arm-none-eabi/lib/thumb/v7e-m+fp/hard\libc_nano.a(lib_a-findfp.o)
                0x000000000800b844                _cleanup_r
 .text.__sfmoreglue
                0x000000000800b850       0x2c c:/st/stm32cubeide_1.5.0/stm32cubeide/plugins/com.st.stm32cube.ide.mcu.externaltools.gnu-tools-for-stm32.9-2020-q2-update.win32_1.5.0.202011040924/tools/bin/../lib/gcc/arm-none-eabi/9.3.1/../../../../arm-none-eabi/lib/thumb/v7e-m+fp/hard\libc_nano.a(lib_a-findfp.o)
                0x000000000800b850                __sfmoreglue
 .text.__sfp_lock_acquire
                0x000000000800b87c        0xc c:/st/stm32cubeide_1.5.0/stm32cubeide/plugins/com.st.stm32cube.ide.mcu.externaltools.gnu-tools-for-stm32.9-2020-q2-update.win32_1.5.0.202011040924/tools/bin/../lib/gcc/arm-none-eabi/9.3.1/../../../../arm-none-eabi/lib/thumb/v7e-m+fp/hard\libc_nano.a(lib_a-findfp.o)
                0x000000000800b87c                __sfp_lock_acquire
 .text.__sfp_lock_release
                0x000000000800b888        0xc c:/st/stm32cubeide_1.5.0/stm32cubeide/plugins/com.st.stm32cube.ide.mcu.externaltools.gnu-tools-for-stm32.9-2020-q2-update.win32_1.5.0.202011040924/tools/bin/../lib/gcc/arm-none-eabi/9.3.1/../../../../arm-none-eabi/lib/thumb/v7e-m+fp/hard\libc_nano.a(lib_a-findfp.o)
                0x000000000800b888                __sfp_lock_release
 .text.__sinit_lock_acquire
                0x000000000800b894        0xc c:/st/stm32cubeide_1.5.0/stm32cubeide/plugins/com.st.stm32cube.ide.mcu.externaltools.gnu-tools-for-stm32.9-2020-q2-update.win32_1.5.0.202011040924/tools/bin/../lib/gcc/arm-none-eabi/9.3.1/../../../../arm-none-eabi/lib/thumb/v7e-m+fp/hard\libc_nano.a(lib_a-findfp.o)
                0x000000000800b894                __sinit_lock_acquire
 .text.__sinit_lock_release
                0x000000000800b8a0        0xc c:/st/stm32cubeide_1.5.0/stm32cubeide/plugins/com.st.stm32cube.ide.mcu.externaltools.gnu-tools-for-stm32.9-2020-q2-update.win32_1.5.0.202011040924/tools/bin/../lib/gcc/arm-none-eabi/9.3.1/../../../../arm-none-eabi/lib/thumb/v7e-m+fp/hard\libc_nano.a(lib_a-findfp.o)
                0x000000000800b8a0                __sinit_lock_release
 .text.__sinit  0x000000000800b8ac       0x70 c:/st/stm32cubeide_1.5.0/stm32cubeide/plugins/com.st.stm32cube.ide.mcu.externaltools.gnu-tools-for-stm32.9-2020-q2-update.win32_1.5.0.202011040924/tools/bin/../lib/gcc/arm-none-eabi/9.3.1/../../../../arm-none-eabi/lib/thumb/v7e-m+fp/hard\libc_nano.a(lib_a-findfp.o)
                0x000000000800b8ac                __sinit
 .text.__sfp    0x000000000800b91c       0x8c c:/st/stm32cubeide_1.5.0/stm32cubeide/plugins/com.st.stm32cube.ide.mcu.externaltools.gnu-tools-for-stm32.9-2020-q2-update.win32_1.5.0.202011040924/tools/bin/../lib/gcc/arm-none-eabi/9.3.1/../../../../arm-none-eabi/lib/thumb/v7e-m+fp/hard\libc_nano.a(lib_a-findfp.o)
                0x000000000800b91c                __sfp
 .text._fwalk_reent
                0x000000000800b9a8       0x3e c:/st/stm32cubeide_1.5.0/stm32cubeide/plugins/com.st.stm32cube.ide.mcu.externaltools.gnu-tools-for-stm32.9-2020-q2-update.win32_1.5.0.202011040924/tools/bin/../lib/gcc/arm-none-eabi/9.3.1/../../../../arm-none-eabi/lib/thumb/v7e-m+fp/hard\libc_nano.a(lib_a-fwalk.o)
                0x000000000800b9a8                _fwalk_reent
 *fill*         0x000000000800b9e6        0x2 
 .text._localeconv_r
                0x000000000800b9e8        0x8 c:/st/stm32cubeide_1.5.0/stm32cubeide/plugins/com.st.stm32cube.ide.mcu.externaltools.gnu-tools-for-stm32.9-2020-q2-update.win32_1.5.0.202011040924/tools/bin/../lib/gcc/arm-none-eabi/9.3.1/../../../../arm-none-eabi/lib/thumb/v7e-m+fp/hard\libc_nano.a(lib_a-localeconv.o)
                0x000000000800b9e8                _localeconv_r
 .text.__retarget_lock_init_recursive
                0x000000000800b9f0        0x2 c:/st/stm32cubeide_1.5.0/stm32cubeide/plugins/com.st.stm32cube.ide.mcu.externaltools.gnu-tools-for-stm32.9-2020-q2-update.win32_1.5.0.202011040924/tools/bin/../lib/gcc/arm-none-eabi/9.3.1/../../../../arm-none-eabi/lib/thumb/v7e-m+fp/hard\libc_nano.a(lib_a-lock.o)
                0x000000000800b9f0                __retarget_lock_init_recursive
 .text.__retarget_lock_acquire_recursive
                0x000000000800b9f2        0x2 c:/st/stm32cubeide_1.5.0/stm32cubeide/plugins/com.st.stm32cube.ide.mcu.externaltools.gnu-tools-for-stm32.9-2020-q2-update.win32_1.5.0.202011040924/tools/bin/../lib/gcc/arm-none-eabi/9.3.1/../../../../arm-none-eabi/lib/thumb/v7e-m+fp/hard\libc_nano.a(lib_a-lock.o)
                0x000000000800b9f2                __retarget_lock_acquire_recursive
 .text.__retarget_lock_release_recursive
                0x000000000800b9f4        0x2 c:/st/stm32cubeide_1.5.0/stm32cubeide/plugins/com.st.stm32cube.ide.mcu.externaltools.gnu-tools-for-stm32.9-2020-q2-update.win32_1.5.0.202011040924/tools/bin/../lib/gcc/arm-none-eabi/9.3.1/../../../../arm-none-eabi/lib/thumb/v7e-m+fp/hard\libc_nano.a(lib_a-lock.o)
                0x000000000800b9f4                __retarget_lock_release_recursive
 .text.__swhatbuf_r
                0x000000000800b9f6       0x48 c:/st/stm32cubeide_1.5.0/stm32cubeide/plugins/com.st.stm32cube.ide.mcu.externaltools.gnu-tools-for-stm32.9-2020-q2-update.win32_1.5.0.202011040924/tools/bin/../lib/gcc/arm-none-eabi/9.3.1/../../../../arm-none-eabi/lib/thumb/v7e-m+fp/hard\libc_nano.a(lib_a-makebuf.o)
                0x000000000800b9f6                __swhatbuf_r
 *fill*         0x000000000800ba3e        0x2 
 .text.__smakebuf_r
                0x000000000800ba40       0x80 c:/st/stm32cubeide_1.5.0/stm32cubeide/plugins/com.st.stm32cube.ide.mcu.externaltools.gnu-tools-for-stm32.9-2020-q2-update.win32_1.5.0.202011040924/tools/bin/../lib/gcc/arm-none-eabi/9.3.1/../../../../arm-none-eabi/lib/thumb/v7e-m+fp/hard\libc_nano.a(lib_a-makebuf.o)
                0x000000000800ba40                __smakebuf_r
 .text.malloc   0x000000000800bac0       0x10 c:/st/stm32cubeide_1.5.0/stm32cubeide/plugins/com.st.stm32cube.ide.mcu.externaltools.gnu-tools-for-stm32.9-2020-q2-update.win32_1.5.0.202011040924/tools/bin/../lib/gcc/arm-none-eabi/9.3.1/../../../../arm-none-eabi/lib/thumb/v7e-m+fp/hard\libc_nano.a(lib_a-malloc.o)
                0x000000000800bac0                malloc
 .text._Balloc  0x000000000800bad0       0x80 c:/st/stm32cubeide_1.5.0/stm32cubeide/plugins/com.st.stm32cube.ide.mcu.externaltools.gnu-tools-for-stm32.9-2020-q2-update.win32_1.5.0.202011040924/tools/bin/../lib/gcc/arm-none-eabi/9.3.1/../../../../arm-none-eabi/lib/thumb/v7e-m+fp/hard\libc_nano.a(lib_a-mprec.o)
                0x000000000800bad0                _Balloc
 .text._Bfree   0x000000000800bb50       0x44 c:/st/stm32cubeide_1.5.0/stm32cubeide/plugins/com.st.stm32cube.ide.mcu.externaltools.gnu-tools-for-stm32.9-2020-q2-update.win32_1.5.0.202011040924/tools/bin/../lib/gcc/arm-none-eabi/9.3.1/../../../../arm-none-eabi/lib/thumb/v7e-m+fp/hard\libc_nano.a(lib_a-mprec.o)
                0x000000000800bb50                _Bfree
 .text.__multadd
                0x000000000800bb94       0x94 c:/st/stm32cubeide_1.5.0/stm32cubeide/plugins/com.st.stm32cube.ide.mcu.externaltools.gnu-tools-for-stm32.9-2020-q2-update.win32_1.5.0.202011040924/tools/bin/../lib/gcc/arm-none-eabi/9.3.1/../../../../arm-none-eabi/lib/thumb/v7e-m+fp/hard\libc_nano.a(lib_a-mprec.o)
                0x000000000800bb94                __multadd
 .text.__hi0bits
                0x000000000800bc28       0x40 c:/st/stm32cubeide_1.5.0/stm32cubeide/plugins/com.st.stm32cube.ide.mcu.externaltools.gnu-tools-for-stm32.9-2020-q2-update.win32_1.5.0.202011040924/tools/bin/../lib/gcc/arm-none-eabi/9.3.1/../../../../arm-none-eabi/lib/thumb/v7e-m+fp/hard\libc_nano.a(lib_a-mprec.o)
                0x000000000800bc28                __hi0bits
 .text.__lo0bits
                0x000000000800bc68       0x60 c:/st/stm32cubeide_1.5.0/stm32cubeide/plugins/com.st.stm32cube.ide.mcu.externaltools.gnu-tools-for-stm32.9-2020-q2-update.win32_1.5.0.202011040924/tools/bin/../lib/gcc/arm-none-eabi/9.3.1/../../../../arm-none-eabi/lib/thumb/v7e-m+fp/hard\libc_nano.a(lib_a-mprec.o)
                0x000000000800bc68                __lo0bits
 .text.__i2b    0x000000000800bcc8       0x2c c:/st/stm32cubeide_1.5.0/stm32cubeide/plugins/com.st.stm32cube.ide.mcu.externaltools.gnu-tools-for-stm32.9-2020-q2-update.win32_1.5.0.202011040924/tools/bin/../lib/gcc/arm-none-eabi/9.3.1/../../../../arm-none-eabi/lib/thumb/v7e-m+fp/hard\libc_nano.a(lib_a-mprec.o)
                0x000000000800bcc8                __i2b
 .text.__multiply
                0x000000000800bcf4      0x14c c:/st/stm32cubeide_1.5.0/stm32cubeide/plugins/com.st.stm32cube.ide.mcu.externaltools.gnu-tools-for-stm32.9-2020-q2-update.win32_1.5.0.202011040924/tools/bin/../lib/gcc/arm-none-eabi/9.3.1/../../../../arm-none-eabi/lib/thumb/v7e-m+fp/hard\libc_nano.a(lib_a-mprec.o)
                0x000000000800bcf4                __multiply
 .text.__pow5mult
                0x000000000800be40       0xb4 c:/st/stm32cubeide_1.5.0/stm32cubeide/plugins/com.st.stm32cube.ide.mcu.externaltools.gnu-tools-for-stm32.9-2020-q2-update.win32_1.5.0.202011040924/tools/bin/../lib/gcc/arm-none-eabi/9.3.1/../../../../arm-none-eabi/lib/thumb/v7e-m+fp/hard\libc_nano.a(lib_a-mprec.o)
                0x000000000800be40                __pow5mult
 .text.__lshift
                0x000000000800bef4       0xd8 c:/st/stm32cubeide_1.5.0/stm32cubeide/plugins/com.st.stm32cube.ide.mcu.externaltools.gnu-tools-for-stm32.9-2020-q2-update.win32_1.5.0.202011040924/tools/bin/../lib/gcc/arm-none-eabi/9.3.1/../../../../arm-none-eabi/lib/thumb/v7e-m+fp/hard\libc_nano.a(lib_a-mprec.o)
                0x000000000800bef4                __lshift
 .text.__mcmp   0x000000000800bfcc       0x38 c:/st/stm32cubeide_1.5.0/stm32cubeide/plugins/com.st.stm32cube.ide.mcu.externaltools.gnu-tools-for-stm32.9-2020-q2-update.win32_1.5.0.202011040924/tools/bin/../lib/gcc/arm-none-eabi/9.3.1/../../../../arm-none-eabi/lib/thumb/v7e-m+fp/hard\libc_nano.a(lib_a-mprec.o)
                0x000000000800bfcc                __mcmp
 .text.__mdiff  0x000000000800c004      0x110 c:/st/stm32cubeide_1.5.0/stm32cubeide/plugins/com.st.stm32cube.ide.mcu.externaltools.gnu-tools-for-stm32.9-2020-q2-update.win32_1.5.0.202011040924/tools/bin/../lib/gcc/arm-none-eabi/9.3.1/../../../../arm-none-eabi/lib/thumb/v7e-m+fp/hard\libc_nano.a(lib_a-mprec.o)
                0x000000000800c004                __mdiff
 .text.__d2b    0x000000000800c114       0xb8 c:/st/stm32cubeide_1.5.0/stm32cubeide/plugins/com.st.stm32cube.ide.mcu.externaltools.gnu-tools-for-stm32.9-2020-q2-update.win32_1.5.0.202011040924/tools/bin/../lib/gcc/arm-none-eabi/9.3.1/../../../../arm-none-eabi/lib/thumb/v7e-m+fp/hard\libc_nano.a(lib_a-mprec.o)
                0x000000000800c114                __d2b
 .text._calloc_r
                0x000000000800c1cc       0x1e c:/st/stm32cubeide_1.5.0/stm32cubeide/plugins/com.st.stm32cube.ide.mcu.externaltools.gnu-tools-for-stm32.9-2020-q2-update.win32_1.5.0.202011040924/tools/bin/../lib/gcc/arm-none-eabi/9.3.1/../../../../arm-none-eabi/lib/thumb/v7e-m+fp/hard\libc_nano.a(lib_a-nano-callocr.o)
                0x000000000800c1cc                _calloc_r
 *fill*         0x000000000800c1ea        0x2 
 .text._free_r  0x000000000800c1ec       0xa0 c:/st/stm32cubeide_1.5.0/stm32cubeide/plugins/com.st.stm32cube.ide.mcu.externaltools.gnu-tools-for-stm32.9-2020-q2-update.win32_1.5.0.202011040924/tools/bin/../lib/gcc/arm-none-eabi/9.3.1/../../../../arm-none-eabi/lib/thumb/v7e-m+fp/hard\libc_nano.a(lib_a-nano-freer.o)
                0x000000000800c1ec                _free_r
 .text._malloc_r
                0x000000000800c28c       0xb4 c:/st/stm32cubeide_1.5.0/stm32cubeide/plugins/com.st.stm32cube.ide.mcu.externaltools.gnu-tools-for-stm32.9-2020-q2-update.win32_1.5.0.202011040924/tools/bin/../lib/gcc/arm-none-eabi/9.3.1/../../../../arm-none-eabi/lib/thumb/v7e-m+fp/hard\libc_nano.a(lib_a-nano-mallocr.o)
                0x000000000800c28c                _malloc_r
 .text._sbrk_r  0x000000000800c340       0x20 c:/st/stm32cubeide_1.5.0/stm32cubeide/plugins/com.st.stm32cube.ide.mcu.externaltools.gnu-tools-for-stm32.9-2020-q2-update.win32_1.5.0.202011040924/tools/bin/../lib/gcc/arm-none-eabi/9.3.1/../../../../arm-none-eabi/lib/thumb/v7e-m+fp/hard\libc_nano.a(lib_a-sbrkr.o)
                0x000000000800c340                _sbrk_r
 .text.__sread  0x000000000800c360       0x22 c:/st/stm32cubeide_1.5.0/stm32cubeide/plugins/com.st.stm32cube.ide.mcu.externaltools.gnu-tools-for-stm32.9-2020-q2-update.win32_1.5.0.202011040924/tools/bin/../lib/gcc/arm-none-eabi/9.3.1/../../../../arm-none-eabi/lib/thumb/v7e-m+fp/hard\libc_nano.a(lib_a-stdio.o)
                0x000000000800c360                __sread
 .text.__swrite
                0x000000000800c382       0x38 c:/st/stm32cubeide_1.5.0/stm32cubeide/plugins/com.st.stm32cube.ide.mcu.externaltools.gnu-tools-for-stm32.9-2020-q2-update.win32_1.5.0.202011040924/tools/bin/../lib/gcc/arm-none-eabi/9.3.1/../../../../arm-none-eabi/lib/thumb/v7e-m+fp/hard\libc_nano.a(lib_a-stdio.o)
                0x000000000800c382                __swrite
 .text.__sseek  0x000000000800c3ba       0x24 c:/st/stm32cubeide_1.5.0/stm32cubeide/plugins/com.st.stm32cube.ide.mcu.externaltools.gnu-tools-for-stm32.9-2020-q2-update.win32_1.5.0.202011040924/tools/bin/../lib/gcc/arm-none-eabi/9.3.1/../../../../arm-none-eabi/lib/thumb/v7e-m+fp/hard\libc_nano.a(lib_a-stdio.o)
                0x000000000800c3ba                __sseek
 .text.__sclose
                0x000000000800c3de        0x8 c:/st/stm32cubeide_1.5.0/stm32cubeide/plugins/com.st.stm32cube.ide.mcu.externaltools.gnu-tools-for-stm32.9-2020-q2-update.win32_1.5.0.202011040924/tools/bin/../lib/gcc/arm-none-eabi/9.3.1/../../../../arm-none-eabi/lib/thumb/v7e-m+fp/hard\libc_nano.a(lib_a-stdio.o)
                0x000000000800c3de                __sclose
 *fill*         0x000000000800c3e6        0x2 
 .text._write_r
                0x000000000800c3e8       0x24 c:/st/stm32cubeide_1.5.0/stm32cubeide/plugins/com.st.stm32cube.ide.mcu.externaltools.gnu-tools-for-stm32.9-2020-q2-update.win32_1.5.0.202011040924/tools/bin/../lib/gcc/arm-none-eabi/9.3.1/../../../../arm-none-eabi/lib/thumb/v7e-m+fp/hard\libc_nano.a(lib_a-writer.o)
                0x000000000800c3e8                _write_r
 .text.__assert_func
                0x000000000800c40c       0x3c c:/st/stm32cubeide_1.5.0/stm32cubeide/plugins/com.st.stm32cube.ide.mcu.externaltools.gnu-tools-for-stm32.9-2020-q2-update.win32_1.5.0.202011040924/tools/bin/../lib/gcc/arm-none-eabi/9.3.1/../../../../arm-none-eabi/lib/thumb/v7e-m+fp/hard\libc_nano.a(lib_a-assert.o)
                0x000000000800c40c                __assert_func
 .text._close_r
                0x000000000800c448       0x20 c:/st/stm32cubeide_1.5.0/stm32cubeide/plugins/com.st.stm32cube.ide.mcu.externaltools.gnu-tools-for-stm32.9-2020-q2-update.win32_1.5.0.202011040924/tools/bin/../lib/gcc/arm-none-eabi/9.3.1/../../../../arm-none-eabi/lib/thumb/v7e-m+fp/hard\libc_nano.a(lib_a-closer.o)
                0x000000000800c448                _close_r
 .text.fprintf  0x000000000800c468       0x24 c:/st/stm32cubeide_1.5.0/stm32cubeide/plugins/com.st.stm32cube.ide.mcu.externaltools.gnu-tools-for-stm32.9-2020-q2-update.win32_1.5.0.202011040924/tools/bin/../lib/gcc/arm-none-eabi/9.3.1/../../../../arm-none-eabi/lib/thumb/v7e-m+fp/hard\libc_nano.a(lib_a-fprintf.o)
                0x000000000800c468                fiprintf
                0x000000000800c468                fprintf
 .text._fstat_r
                0x000000000800c48c       0x24 c:/st/stm32cubeide_1.5.0/stm32cubeide/plugins/com.st.stm32cube.ide.mcu.externaltools.gnu-tools-for-stm32.9-2020-q2-update.win32_1.5.0.202011040924/tools/bin/../lib/gcc/arm-none-eabi/9.3.1/../../../../arm-none-eabi/lib/thumb/v7e-m+fp/hard\libc_nano.a(lib_a-fstatr.o)
                0x000000000800c48c                _fstat_r
 .text._isatty_r
                0x000000000800c4b0       0x20 c:/st/stm32cubeide_1.5.0/stm32cubeide/plugins/com.st.stm32cube.ide.mcu.externaltools.gnu-tools-for-stm32.9-2020-q2-update.win32_1.5.0.202011040924/tools/bin/../lib/gcc/arm-none-eabi/9.3.1/../../../../arm-none-eabi/lib/thumb/v7e-m+fp/hard\libc_nano.a(lib_a-isattyr.o)
                0x000000000800c4b0                _isatty_r
 .text._lseek_r
                0x000000000800c4d0       0x24 c:/st/stm32cubeide_1.5.0/stm32cubeide/plugins/com.st.stm32cube.ide.mcu.externaltools.gnu-tools-for-stm32.9-2020-q2-update.win32_1.5.0.202011040924/tools/bin/../lib/gcc/arm-none-eabi/9.3.1/../../../../arm-none-eabi/lib/thumb/v7e-m+fp/hard\libc_nano.a(lib_a-lseekr.o)
                0x000000000800c4d0                _lseek_r
 .text.__ascii_mbtowc
                0x000000000800c4f4       0x24 c:/st/stm32cubeide_1.5.0/stm32cubeide/plugins/com.st.stm32cube.ide.mcu.externaltools.gnu-tools-for-stm32.9-2020-q2-update.win32_1.5.0.202011040924/tools/bin/../lib/gcc/arm-none-eabi/9.3.1/../../../../arm-none-eabi/lib/thumb/v7e-m+fp/hard\libc_nano.a(lib_a-mbtowc_r.o)
                0x000000000800c4f4                __ascii_mbtowc
 .text.__malloc_lock
                0x000000000800c518        0xc c:/st/stm32cubeide_1.5.0/stm32cubeide/plugins/com.st.stm32cube.ide.mcu.externaltools.gnu-tools-for-stm32.9-2020-q2-update.win32_1.5.0.202011040924/tools/bin/../lib/gcc/arm-none-eabi/9.3.1/../../../../arm-none-eabi/lib/thumb/v7e-m+fp/hard\libc_nano.a(lib_a-mlock.o)
                0x000000000800c518                __malloc_lock
 .text.__malloc_unlock
                0x000000000800c524        0xc c:/st/stm32cubeide_1.5.0/stm32cubeide/plugins/com.st.stm32cube.ide.mcu.externaltools.gnu-tools-for-stm32.9-2020-q2-update.win32_1.5.0.202011040924/tools/bin/../lib/gcc/arm-none-eabi/9.3.1/../../../../arm-none-eabi/lib/thumb/v7e-m+fp/hard\libc_nano.a(lib_a-mlock.o)
                0x000000000800c524                __malloc_unlock
 .text.__sfputc_r
                0x000000000800c530       0x2e c:/st/stm32cubeide_1.5.0/stm32cubeide/plugins/com.st.stm32cube.ide.mcu.externaltools.gnu-tools-for-stm32.9-2020-q2-update.win32_1.5.0.202011040924/tools/bin/../lib/gcc/arm-none-eabi/9.3.1/../../../../arm-none-eabi/lib/thumb/v7e-m+fp/hard\libc_nano.a(lib_a-nano-vfprintf.o)
 .text.__sfputs_r
                0x000000000800c55e       0x24 c:/st/stm32cubeide_1.5.0/stm32cubeide/plugins/com.st.stm32cube.ide.mcu.externaltools.gnu-tools-for-stm32.9-2020-q2-update.win32_1.5.0.202011040924/tools/bin/../lib/gcc/arm-none-eabi/9.3.1/../../../../arm-none-eabi/lib/thumb/v7e-m+fp/hard\libc_nano.a(lib_a-nano-vfprintf.o)
                0x000000000800c55e                __sfputs_r
 *fill*         0x000000000800c582        0x2 
 .text._vfprintf_r
                0x000000000800c584      0x260 c:/st/stm32cubeide_1.5.0/stm32cubeide/plugins/com.st.stm32cube.ide.mcu.externaltools.gnu-tools-for-stm32.9-2020-q2-update.win32_1.5.0.202011040924/tools/bin/../lib/gcc/arm-none-eabi/9.3.1/../../../../arm-none-eabi/lib/thumb/v7e-m+fp/hard\libc_nano.a(lib_a-nano-vfprintf.o)
                0x000000000800c584                _vfprintf_r
                0x000000000800c584                _vfiprintf_r
 .text._read_r  0x000000000800c7e4       0x24 c:/st/stm32cubeide_1.5.0/stm32cubeide/plugins/com.st.stm32cube.ide.mcu.externaltools.gnu-tools-for-stm32.9-2020-q2-update.win32_1.5.0.202011040924/tools/bin/../lib/gcc/arm-none-eabi/9.3.1/../../../../arm-none-eabi/lib/thumb/v7e-m+fp/hard\libc_nano.a(lib_a-readr.o)
                0x000000000800c7e4                _read_r
 .text.__ascii_wctomb
                0x000000000800c808       0x1a c:/st/stm32cubeide_1.5.0/stm32cubeide/plugins/com.st.stm32cube.ide.mcu.externaltools.gnu-tools-for-stm32.9-2020-q2-update.win32_1.5.0.202011040924/tools/bin/../lib/gcc/arm-none-eabi/9.3.1/../../../../arm-none-eabi/lib/thumb/v7e-m+fp/hard\libc_nano.a(lib_a-wctomb_r.o)
                0x000000000800c808                __ascii_wctomb
 .text.abort    0x000000000800c822        0xe c:/st/stm32cubeide_1.5.0/stm32cubeide/plugins/com.st.stm32cube.ide.mcu.externaltools.gnu-tools-for-stm32.9-2020-q2-update.win32_1.5.0.202011040924/tools/bin/../lib/gcc/arm-none-eabi/9.3.1/../../../../arm-none-eabi/lib/thumb/v7e-m+fp/hard\libc_nano.a(lib_a-abort.o)
                0x000000000800c822                abort
 .text._raise_r
                0x000000000800c830       0x50 c:/st/stm32cubeide_1.5.0/stm32cubeide/plugins/com.st.stm32cube.ide.mcu.externaltools.gnu-tools-for-stm32.9-2020-q2-update.win32_1.5.0.202011040924/tools/bin/../lib/gcc/arm-none-eabi/9.3.1/../../../../arm-none-eabi/lib/thumb/v7e-m+fp/hard\libc_nano.a(lib_a-signal.o)
                0x000000000800c830                _raise_r
 .text.raise    0x000000000800c880       0x10 c:/st/stm32cubeide_1.5.0/stm32cubeide/plugins/com.st.stm32cube.ide.mcu.externaltools.gnu-tools-for-stm32.9-2020-q2-update.win32_1.5.0.202011040924/tools/bin/../lib/gcc/arm-none-eabi/9.3.1/../../../../arm-none-eabi/lib/thumb/v7e-m+fp/hard\libc_nano.a(lib_a-signal.o)
                0x000000000800c880                raise
 .text._kill_r  0x000000000800c890       0x24 c:/st/stm32cubeide_1.5.0/stm32cubeide/plugins/com.st.stm32cube.ide.mcu.externaltools.gnu-tools-for-stm32.9-2020-q2-update.win32_1.5.0.202011040924/tools/bin/../lib/gcc/arm-none-eabi/9.3.1/../../../../arm-none-eabi/lib/thumb/v7e-m+fp/hard\libc_nano.a(lib_a-signalr.o)
                0x000000000800c890                _kill_r
 .text._getpid_r
                0x000000000800c8b4        0x4 c:/st/stm32cubeide_1.5.0/stm32cubeide/plugins/com.st.stm32cube.ide.mcu.externaltools.gnu-tools-for-stm32.9-2020-q2-update.win32_1.5.0.202011040924/tools/bin/../lib/gcc/arm-none-eabi/9.3.1/../../../../arm-none-eabi/lib/thumb/v7e-m+fp/hard\libc_nano.a(lib_a-signalr.o)
                0x000000000800c8b4                _getpid_r
 .text._getpid  0x000000000800c8b8       0x10 c:/st/stm32cubeide_1.5.0/stm32cubeide/plugins/com.st.stm32cube.ide.mcu.externaltools.gnu-tools-for-stm32.9-2020-q2-update.win32_1.5.0.202011040924/tools/bin/../lib/gcc/arm-none-eabi/9.3.1/../../../../arm-none-eabi/lib/thumb/v7e-m+fp/hard\libnosys.a(getpid.o)
                0x000000000800c8b8                _getpid
 .text._kill    0x000000000800c8c8       0x10 c:/st/stm32cubeide_1.5.0/stm32cubeide/plugins/com.st.stm32cube.ide.mcu.externaltools.gnu-tools-for-stm32.9-2020-q2-update.win32_1.5.0.202011040924/tools/bin/../lib/gcc/arm-none-eabi/9.3.1/../../../../arm-none-eabi/lib/thumb/v7e-m+fp/hard\libnosys.a(kill.o)
                0x000000000800c8c8                _kill
 .text._exit    0x000000000800c8d8        0x2 c:/st/stm32cubeide_1.5.0/stm32cubeide/plugins/com.st.stm32cube.ide.mcu.externaltools.gnu-tools-for-stm32.9-2020-q2-update.win32_1.5.0.202011040924/tools/bin/../lib/gcc/arm-none-eabi/9.3.1/../../../../arm-none-eabi/lib/thumb/v7e-m+fp/hard\libnosys.a(_exit.o)
                0x000000000800c8d8                _exit
 *(.glue_7)
 .glue_7        0x000000000800c8da        0x0 linker stubs
 *(.glue_7t)
 .glue_7t       0x000000000800c8da        0x0 linker stubs
 *(.eh_frame)
 *fill*         0x000000000800c8da        0x2 
 .eh_frame      0x000000000800c8dc        0x0 c:/st/stm32cubeide_1.5.0/stm32cubeide/plugins/com.st.stm32cube.ide.mcu.externaltools.gnu-tools-for-stm32.9-2020-q2-update.win32_1.5.0.202011040924/tools/bin/../lib/gcc/arm-none-eabi/9.3.1/thumb/v7e-m+fp/hard/crtbegin.o
 *(.init)
 .init          0x000000000800c8dc        0x4 c:/st/stm32cubeide_1.5.0/stm32cubeide/plugins/com.st.stm32cube.ide.mcu.externaltools.gnu-tools-for-stm32.9-2020-q2-update.win32_1.5.0.202011040924/tools/bin/../lib/gcc/arm-none-eabi/9.3.1/thumb/v7e-m+fp/hard/crti.o
                0x000000000800c8dc                _init
 .init          0x000000000800c8e0        0x8 c:/st/stm32cubeide_1.5.0/stm32cubeide/plugins/com.st.stm32cube.ide.mcu.externaltools.gnu-tools-for-stm32.9-2020-q2-update.win32_1.5.0.202011040924/tools/bin/../lib/gcc/arm-none-eabi/9.3.1/thumb/v7e-m+fp/hard/crtn.o
 *(.fini)
 .fini          0x000000000800c8e8        0x4 c:/st/stm32cubeide_1.5.0/stm32cubeide/plugins/com.st.stm32cube.ide.mcu.externaltools.gnu-tools-for-stm32.9-2020-q2-update.win32_1.5.0.202011040924/tools/bin/../lib/gcc/arm-none-eabi/9.3.1/thumb/v7e-m+fp/hard/crti.o
                0x000000000800c8e8                _fini
 .fini          0x000000000800c8ec        0x8 c:/st/stm32cubeide_1.5.0/stm32cubeide/plugins/com.st.stm32cube.ide.mcu.externaltools.gnu-tools-for-stm32.9-2020-q2-update.win32_1.5.0.202011040924/tools/bin/../lib/gcc/arm-none-eabi/9.3.1/thumb/v7e-m+fp/hard/crtn.o
                0x000000000800c8f4                . = ALIGN (0x4)
                0x000000000800c8f4                _etext = .

.vfp11_veneer   0x000000000800c8f4        0x0
 .vfp11_veneer  0x000000000800c8f4        0x0 linker stubs

.v4_bx          0x000000000800c8f4        0x0
 .v4_bx         0x000000000800c8f4        0x0 linker stubs

.iplt           0x000000000800c8f4        0x0
 .iplt          0x000000000800c8f4        0x0 c:/st/stm32cubeide_1.5.0/stm32cubeide/plugins/com.st.stm32cube.ide.mcu.externaltools.gnu-tools-for-stm32.9-2020-q2-update.win32_1.5.0.202011040924/tools/bin/../lib/gcc/arm-none-eabi/9.3.1/thumb/v7e-m+fp/hard/crtbegin.o

.rodata         0x000000000800c8f8      0x424
                0x000000000800c8f8                . = ALIGN (0x4)
 *(.rodata)
 .rodata        0x000000000800c8f8        0x6 Core/Src/main.o
 *(.rodata*)
 *fill*         0x000000000800c8fe        0x2 
 .rodata.AHBPrescTable
                0x000000000800c900       0x10 Core/Src/system_stm32f3xx.o
                0x000000000800c900                AHBPrescTable
 .rodata.APBPrescTable
                0x000000000800c910        0x8 Core/Src/system_stm32f3xx.o
                0x000000000800c910                APBPrescTable
 .rodata.aPLLMULFactorTable
                0x000000000800c918       0x10 Drivers/STM32F3xx_HAL_Driver/Src/stm32f3xx_hal_rcc.o
                0x000000000800c918                aPLLMULFactorTable
 .rodata.aPredivFactorTable
                0x000000000800c928       0x10 Drivers/STM32F3xx_HAL_Driver/Src/stm32f3xx_hal_rcc.o
                0x000000000800c928                aPredivFactorTable
 .rodata._global_impure_ptr
                0x000000000800c938        0x4 c:/st/stm32cubeide_1.5.0/stm32cubeide/plugins/com.st.stm32cube.ide.mcu.externaltools.gnu-tools-for-stm32.9-2020-q2-update.win32_1.5.0.202011040924/tools/bin/../lib/gcc/arm-none-eabi/9.3.1/../../../../arm-none-eabi/lib/thumb/v7e-m+fp/hard\libc_nano.a(lib_a-impure.o)
                0x000000000800c938                _global_impure_ptr
 .rodata._printf_float.str1.1
                0x000000000800c93c       0x12 c:/st/stm32cubeide_1.5.0/stm32cubeide/plugins/com.st.stm32cube.ide.mcu.externaltools.gnu-tools-for-stm32.9-2020-q2-update.win32_1.5.0.202011040924/tools/bin/../lib/gcc/arm-none-eabi/9.3.1/../../../../arm-none-eabi/lib/thumb/v7e-m+fp/hard\libc_nano.a(lib_a-nano-vfprintf_float.o)
 .rodata._printf_i.str1.1
                0x000000000800c94e       0x22 c:/st/stm32cubeide_1.5.0/stm32cubeide/plugins/com.st.stm32cube.ide.mcu.externaltools.gnu-tools-for-stm32.9-2020-q2-update.win32_1.5.0.202011040924/tools/bin/../lib/gcc/arm-none-eabi/9.3.1/../../../../arm-none-eabi/lib/thumb/v7e-m+fp/hard\libc_nano.a(lib_a-nano-vfprintf_i.o)
 .rodata._dtoa_r.str1.1
                0x000000000800c970       0x94 c:/st/stm32cubeide_1.5.0/stm32cubeide/plugins/com.st.stm32cube.ide.mcu.externaltools.gnu-tools-for-stm32.9-2020-q2-update.win32_1.5.0.202011040924/tools/bin/../lib/gcc/arm-none-eabi/9.3.1/../../../../arm-none-eabi/lib/thumb/v7e-m+fp/hard\libc_nano.a(lib_a-dtoa.o)
                                         0x96 (size before relaxing)
 .rodata.__sf_fake_stderr
                0x000000000800ca04       0x20 c:/st/stm32cubeide_1.5.0/stm32cubeide/plugins/com.st.stm32cube.ide.mcu.externaltools.gnu-tools-for-stm32.9-2020-q2-update.win32_1.5.0.202011040924/tools/bin/../lib/gcc/arm-none-eabi/9.3.1/../../../../arm-none-eabi/lib/thumb/v7e-m+fp/hard\libc_nano.a(lib_a-findfp.o)
                0x000000000800ca04                __sf_fake_stderr
 .rodata.__sf_fake_stdin
                0x000000000800ca24       0x20 c:/st/stm32cubeide_1.5.0/stm32cubeide/plugins/com.st.stm32cube.ide.mcu.externaltools.gnu-tools-for-stm32.9-2020-q2-update.win32_1.5.0.202011040924/tools/bin/../lib/gcc/arm-none-eabi/9.3.1/../../../../arm-none-eabi/lib/thumb/v7e-m+fp/hard\libc_nano.a(lib_a-findfp.o)
                0x000000000800ca24                __sf_fake_stdin
 .rodata.__sf_fake_stdout
                0x000000000800ca44       0x20 c:/st/stm32cubeide_1.5.0/stm32cubeide/plugins/com.st.stm32cube.ide.mcu.externaltools.gnu-tools-for-stm32.9-2020-q2-update.win32_1.5.0.202011040924/tools/bin/../lib/gcc/arm-none-eabi/9.3.1/../../../../arm-none-eabi/lib/thumb/v7e-m+fp/hard\libc_nano.a(lib_a-findfp.o)
                0x000000000800ca44                __sf_fake_stdout
 .rodata._Balloc.str1.1
                0x000000000800ca64       0x60 c:/st/stm32cubeide_1.5.0/stm32cubeide/plugins/com.st.stm32cube.ide.mcu.externaltools.gnu-tools-for-stm32.9-2020-q2-update.win32_1.5.0.202011040924/tools/bin/../lib/gcc/arm-none-eabi/9.3.1/../../../../arm-none-eabi/lib/thumb/v7e-m+fp/hard\libc_nano.a(lib_a-mprec.o)
                                         0x77 (size before relaxing)
 .rodata.__multadd.str1.1
                0x000000000800cac4       0x11 c:/st/stm32cubeide_1.5.0/stm32cubeide/plugins/com.st.stm32cube.ide.mcu.externaltools.gnu-tools-for-stm32.9-2020-q2-update.win32_1.5.0.202011040924/tools/bin/../lib/gcc/arm-none-eabi/9.3.1/../../../../arm-none-eabi/lib/thumb/v7e-m+fp/hard\libc_nano.a(lib_a-mprec.o)
 *fill*         0x000000000800cac4        0x4 
 .rodata.__mprec_bigtens
                0x000000000800cac8       0x28 c:/st/stm32cubeide_1.5.0/stm32cubeide/plugins/com.st.stm32cube.ide.mcu.externaltools.gnu-tools-for-stm32.9-2020-q2-update.win32_1.5.0.202011040924/tools/bin/../lib/gcc/arm-none-eabi/9.3.1/../../../../arm-none-eabi/lib/thumb/v7e-m+fp/hard\libc_nano.a(lib_a-mprec.o)
                0x000000000800cac8                __mprec_bigtens
 .rodata.__mprec_tens
                0x000000000800caf0       0xc8 c:/st/stm32cubeide_1.5.0/stm32cubeide/plugins/com.st.stm32cube.ide.mcu.externaltools.gnu-tools-for-stm32.9-2020-q2-update.win32_1.5.0.202011040924/tools/bin/../lib/gcc/arm-none-eabi/9.3.1/../../../../arm-none-eabi/lib/thumb/v7e-m+fp/hard\libc_nano.a(lib_a-mprec.o)
                0x000000000800caf0                __mprec_tens
 .rodata.p05.7513
                0x000000000800cbb8        0xc c:/st/stm32cubeide_1.5.0/stm32cubeide/plugins/com.st.stm32cube.ide.mcu.externaltools.gnu-tools-for-stm32.9-2020-q2-update.win32_1.5.0.202011040924/tools/bin/../lib/gcc/arm-none-eabi/9.3.1/../../../../arm-none-eabi/lib/thumb/v7e-m+fp/hard\libc_nano.a(lib_a-mprec.o)
 .rodata.__assert_func.str1.1
                0x000000000800cbc4       0x3c c:/st/stm32cubeide_1.5.0/stm32cubeide/plugins/com.st.stm32cube.ide.mcu.externaltools.gnu-tools-for-stm32.9-2020-q2-update.win32_1.5.0.202011040924/tools/bin/../lib/gcc/arm-none-eabi/9.3.1/../../../../arm-none-eabi/lib/thumb/v7e-m+fp/hard\libc_nano.a(lib_a-assert.o)
                                         0x3d (size before relaxing)
 .rodata._setlocale_r.str1.1
                0x000000000800cc00        0x8 c:/st/stm32cubeide_1.5.0/stm32cubeide/plugins/com.st.stm32cube.ide.mcu.externaltools.gnu-tools-for-stm32.9-2020-q2-update.win32_1.5.0.202011040924/tools/bin/../lib/gcc/arm-none-eabi/9.3.1/../../../../arm-none-eabi/lib/thumb/v7e-m+fp/hard\libc_nano.a(lib_a-locale.o)
                                          0x9 (size before relaxing)
 .rodata.str1.1
                0x000000000800cc08        0x2 c:/st/stm32cubeide_1.5.0/stm32cubeide/plugins/com.st.stm32cube.ide.mcu.externaltools.gnu-tools-for-stm32.9-2020-q2-update.win32_1.5.0.202011040924/tools/bin/../lib/gcc/arm-none-eabi/9.3.1/../../../../arm-none-eabi/lib/thumb/v7e-m+fp/hard\libc_nano.a(lib_a-locale.o)
 .rodata._vfprintf_r.str1.1
                0x000000000800cc0a       0x11 c:/st/stm32cubeide_1.5.0/stm32cubeide/plugins/com.st.stm32cube.ide.mcu.externaltools.gnu-tools-for-stm32.9-2020-q2-update.win32_1.5.0.202011040924/tools/bin/../lib/gcc/arm-none-eabi/9.3.1/../../../../arm-none-eabi/lib/thumb/v7e-m+fp/hard\libc_nano.a(lib_a-nano-vfprintf.o)
 .rodata._ctype_
                0x000000000800cc1b      0x101 c:/st/stm32cubeide_1.5.0/stm32cubeide/plugins/com.st.stm32cube.ide.mcu.externaltools.gnu-tools-for-stm32.9-2020-q2-update.win32_1.5.0.202011040924/tools/bin/../lib/gcc/arm-none-eabi/9.3.1/../../../../arm-none-eabi/lib/thumb/v7e-m+fp/hard\libc_nano.a(lib_a-ctype_.o)
                0x000000000800cc1b                _ctype_
                0x000000000800cd1c                . = ALIGN (0x4)

.rel.dyn        0x000000000800cd1c        0x0
 .rel.iplt      0x000000000800cd1c        0x0 c:/st/stm32cubeide_1.5.0/stm32cubeide/plugins/com.st.stm32cube.ide.mcu.externaltools.gnu-tools-for-stm32.9-2020-q2-update.win32_1.5.0.202011040924/tools/bin/../lib/gcc/arm-none-eabi/9.3.1/thumb/v7e-m+fp/hard/crtbegin.o

.ARM.extab      0x000000000800cd1c        0x0
                0x000000000800cd1c                . = ALIGN (0x4)
 *(.ARM.extab* .gnu.linkonce.armextab.*)
                0x000000000800cd1c                . = ALIGN (0x4)

.ARM            0x000000000800cd1c        0x0
                0x000000000800cd1c                . = ALIGN (0x4)
                0x000000000800cd1c                __exidx_start = .
 *(.ARM.exidx*)
                0x000000000800cd1c                __exidx_end = .
                0x000000000800cd1c                . = ALIGN (0x4)

.preinit_array  0x000000000800cd1c        0x0
                0x000000000800cd1c                . = ALIGN (0x4)
                0x000000000800cd1c                PROVIDE (__preinit_array_start = .)
 *(.preinit_array*)
                0x000000000800cd1c                PROVIDE (__preinit_array_end = .)
                0x000000000800cd1c                . = ALIGN (0x4)

.init_array     0x000000000800cd1c        0x4
                0x000000000800cd1c                . = ALIGN (0x4)
                0x000000000800cd1c                PROVIDE (__init_array_start = .)
 *(SORT_BY_NAME(.init_array.*))
 *(.init_array*)
 .init_array    0x000000000800cd1c        0x4 c:/st/stm32cubeide_1.5.0/stm32cubeide/plugins/com.st.stm32cube.ide.mcu.externaltools.gnu-tools-for-stm32.9-2020-q2-update.win32_1.5.0.202011040924/tools/bin/../lib/gcc/arm-none-eabi/9.3.1/thumb/v7e-m+fp/hard/crtbegin.o
                0x000000000800cd20                PROVIDE (__init_array_end = .)
                0x000000000800cd20                . = ALIGN (0x4)

.fini_array     0x000000000800cd20        0x4
                0x000000000800cd20                . = ALIGN (0x4)
                [!provide]                        PROVIDE (__fini_array_start = .)
 *(SORT_BY_NAME(.fini_array.*))
 *(.fini_array*)
 .fini_array    0x000000000800cd20        0x4 c:/st/stm32cubeide_1.5.0/stm32cubeide/plugins/com.st.stm32cube.ide.mcu.externaltools.gnu-tools-for-stm32.9-2020-q2-update.win32_1.5.0.202011040924/tools/bin/../lib/gcc/arm-none-eabi/9.3.1/thumb/v7e-m+fp/hard/crtbegin.o
                [!provide]                        PROVIDE (__fini_array_end = .)
                0x000000000800cd24                . = ALIGN (0x4)
                0x000000000800cd24                _sidata = LOADADDR (.data)

.data           0x0000000020000000      0x498 load address 0x000000000800cd24
                0x0000000020000000                . = ALIGN (0x4)
                0x0000000020000000                _sdata = .
 *(.data)
 *(.data*)
 .data.SystemCoreClock
                0x0000000020000000        0x4 Core/Src/system_stm32f3xx.o
                0x0000000020000000                SystemCoreClock
 .data.uwTickPrio
                0x0000000020000004        0x4 Drivers/STM32F3xx_HAL_Driver/Src/stm32f3xx_hal.o
                0x0000000020000004                uwTickPrio
 .data.uwTickFreq
                0x0000000020000008        0x1 Drivers/STM32F3xx_HAL_Driver/Src/stm32f3xx_hal.o
                0x0000000020000008                uwTickFreq
 *fill*         0x0000000020000009        0x3 
 .data.DefaultTuningSettings
                0x000000002000000c       0xf3 Drivers/VL53L0X_API/core/src/vl53l0x_api.o
                0x000000002000000c                DefaultTuningSettings
 *fill*         0x00000000200000ff        0x1 
 .data.InterruptThresholdSettings
                0x0000000020000100      0x1b6 Drivers/VL53L0X_API/core/src/vl53l0x_api.o
                0x0000000020000100                InterruptThresholdSettings
 *fill*         0x00000000200002b6        0x2 
 .data.refArrayQuadrants
                0x00000000200002b8       0x10 Drivers/VL53L0X_API/core/src/vl53l0x_api_calibration.o
                0x00000000200002b8                refArrayQuadrants
 .data._impure_ptr
                0x00000000200002c8        0x4 c:/st/stm32cubeide_1.5.0/stm32cubeide/plugins/com.st.stm32cube.ide.mcu.externaltools.gnu-tools-for-stm32.9-2020-q2-update.win32_1.5.0.202011040924/tools/bin/../lib/gcc/arm-none-eabi/9.3.1/../../../../arm-none-eabi/lib/thumb/v7e-m+fp/hard\libc_nano.a(lib_a-impure.o)
                0x00000000200002c8                _impure_ptr
 .data.impure_data